2026-09-05 14:54:23,605 : INFO : root : Loading config.
2026-09-05 14:54:23,667 : INFO : ConfigProcessor : Config spec file cache created: C:\Users\tl\AppData\Local\Temp\config_spec.mpf_cache
2026-09-05 14:54:23,667 : INFO : YamlMultifileConfigLoader : Machine config file #1: config.yaml
2026-09-05 14:54:23,667 : INFO : ConfigProcessor : Loading config from file C:\mpf\Lib\site-packages\mpf\mpfconfig.yaml.
2026-09-05 14:54:23,683 : INFO : ConfigProcessor : Loading config: C:\mpf\Lib\site-packages\mpf\mpfconfig.yaml
2026-09-05 14:54:23,683 : INFO : ConfigProcessor : Loading config from file C:\Users\tl\Documents\tl-pinball\config\config.yaml.
2026-09-05 14:54:23,698 : INFO : ConfigProcessor : Loading config: C:\Users\tl\Documents\tl-pinball\config\config.yaml
2026-09-05 14:54:23,698 : INFO : ConfigProcessor : Loading config: C:\Users\tl\Documents\tl-pinball\config\awareness_player_vars.yaml
2026-09-05 14:54:23,714 : INFO : ConfigProcessor : Loading config: C:\Users\tl\Documents\tl-pinball\config\config_hardware.yaml
2026-09-05 14:54:23,714 : INFO : ConfigProcessor : Loading config: C:\Users\tl\Documents\tl-pinball\config\config_ball_devices.yaml
2026-09-05 14:54:23,730 : INFO : ConfigProcessor : Loading config: C:\Users\tl\Documents\tl-pinball\config\config_sounds.yaml
2026-09-05 14:54:23,730 : ERROR : ConfigProcessor : Config section 'sounds' is removed in MPF 0.80 and will be ignored.
2026-09-05 14:54:23,776 : INFO : ConfigProcessor : Loading config: C:\Users\tl\Documents\tl-pinball\config\device_config_lights_led.yaml
2026-09-05 14:54:23,792 : INFO : ConfigProcessor : Loading config: C:\Users\tl\Documents\tl-pinball\config\device_config_game.yaml
2026-09-05 14:54:23,808 : INFO : ConfigProcessor : Loading config: C:\Users\tl\Documents\tl-pinball\config\device_config_iomap.yaml
2026-09-05 14:54:23,823 : INFO : ConfigProcessor : Loading config: C:\Users\tl\Documents\tl-pinball\config\device_config_iomap_coils.yaml
2026-09-05 14:54:23,839 : INFO : ConfigProcessor : Loading config: C:\Users\tl\Documents\tl-pinball\config\config_testing.yaml
2026-09-05 14:54:23,839 : INFO : ConfigProcessor : Loading config: C:\Users\tl\Documents\tl-pinball\config\config_ball_save.yaml
2026-09-05 14:54:23,855 : INFO : ConfigProcessor : Loading config: C:\Users\tl\Documents\tl-pinball\config\seq_shots.yaml
2026-09-05 14:54:23,870 : INFO : ConfigProcessor : Config file cache created: C:\Users\tl\AppData\Local\Temp\86f932e179f318f5dae29f066573dee9.mpf_cache
2026-09-05 14:54:23,980 : INFO : ConfigProcessor : Loading config from file C:\mpf\Lib\site-packages\mpf\modes\attract\config\attract.yaml.
2026-09-05 14:54:23,980 : INFO : ConfigProcessor : Loading config: C:\mpf\Lib\site-packages\mpf\modes\attract\config\attract.yaml
2026-09-05 14:54:23,980 : INFO : ConfigProcessor : Loading config from file C:\Users\tl\Documents\tl-pinball\modes\attract\config\attract.yaml.
2026-09-05 14:54:23,995 : INFO : ConfigProcessor : Loading config: C:\Users\tl\Documents\tl-pinball\modes\attract\config\attract.yaml
2026-09-05 14:54:23,995 : ERROR : ConfigProcessor : Config section 'sounds' is removed in MPF 0.80 and will be ignored.
2026-09-05 14:54:23,995 : INFO : ConfigProcessor : Config file cache created: C:\Users\tl\AppData\Local\Temp\5e7e3dd8e04e0aa46ea76018297218da.mpf_cache
2026-09-05 14:54:23,995 : INFO : ConfigProcessor : Loading config from file C:\mpf\Lib\site-packages\mpf\modes\game\config\game.yaml.
2026-09-05 14:54:24,011 : INFO : ConfigProcessor : Loading config: C:\mpf\Lib\site-packages\mpf\modes\game\config\game.yaml
2026-09-05 14:54:24,011 : INFO : ConfigProcessor : Config file cache created: C:\Users\tl\AppData\Local\Temp\af6ad0dab2f43bd9cbdac83e0b2786ac.mpf_cache
2026-09-05 14:54:24,011 : INFO : ConfigProcessor : Loading config from cache: C:\Users\tl\AppData\Local\Temp\5e7e3dd8e04e0aa46ea76018297218da.mpf_cache
2026-09-05 14:54:24,026 : INFO : ConfigProcessor : Loading config from file C:\Users\tl\Documents\tl-pinball\modes\attract_scores\config\attract_scores.yaml.
2026-09-05 14:54:24,026 : INFO : ConfigProcessor : Loading config: C:\Users\tl\Documents\tl-pinball\modes\attract_scores\config\attract_scores.yaml
2026-09-05 14:54:24,026 : INFO : ConfigProcessor : Config file cache created: C:\Users\tl\AppData\Local\Temp\078e3f4c59f1cd1bf0ff8685cc9e7ff5.mpf_cache
2026-09-05 14:54:24,026 : INFO : ConfigProcessor : Loading config from file C:\Users\tl\Documents\tl-pinball\modes\attract_credits\config\attract_credits.yaml.
2026-09-05 14:54:24,042 : INFO : ConfigProcessor : Loading config: C:\Users\tl\Documents\tl-pinball\modes\attract_credits\config\attract_credits.yaml
2026-09-05 14:54:24,042 : INFO : ConfigProcessor : Config file cache created: C:\Users\tl\AppData\Local\Temp\279434e09bc5e8b073f441f36778b3c5.mpf_cache
2026-09-05 14:54:24,042 : INFO : ConfigProcessor : Loading config from file C:\Users\tl\Documents\tl-pinball\modes\awareness\config\awareness.yaml.
2026-09-05 14:54:24,058 : INFO : ConfigProcessor : Loading config: C:\Users\tl\Documents\tl-pinball\modes\awareness\config\awareness.yaml
2026-09-05 14:54:24,058 : INFO : ConfigProcessor : Config file cache created: C:\Users\tl\AppData\Local\Temp\0f8a6fed03551fa5e1f599b5c511b7ce.mpf_cache
2026-09-05 14:54:24,058 : INFO : ConfigProcessor : Loading config from file C:\Users\tl\Documents\tl-pinball\modes\base\config\base.yaml.
2026-09-05 14:54:24,073 : INFO : ConfigProcessor : Loading config: C:\Users\tl\Documents\tl-pinball\modes\base\config\base.yaml
2026-09-05 14:54:24,073 : INFO : ConfigProcessor : Loading config: C:\Users\tl\Documents\tl-pinball\modes\base\config\base_points.yaml
2026-09-05 14:54:24,089 : INFO : ConfigProcessor : Loading config: C:\Users\tl\Documents\tl-pinball\modes\base\config\varitarget.yaml
2026-09-05 14:54:24,105 : INFO : ConfigProcessor : Loading config: C:\Users\tl\Documents\tl-pinball\modes\base\config\shots.yaml
2026-09-05 14:54:24,105 : INFO : ConfigProcessor : Config file cache created: C:\Users\tl\AppData\Local\Temp\f7ef3217062c4a128670875e2cb05ce9.mpf_cache
2026-09-05 14:54:24,105 : INFO : ConfigProcessor : Loading config from file C:\Users\tl\Documents\tl-pinball\modes\brain_rot\config\brain_rot.yaml.
2026-09-05 14:54:24,120 : INFO : ConfigProcessor : Loading config: C:\Users\tl\Documents\tl-pinball\modes\brain_rot\config\brain_rot.yaml
2026-09-05 14:54:24,120 : INFO : ConfigProcessor : Config file cache created: C:\Users\tl\AppData\Local\Temp\3e0da43cdf74c6e3f9d34deafe6b0c00.mpf_cache
2026-09-05 14:54:24,120 : INFO : ConfigProcessor : Loading config from file C:\Users\tl\Documents\tl-pinball\modes\glasses_mode\config\glasses_mode.yaml.
2026-09-05 14:54:24,136 : INFO : ConfigProcessor : Loading config: C:\Users\tl\Documents\tl-pinball\modes\glasses_mode\config\glasses_mode.yaml
2026-09-05 14:54:24,136 : INFO : ConfigProcessor : Config file cache created: C:\Users\tl\AppData\Local\Temp\3f4b5828320b2882d8f6d86277da0e3c.mpf_cache
2026-09-05 14:54:24,136 : INFO : ConfigProcessor : Loading config from file C:\Users\tl\Documents\tl-pinball\modes\resistance\config\resistance.yaml.
2026-09-05 14:54:24,151 : INFO : ConfigProcessor : Loading config: C:\Users\tl\Documents\tl-pinball\modes\resistance\config\resistance.yaml
2026-09-05 14:54:24,151 : INFO : ConfigProcessor : Config file cache created: C:\Users\tl\AppData\Local\Temp\e0885cd80287b6cf2bdb3b3b7e551419.mpf_cache
2026-09-05 14:54:24,151 : INFO : ConfigProcessor : Loading config from file C:\Users\tl\Documents\tl-pinball\modes\manual_ball_search\config\manual_ball_search.yaml.
2026-09-05 14:54:24,167 : INFO : ConfigProcessor : Loading config: C:\Users\tl\Documents\tl-pinball\modes\manual_ball_search\config\manual_ball_search.yaml
2026-09-05 14:54:24,167 : INFO : ConfigProcessor : Config file cache created: C:\Users\tl\AppData\Local\Temp\21a3b6af72788c31c1bb21496f7d3280.mpf_cache
2026-09-05 14:54:24,167 : INFO : ConfigProcessor : Loading config from file C:\Users\tl\Documents\tl-pinball\modes\shotgun\config\shotgun.yaml.
2026-09-05 14:54:24,198 : INFO : ConfigProcessor : Loading config: C:\Users\tl\Documents\tl-pinball\modes\shotgun\config\shotgun.yaml
2026-09-05 14:54:24,198 : INFO : ConfigProcessor : Config file cache created: C:\Users\tl\AppData\Local\Temp\5ad868424699ac3c9402d8d89c5742fa.mpf_cache
2026-09-05 14:54:24,198 : INFO : ConfigProcessor : Loading config from file C:\Users\tl\Documents\tl-pinball\modes\spinner_2x_qualify\config\spinner_2x_qualify.yaml.
2026-09-05 14:54:24,214 : INFO : ConfigProcessor : Loading config: C:\Users\tl\Documents\tl-pinball\modes\spinner_2x_qualify\config\spinner_2x_qualify.yaml
2026-09-05 14:54:24,214 : INFO : ConfigProcessor : Config file cache created: C:\Users\tl\AppData\Local\Temp\b41aec6702196d0bd650320fa331266f.mpf_cache
2026-09-05 14:54:24,214 : INFO : ConfigProcessor : Loading config from file C:\Users\tl\Documents\tl-pinball\modes\spinner_2x\config\spinner_2x.yaml.
2026-09-05 14:54:24,230 : INFO : ConfigProcessor : Loading config: C:\Users\tl\Documents\tl-pinball\modes\spinner_2x\config\spinner_2x.yaml
2026-09-05 14:54:24,230 : INFO : ConfigProcessor : Loading config: C:\Users\tl\Documents\tl-pinball\modes\spinner_2x\config\spinner_2x_points.yaml
2026-09-05 14:54:24,230 : INFO : ConfigProcessor : Config file cache created: C:\Users\tl\AppData\Local\Temp\a951eeea2c167365e5a009cce33f51d8.mpf_cache
2026-09-05 14:54:24,230 : INFO : ConfigProcessor : Loading config from file C:\Users\tl\Documents\tl-pinball\modes\super_pops\config\super_pops.yaml.
2026-09-05 14:54:24,245 : INFO : ConfigProcessor : Loading config: C:\Users\tl\Documents\tl-pinball\modes\super_pops\config\super_pops.yaml
2026-09-05 14:54:24,245 : INFO : ConfigProcessor : Loading config: C:\Users\tl\Documents\tl-pinball\modes\super_pops\config\super_pops_points.yaml
2026-09-05 14:54:24,245 : INFO : ConfigProcessor : Config file cache created: C:\Users\tl\AppData\Local\Temp\f020dca9eec5e09763b9289397e6c32f.mpf_cache
2026-09-05 14:54:24,261 : INFO : ConfigProcessor : Loading config from file C:\Users\tl\Documents\tl-pinball\modes\skillshot\config\skillshot.yaml.
2026-09-05 14:54:24,261 : INFO : ConfigProcessor : Loading config: C:\Users\tl\Documents\tl-pinball\modes\skillshot\config\skillshot.yaml
2026-09-05 14:54:24,276 : INFO : ConfigProcessor : Loading config: C:\Users\tl\Documents\tl-pinball\modes\skillshot\config\skillshot_logic.yaml
2026-09-05 14:54:24,276 : INFO : ConfigProcessor : Loading config: C:\Users\tl\Documents\tl-pinball\modes\skillshot\config\skillshot_phase1_switches.yaml
2026-09-05 14:54:24,292 : INFO : ConfigProcessor : Loading config: C:\Users\tl\Documents\tl-pinball\modes\skillshot\config\skillshot_phase3_switches.yaml
2026-09-05 14:54:24,292 : INFO : ConfigProcessor : Config file cache created: C:\Users\tl\AppData\Local\Temp\edce5a74ebf86ee6330810859c361ede.mpf_cache
2026-09-05 14:54:24,292 : INFO : ConfigProcessor : Loading config from file C:\Users\tl\Documents\tl-pinball\modes\stars_mode\config\stars_mode.yaml.
2026-09-05 14:54:24,308 : INFO : ConfigProcessor : Loading config: C:\Users\tl\Documents\tl-pinball\modes\stars_mode\config\stars_mode.yaml
2026-09-05 14:54:24,308 : INFO : ConfigProcessor : Loading config: C:\Users\tl\Documents\tl-pinball\modes\stars_mode\config\stars_mode_points.yaml
2026-09-05 14:54:24,308 : INFO : ConfigProcessor : Config file cache created: C:\Users\tl\AppData\Local\Temp\7c825e76f3d981841c3099d018a06a8f.mpf_cache
2026-09-05 14:54:24,308 : INFO : ConfigProcessor : Loading config from file C:\Users\tl\Documents\tl-pinball\modes\brian_combo\config\brian_combo.yaml.
2026-09-05 14:54:24,323 : INFO : ConfigProcessor : Loading config: C:\Users\tl\Documents\tl-pinball\modes\brian_combo\config\brian_combo.yaml
2026-09-05 14:54:24,323 : INFO : ConfigProcessor : Config file cache created: C:\Users\tl\AppData\Local\Temp\4c1252d1f04cb61ecc91110937cfd225.mpf_cache
2026-09-05 14:54:24,323 : INFO : ConfigProcessor : Loading config from file C:\Users\tl\Documents\tl-pinball\modes\autoplunge\config\autoplunge.yaml.
2026-09-05 14:54:24,339 : INFO : ConfigProcessor : Loading config: C:\Users\tl\Documents\tl-pinball\modes\autoplunge\config\autoplunge.yaml
2026-09-05 14:54:24,339 : INFO : ConfigProcessor : Config file cache created: C:\Users\tl\AppData\Local\Temp\8d6d681afe5a7b6e9186321cd98f18ca.mpf_cache
2026-09-05 14:54:24,339 : INFO : ConfigProcessor : Loading config from file C:\Users\tl\Documents\tl-pinball\shows\.\decoder_test_1.yaml.
2026-09-05 14:54:24,354 : INFO : ConfigProcessor : Loading config: C:\Users\tl\Documents\tl-pinball\shows\.\decoder_test_1.yaml
2026-09-05 14:54:24,354 : INFO : ConfigProcessor : Config file cache created: C:\Users\tl\AppData\Local\Temp\6ca6a8b9cb340c3b8d36233eeb0719a5.mpf_cache
2026-09-05 14:54:24,354 : INFO : ConfigProcessor : Loading config from file C:\Users\tl\Documents\tl-pinball\shows\.\decoder_test_2.yaml.
2026-09-05 14:54:24,370 : INFO : ConfigProcessor : Loading config: C:\Users\tl\Documents\tl-pinball\shows\.\decoder_test_2.yaml
2026-09-05 14:54:24,370 : INFO : ConfigProcessor : Config file cache created: C:\Users\tl\AppData\Local\Temp\d7f9969d1a13fb8a4ff98949110a3363.mpf_cache
2026-09-05 14:54:24,370 : INFO : ConfigProcessor : Loading config from file C:\Users\tl\Documents\tl-pinball\shows\.\decoder_test_3.yaml.
2026-09-05 14:54:24,370 : INFO : ConfigProcessor : Loading config: C:\Users\tl\Documents\tl-pinball\shows\.\decoder_test_3.yaml
2026-09-05 14:54:24,386 : INFO : ConfigProcessor : Config file cache created: C:\Users\tl\AppData\Local\Temp\ea483b3190585f1b6f58e5d4b3be4053.mpf_cache
2026-09-05 14:54:24,386 : INFO : ConfigProcessor : Loading config from file C:\Users\tl\Documents\tl-pinball\shows\.\decoder_test_4.yaml.
2026-09-05 14:54:24,386 : INFO : ConfigProcessor : Loading config: C:\Users\tl\Documents\tl-pinball\shows\.\decoder_test_4.yaml
2026-09-05 14:54:24,386 : INFO : ConfigProcessor : Config file cache created: C:\Users\tl\AppData\Local\Temp\29a24a1f58555604e17f1620fab88485.mpf_cache
2026-09-05 14:54:24,386 : INFO : ConfigProcessor : Loading config from file C:\Users\tl\Documents\tl-pinball\shows\.\decoder_test_5.yaml.
2026-09-05 14:54:24,401 : INFO : ConfigProcessor : Loading config: C:\Users\tl\Documents\tl-pinball\shows\.\decoder_test_5.yaml
2026-09-05 14:54:24,401 : INFO : ConfigProcessor : Config file cache created: C:\Users\tl\AppData\Local\Temp\9e4f4ac993fe3c13c573513cb70c74c1.mpf_cache
2026-09-05 14:54:24,401 : INFO : ConfigProcessor : Loading config from file C:\Users\tl\Documents\tl-pinball\shows\.\led_flash_rgb_chain_test.yaml.
2026-09-05 14:54:24,511 : INFO : ConfigProcessor : Loading config: C:\Users\tl\Documents\tl-pinball\shows\.\led_flash_rgb_chain_test.yaml
2026-09-05 14:54:24,511 : INFO : ConfigProcessor : Config file cache created: C:\Users\tl\AppData\Local\Temp\271b31ea91f7fc416a689202738fcb25.mpf_cache
2026-09-05 14:54:24,511 : INFO : ConfigProcessor : Loading config from file C:\Users\tl\Documents\tl-pinball\shows\.\led_rainbow_chase_test.yaml.
2026-09-05 14:54:24,542 : INFO : ConfigProcessor : Loading config: C:\Users\tl\Documents\tl-pinball\shows\.\led_rainbow_chase_test.yaml
2026-09-05 14:54:24,542 : INFO : ConfigProcessor : Config file cache created: C:\Users\tl\AppData\Local\Temp\d5113bae71fe9b2600b29bf116525aac.mpf_cache
2026-09-05 14:54:24,542 : INFO : ConfigProcessor : Loading config from file C:\Users\tl\Documents\tl-pinball\shows\.\rainbow_pops_1.yaml.
2026-09-05 14:54:24,589 : INFO : ConfigProcessor : Loading config: C:\Users\tl\Documents\tl-pinball\shows\.\rainbow_pops_1.yaml
2026-09-05 14:54:24,589 : INFO : ConfigProcessor : Config file cache created: C:\Users\tl\AppData\Local\Temp\ae5d383473e063efe671bf30ab478239.mpf_cache
2026-09-05 14:54:24,589 : INFO : ConfigProcessor : Loading config from file C:\Users\tl\Documents\tl-pinball\shows\.\red_cross_1.yaml.
2026-09-05 14:54:24,651 : INFO : ConfigProcessor : Loading config: C:\Users\tl\Documents\tl-pinball\shows\.\red_cross_1.yaml
2026-09-05 14:54:24,651 : INFO : ConfigProcessor : Config file cache created: C:\Users\tl\AppData\Local\Temp\46870b44a1c011c86a746a823adf6b5a.mpf_cache
2026-09-05 14:54:24,651 : INFO : ConfigProcessor : Loading config from file C:\Users\tl\Documents\tl-pinball\shows\.\show_attract_1.yaml.
2026-09-05 14:54:24,995 : INFO : ConfigProcessor : Loading config: C:\Users\tl\Documents\tl-pinball\shows\.\show_attract_1.yaml
2026-09-05 14:54:24,995 : INFO : ConfigProcessor : Config file cache created: C:\Users\tl\AppData\Local\Temp\0cf169c51710e2e034dc49f1aab9dfdd.mpf_cache
2026-09-05 14:54:24,995 : INFO : ConfigProcessor : Loading config from file C:\Users\tl\Documents\tl-pinball\shows\.\show_backglass_alien_police_head.yaml.
2026-09-05 14:54:25,026 : INFO : ConfigProcessor : Loading config: C:\Users\tl\Documents\tl-pinball\shows\.\show_backglass_alien_police_head.yaml
2026-09-05 14:54:25,026 : INFO : ConfigProcessor : Config file cache created: C:\Users\tl\AppData\Local\Temp\7f1f48089af53c0812f6ef7352fae9fc.mpf_cache
2026-09-05 14:54:25,026 : INFO : ConfigProcessor : Loading config from file C:\Users\tl\Documents\tl-pinball\shows\.\show_backglass_all_white.yaml.
2026-09-05 14:54:25,026 : INFO : ConfigProcessor : Loading config: C:\Users\tl\Documents\tl-pinball\shows\.\show_backglass_all_white.yaml
2026-09-05 14:54:25,042 : INFO : ConfigProcessor : Config file cache created: C:\Users\tl\AppData\Local\Temp\2cc33be7b212147eeee1bdfcda64fa9a.mpf_cache
2026-09-05 14:54:25,042 : INFO : ConfigProcessor : Loading config from file C:\Users\tl\Documents\tl-pinball\shows\.\show_backglass_consume_newspaper.yaml.
2026-09-05 14:54:25,042 : INFO : ConfigProcessor : Loading config: C:\Users\tl\Documents\tl-pinball\shows\.\show_backglass_consume_newspaper.yaml
2026-09-05 14:54:25,042 : INFO : ConfigProcessor : Config file cache created: C:\Users\tl\AppData\Local\Temp\a16abf331f3e7de6af87e663850f3d9e.mpf_cache
2026-09-05 14:54:25,042 : INFO : ConfigProcessor : Loading config from file C:\Users\tl\Documents\tl-pinball\shows\.\show_backglass_dual_machine_guns.yaml.
2026-09-05 14:54:25,058 : INFO : ConfigProcessor : Loading config: C:\Users\tl\Documents\tl-pinball\shows\.\show_backglass_dual_machine_guns.yaml
2026-09-05 14:54:25,058 : INFO : ConfigProcessor : Config file cache created: C:\Users\tl\AppData\Local\Temp\38e2b0a0c5cbde9df196d324be754e6f.mpf_cache
2026-09-05 14:54:25,058 : INFO : ConfigProcessor : Loading config from file C:\Users\tl\Documents\tl-pinball\shows\.\show_backglass_helicopter_rotor.yaml.
2026-09-05 14:54:25,073 : INFO : ConfigProcessor : Loading config: C:\Users\tl\Documents\tl-pinball\shows\.\show_backglass_helicopter_rotor.yaml
2026-09-05 14:54:25,073 : INFO : ConfigProcessor : Config file cache created: C:\Users\tl\AppData\Local\Temp\e80dee9eca7c5982ccbcb422c91db859.mpf_cache
2026-09-05 14:54:25,073 : INFO : ConfigProcessor : Loading config from file C:\Users\tl\Documents\tl-pinball\shows\.\show_backglass_large_alien_head.yaml.
2026-09-05 14:54:25,089 : INFO : ConfigProcessor : Loading config: C:\Users\tl\Documents\tl-pinball\shows\.\show_backglass_large_alien_head.yaml
2026-09-05 14:54:25,089 : INFO : ConfigProcessor : Config file cache created: C:\Users\tl\AppData\Local\Temp\0109be63d67329a8885529bd2a71548c.mpf_cache
2026-09-05 14:54:25,089 : INFO : ConfigProcessor : Loading config from file C:\Users\tl\Documents\tl-pinball\shows\.\show_backglass_left_helicopter_searchlight.yaml.
2026-09-05 14:54:25,104 : INFO : ConfigProcessor : Loading config: C:\Users\tl\Documents\tl-pinball\shows\.\show_backglass_left_helicopter_searchlight.yaml
2026-09-05 14:54:25,104 : INFO : ConfigProcessor : Config file cache created: C:\Users\tl\AppData\Local\Temp\61bab561dcce3f0c07355166d6e0f761.mpf_cache
2026-09-05 14:54:25,104 : INFO : ConfigProcessor : Loading config from file C:\Users\tl\Documents\tl-pinball\shows\.\show_backglass_main_alien_head.yaml.
2026-09-05 14:54:25,104 : INFO : ConfigProcessor : Loading config: C:\Users\tl\Documents\tl-pinball\shows\.\show_backglass_main_alien_head.yaml
2026-09-05 14:54:25,104 : INFO : ConfigProcessor : Config file cache created: C:\Users\tl\AppData\Local\Temp\25d2f8081a4f10d84b73dba07eba574c.mpf_cache
2026-09-05 14:54:25,104 : INFO : ConfigProcessor : Loading config from file C:\Users\tl\Documents\tl-pinball\shows\.\show_backglass_portal.yaml.
2026-09-05 14:54:25,120 : INFO : ConfigProcessor : Loading config: C:\Users\tl\Documents\tl-pinball\shows\.\show_backglass_portal.yaml
2026-09-05 14:54:25,120 : INFO : ConfigProcessor : Config file cache created: C:\Users\tl\AppData\Local\Temp\5dff49294fdc1400ecd20df1617a2b2f.mpf_cache
2026-09-05 14:54:25,120 : INFO : ConfigProcessor : Loading config from file C:\Users\tl\Documents\tl-pinball\shows\.\show_backglass_portal_old.yaml.
2026-09-05 14:54:25,136 : INFO : ConfigProcessor : Loading config: C:\Users\tl\Documents\tl-pinball\shows\.\show_backglass_portal_old.yaml
2026-09-05 14:54:25,136 : INFO : ConfigProcessor : Config file cache created: C:\Users\tl\AppData\Local\Temp\eb82598b1fb2ee02b221679b664276f0.mpf_cache
2026-09-05 14:54:25,136 : INFO : ConfigProcessor : Loading config from file C:\Users\tl\Documents\tl-pinball\shows\.\show_backglass_portal_old1.yaml.
2026-09-05 14:54:25,167 : INFO : ConfigProcessor : Loading config: C:\Users\tl\Documents\tl-pinball\shows\.\show_backglass_portal_old1.yaml
2026-09-05 14:54:25,167 : INFO : ConfigProcessor : Config file cache created: C:\Users\tl\AppData\Local\Temp\ee5817e1bc6c76799d194e89aa39905b.mpf_cache
2026-09-05 14:54:25,167 : INFO : ConfigProcessor : Loading config from file C:\Users\tl\Documents\tl-pinball\shows\.\show_backglass_small_helicopter_searchlight.yaml.
2026-09-05 14:54:25,183 : INFO : ConfigProcessor : Loading config: C:\Users\tl\Documents\tl-pinball\shows\.\show_backglass_small_helicopter_searchlight.yaml
2026-09-05 14:54:25,183 : INFO : ConfigProcessor : Config file cache created: C:\Users\tl\AppData\Local\Temp\b4fb504f89ca2ed519ed0a0e98e46a04.mpf_cache
2026-09-05 14:54:25,183 : INFO : ConfigProcessor : Loading config from file C:\Users\tl\Documents\tl-pinball\shows\.\show_backglass_subliminal_signs.yaml.
2026-09-05 14:54:25,198 : INFO : ConfigProcessor : Loading config: C:\Users\tl\Documents\tl-pinball\shows\.\show_backglass_subliminal_signs.yaml
2026-09-05 14:54:25,198 : INFO : ConfigProcessor : Config file cache created: C:\Users\tl\AppData\Local\Temp\a6a2066a35a93afd7c5e023580b97319.mpf_cache
2026-09-05 14:54:25,198 : INFO : ConfigProcessor : Loading config from file C:\Users\tl\Documents\tl-pinball\shows\.\show_backglass_they_live_broken_buzz.yaml.
2026-09-05 14:54:25,214 : INFO : ConfigProcessor : Loading config: C:\Users\tl\Documents\tl-pinball\shows\.\show_backglass_they_live_broken_buzz.yaml
2026-09-05 14:54:25,214 : INFO : ConfigProcessor : Config file cache created: C:\Users\tl\AppData\Local\Temp\b8c836a76b8f12a6f53828e327bc835b.mpf_cache
2026-09-05 14:54:25,214 : INFO : ConfigProcessor : Loading config from file C:\Users\tl\Documents\tl-pinball\shows\.\show_backglass_they_live_title.yaml.
2026-09-05 14:54:25,229 : INFO : ConfigProcessor : Loading config: C:\Users\tl\Documents\tl-pinball\shows\.\show_backglass_they_live_title.yaml
2026-09-05 14:54:25,229 : INFO : ConfigProcessor : Config file cache created: C:\Users\tl\AppData\Local\Temp\a42c9a1e5925ead55e30ef9c3174b8d6.mpf_cache
2026-09-05 14:54:25,229 : INFO : ConfigProcessor : Loading config from file C:\Users\tl\Documents\tl-pinball\shows\.\show_backglass_watch_transporter_open.yaml.
2026-09-05 14:54:25,245 : INFO : ConfigProcessor : Loading config: C:\Users\tl\Documents\tl-pinball\shows\.\show_backglass_watch_transporter_open.yaml
2026-09-05 14:54:25,245 : INFO : ConfigProcessor : Config file cache created: C:\Users\tl\AppData\Local\Temp\232eb4bb290f7b6232b4d79d1c841dd5.mpf_cache
2026-09-05 14:54:25,245 : INFO : ConfigProcessor : Loading config from file C:\Users\tl\Documents\tl-pinball\shows\.\show_ball_save_insert_purple_white_fast.yaml.
2026-09-05 14:54:25,245 : INFO : ConfigProcessor : Loading config: C:\Users\tl\Documents\tl-pinball\shows\.\show_ball_save_insert_purple_white_fast.yaml
2026-09-05 14:54:25,245 : INFO : ConfigProcessor : Config file cache created: C:\Users\tl\AppData\Local\Temp\a2de7c1b2b3faf18b0affdedaa38907f.mpf_cache
2026-09-05 14:54:25,245 : INFO : ConfigProcessor : Loading config from file C:\Users\tl\Documents\tl-pinball\shows\.\show_ball_save_insert_purple_white_slow.yaml.
2026-09-05 14:54:25,261 : INFO : ConfigProcessor : Loading config: C:\Users\tl\Documents\tl-pinball\shows\.\show_ball_save_insert_purple_white_slow.yaml
2026-09-05 14:54:25,261 : INFO : ConfigProcessor : Config file cache created: C:\Users\tl\AppData\Local\Temp\e26965993a19a15abbd54118f3bb1f6b.mpf_cache
2026-09-05 14:54:25,261 : INFO : ConfigProcessor : Loading config from file C:\Users\tl\Documents\tl-pinball\shows\.\show_bluedrops_1.yaml.
2026-09-05 14:54:25,276 : INFO : ConfigProcessor : Loading config: C:\Users\tl\Documents\tl-pinball\shows\.\show_bluedrops_1.yaml
2026-09-05 14:54:25,276 : INFO : ConfigProcessor : Config file cache created: C:\Users\tl\AppData\Local\Temp\1a8067b3018dc540f40ee09fbd30147e.mpf_cache
2026-09-05 14:54:25,276 : INFO : ConfigProcessor : Loading config from file C:\Users\tl\Documents\tl-pinball\shows\.\show_brain_1.yaml.
2026-09-05 14:54:25,308 : INFO : ConfigProcessor : Loading config: C:\Users\tl\Documents\tl-pinball\shows\.\show_brain_1.yaml
2026-09-05 14:54:25,308 : INFO : ConfigProcessor : Config file cache created: C:\Users\tl\AppData\Local\Temp\34d2c1cbec8fdaa1db7761a61cc7c1b6.mpf_cache
2026-09-05 14:54:25,308 : INFO : ConfigProcessor : Loading config from file C:\Users\tl\Documents\tl-pinball\shows\.\show_cab_hysteria_floods.yaml.
2026-09-05 14:54:25,604 : INFO : ConfigProcessor : Loading config: C:\Users\tl\Documents\tl-pinball\shows\.\show_cab_hysteria_floods.yaml
2026-09-05 14:54:25,620 : INFO : ConfigProcessor : Config file cache created: C:\Users\tl\AppData\Local\Temp\4065fa59aedcbd523b942a40672a4db1.mpf_cache
2026-09-05 14:54:25,620 : INFO : ConfigProcessor : Loading config from file C:\Users\tl\Documents\tl-pinball\shows\.\show_cab_test_1.yaml.
2026-09-05 14:54:25,620 : INFO : ConfigProcessor : Loading config: C:\Users\tl\Documents\tl-pinball\shows\.\show_cab_test_1.yaml
2026-09-05 14:54:25,620 : INFO : ConfigProcessor : Config file cache created: C:\Users\tl\AppData\Local\Temp\911efd7252939128e304c2322100ac37.mpf_cache
2026-09-05 14:54:25,620 : INFO : ConfigProcessor : Loading config from file C:\Users\tl\Documents\tl-pinball\shows\.\show_coloursweeps_1.yaml.
2026-09-05 14:54:25,682 : INFO : ConfigProcessor : Loading config: C:\Users\tl\Documents\tl-pinball\shows\.\show_coloursweeps_1.yaml
2026-09-05 14:54:25,682 : INFO : ConfigProcessor : Config file cache created: C:\Users\tl\AppData\Local\Temp\95a50568c399a025ef217996526f3494.mpf_cache
2026-09-05 14:54:25,682 : INFO : ConfigProcessor : Loading config from file C:\Users\tl\Documents\tl-pinball\shows\.\show_consume_active.yaml.
2026-09-05 14:54:25,682 : INFO : ConfigProcessor : Loading config: C:\Users\tl\Documents\tl-pinball\shows\.\show_consume_active.yaml
2026-09-05 14:54:25,682 : INFO : ConfigProcessor : Config file cache created: C:\Users\tl\AppData\Local\Temp\1c5eb8218503e51cf536cafa8bd397ee.mpf_cache
2026-09-05 14:54:25,682 : INFO : ConfigProcessor : Loading config from file C:\Users\tl\Documents\tl-pinball\shows\.\show_consume_completed.yaml.
2026-09-05 14:54:25,698 : INFO : ConfigProcessor : Loading config: C:\Users\tl\Documents\tl-pinball\shows\.\show_consume_completed.yaml
2026-09-05 14:54:25,698 : INFO : ConfigProcessor : Config file cache created: C:\Users\tl\AppData\Local\Temp\5f6f068da8bf69eef400625ea0f44976.mpf_cache
2026-09-05 14:54:25,698 : INFO : ConfigProcessor : Loading config from file C:\Users\tl\Documents\tl-pinball\shows\.\show_consume_qualified.yaml.
2026-09-05 14:54:25,698 : INFO : ConfigProcessor : Loading config: C:\Users\tl\Documents\tl-pinball\shows\.\show_consume_qualified.yaml
2026-09-05 14:54:25,698 : INFO : ConfigProcessor : Config file cache created: C:\Users\tl\AppData\Local\Temp\a376fdb2b6d4bb622bb4acdba901a310.mpf_cache
2026-09-05 14:54:25,698 : INFO : ConfigProcessor : Loading config from file C:\Users\tl\Documents\tl-pinball\shows\.\show_fig8_attract_1.yaml.
2026-09-05 14:54:25,729 : INFO : ConfigProcessor : Loading config: C:\Users\tl\Documents\tl-pinball\shows\.\show_fig8_attract_1.yaml
2026-09-05 14:54:25,729 : INFO : ConfigProcessor : Config file cache created: C:\Users\tl\AppData\Local\Temp\4fa9cf92dccc774be532e383b837572e.mpf_cache
2026-09-05 14:54:25,729 : INFO : ConfigProcessor : Loading config from file C:\Users\tl\Documents\tl-pinball\shows\.\show_fig8_attract_2.yaml.
2026-09-05 14:54:25,745 : INFO : ConfigProcessor : Loading config: C:\Users\tl\Documents\tl-pinball\shows\.\show_fig8_attract_2.yaml
2026-09-05 14:54:25,745 : INFO : ConfigProcessor : Config file cache created: C:\Users\tl\AppData\Local\Temp\7d6afe43d2cd59003bd26d29f6951346.mpf_cache
2026-09-05 14:54:25,745 : INFO : ConfigProcessor : Loading config from file C:\Users\tl\Documents\tl-pinball\shows\.\show_floods_hysteria_bassline_1.yaml.
2026-09-05 14:54:26,136 : INFO : ConfigProcessor : Loading config: C:\Users\tl\Documents\tl-pinball\shows\.\show_floods_hysteria_bassline_1.yaml
2026-09-05 14:54:26,136 : INFO : ConfigProcessor : Config file cache created: C:\Users\tl\AppData\Local\Temp\3ec53097f46dd8f92da5caf7a9362729.mpf_cache
2026-09-05 14:54:26,136 : INFO : ConfigProcessor : Loading config from file C:\Users\tl\Documents\tl-pinball\shows\.\show_gi_attract_1.yaml.
2026-09-05 14:54:26,151 : INFO : ConfigProcessor : Loading config: C:\Users\tl\Documents\tl-pinball\shows\.\show_gi_attract_1.yaml
2026-09-05 14:54:26,151 : INFO : ConfigProcessor : Config file cache created: C:\Users\tl\AppData\Local\Temp\c36da47bad15180a41187d147cb7917e.mpf_cache
2026-09-05 14:54:26,151 : INFO : ConfigProcessor : Loading config from file C:\Users\tl\Documents\tl-pinball\shows\.\show_greendrops_1.yaml.
2026-09-05 14:54:26,167 : INFO : ConfigProcessor : Loading config: C:\Users\tl\Documents\tl-pinball\shows\.\show_greendrops_1.yaml
2026-09-05 14:54:26,167 : INFO : ConfigProcessor : Config file cache created: C:\Users\tl\AppData\Local\Temp\ca9866041621d35ab6358609b63e90d5.mpf_cache
2026-09-05 14:54:26,167 : INFO : ConfigProcessor : Loading config from file C:\Users\tl\Documents\tl-pinball\shows\.\show_inlaneinserts_attract_1.yaml.
2026-09-05 14:54:26,198 : INFO : ConfigProcessor : Loading config: C:\Users\tl\Documents\tl-pinball\shows\.\show_inlaneinserts_attract_1.yaml
2026-09-05 14:54:26,198 : INFO : ConfigProcessor : Config file cache created: C:\Users\tl\AppData\Local\Temp\d3b229dc9cb99a8202099f03c2a43090.mpf_cache
2026-09-05 14:54:26,198 : INFO : ConfigProcessor : Loading config from file C:\Users\tl\Documents\tl-pinball\shows\.\show_knights_build_1.yaml.
2026-09-05 14:54:26,464 : INFO : ConfigProcessor : Loading config: C:\Users\tl\Documents\tl-pinball\shows\.\show_knights_build_1.yaml
2026-09-05 14:54:26,464 : INFO : ConfigProcessor : Config file cache created: C:\Users\tl\AppData\Local\Temp\81582981e74d3995e366d06d8338d799.mpf_cache
2026-09-05 14:54:26,464 : INFO : ConfigProcessor : Loading config from file C:\Users\tl\Documents\tl-pinball\shows\.\show_knights_build_2.yaml.
2026-09-05 14:54:27,050 : INFO : ConfigProcessor : Loading config: C:\Users\tl\Documents\tl-pinball\shows\.\show_knights_build_2.yaml
2026-09-05 14:54:27,059 : INFO : ConfigProcessor : Config file cache created: C:\Users\tl\AppData\Local\Temp\5b34afe52ee194dd00e9309f3b7b7351.mpf_cache
2026-09-05 14:54:27,060 : INFO : ConfigProcessor : Loading config from file C:\Users\tl\Documents\tl-pinball\shows\.\show_knights_build_3.yaml.
2026-09-05 14:54:27,416 : INFO : ConfigProcessor : Loading config: C:\Users\tl\Documents\tl-pinball\shows\.\show_knights_build_3.yaml
2026-09-05 14:54:27,423 : INFO : ConfigProcessor : Config file cache created: C:\Users\tl\AppData\Local\Temp\879969db85bf719d2fcb9e04ce9b1f2c.mpf_cache
2026-09-05 14:54:27,424 : INFO : ConfigProcessor : Loading config from file C:\Users\tl\Documents\tl-pinball\shows\.\show_knights_gallop.yaml.
2026-09-05 14:54:27,885 : INFO : ConfigProcessor : Loading config: C:\Users\tl\Documents\tl-pinball\shows\.\show_knights_gallop.yaml
2026-09-05 14:54:27,895 : INFO : ConfigProcessor : Config file cache created: C:\Users\tl\AppData\Local\Temp\b4093eb1dd81447678927dbfa4b9c600.mpf_cache
2026-09-05 14:54:27,895 : INFO : ConfigProcessor : Loading config from file C:\Users\tl\Documents\tl-pinball\shows\.\show_knights_intro.yaml.
2026-09-05 14:54:27,939 : INFO : ConfigProcessor : Loading config: C:\Users\tl\Documents\tl-pinball\shows\.\show_knights_intro.yaml
2026-09-05 14:54:27,940 : INFO : ConfigProcessor : Config file cache created: C:\Users\tl\AppData\Local\Temp\e35a82f552c222d594bf16e07246473c.mpf_cache
2026-09-05 14:54:27,940 : INFO : ConfigProcessor : Loading config from file C:\Users\tl\Documents\tl-pinball\shows\.\show_knights_main_riff.yaml.
2026-09-05 14:54:28,286 : INFO : ConfigProcessor : Loading config: C:\Users\tl\Documents\tl-pinball\shows\.\show_knights_main_riff.yaml
2026-09-05 14:54:28,293 : INFO : ConfigProcessor : Config file cache created: C:\Users\tl\AppData\Local\Temp\a4723462ff8ee54e9440eae8a1a4781c.mpf_cache
2026-09-05 14:54:28,294 : INFO : ConfigProcessor : Loading config from file C:\Users\tl\Documents\tl-pinball\shows\.\show_knights_take_me_alive_1.yaml.
2026-09-05 14:54:29,302 : INFO : ConfigProcessor : Loading config: C:\Users\tl\Documents\tl-pinball\shows\.\show_knights_take_me_alive_1.yaml
2026-09-05 14:54:29,322 : INFO : ConfigProcessor : Config file cache created: C:\Users\tl\AppData\Local\Temp\33800f163ed2f7721971ef060d638387.mpf_cache
2026-09-05 14:54:29,322 : INFO : ConfigProcessor : Loading config from file C:\Users\tl\Documents\tl-pinball\shows\.\show_knights_take_me_alive_final.yaml.
2026-09-05 14:54:29,669 : INFO : ConfigProcessor : Loading config: C:\Users\tl\Documents\tl-pinball\shows\.\show_knights_take_me_alive_final.yaml
2026-09-05 14:54:29,676 : INFO : ConfigProcessor : Config file cache created: C:\Users\tl\AppData\Local\Temp\cfac8a12b8c870509d27980bb08852ae.mpf_cache
2026-09-05 14:54:29,676 : INFO : ConfigProcessor : Loading config from file C:\Users\tl\Documents\tl-pinball\shows\.\show_knights_verse_1.yaml.
2026-09-05 14:54:29,904 : INFO : ConfigProcessor : Loading config: C:\Users\tl\Documents\tl-pinball\shows\.\show_knights_verse_1.yaml
2026-09-05 14:54:29,913 : INFO : ConfigProcessor : Config file cache created: C:\Users\tl\AppData\Local\Temp\83c76c71cb0df61411f4c0eb7dea7353.mpf_cache
2026-09-05 14:54:29,916 : INFO : ConfigProcessor : Loading config from file C:\Users\tl\Documents\tl-pinball\shows\.\show_koc_bass_vu_layer.yaml.
2026-09-05 14:54:34,224 : INFO : ConfigProcessor : Loading config: C:\Users\tl\Documents\tl-pinball\shows\.\show_koc_bass_vu_layer.yaml
2026-09-05 14:54:34,327 : INFO : ConfigProcessor : Config file cache created: C:\Users\tl\AppData\Local\Temp\7db44b334d172168fab831ef3c57ff8b.mpf_cache
2026-09-05 14:54:34,328 : INFO : ConfigProcessor : Loading config from file C:\Users\tl\Documents\tl-pinball\shows\.\show_koc_drum_macro_layer.yaml.
2026-09-05 14:54:42,135 : INFO : ConfigProcessor : Loading config: C:\Users\tl\Documents\tl-pinball\shows\.\show_koc_drum_macro_layer.yaml
2026-09-05 14:54:42,361 : INFO : ConfigProcessor : Config file cache created: C:\Users\tl\AppData\Local\Temp\0209fa69c7ceb7b65d8e49418413a2d4.mpf_cache
2026-09-05 14:54:42,361 : INFO : ConfigProcessor : Loading config from file C:\Users\tl\Documents\tl-pinball\shows\.\show_koc_final_survive_overlay.yaml.
2026-09-05 14:54:53,759 : INFO : ConfigProcessor : Loading config: C:\Users\tl\Documents\tl-pinball\shows\.\show_koc_final_survive_overlay.yaml
2026-09-05 14:54:54,186 : INFO : ConfigProcessor : Config file cache created: C:\Users\tl\AppData\Local\Temp\9eec954e3a0a7462dea03c8c17cb64d9.mpf_cache
2026-09-05 14:54:54,187 : INFO : ConfigProcessor : Loading config from file C:\Users\tl\Documents\tl-pinball\shows\.\show_koc_lead_guitar_layer.yaml.
2026-09-05 14:55:00,400 : INFO : ConfigProcessor : Loading config: C:\Users\tl\Documents\tl-pinball\shows\.\show_koc_lead_guitar_layer.yaml
2026-09-05 14:55:00,563 : INFO : ConfigProcessor : Config file cache created: C:\Users\tl\AppData\Local\Temp\456118bf1ce6b85e98a4b068670426da.mpf_cache
2026-09-05 14:55:00,564 : INFO : ConfigProcessor : Loading config from file C:\Users\tl\Documents\tl-pinball\shows\.\show_koc_rhythm_background_layer.yaml.
2026-09-05 14:55:14,487 : ERROR : root : Shutdown because of SIGINT or keyboard interrupt.
NoneType: None
