2026-08-09 11:50:57,468 : INFO : root : Loading config.
2026-08-09 11:50:57,472 : INFO : YamlMultifileConfigLoader : Machine config file #1: config.yaml
2026-08-09 11:50:57,473 : INFO : ConfigProcessor : Loading config from cache: C:\Users\tl\AppData\Local\Temp\86f932e179f318f5dae29f066573dee9.mpf_cache
2026-08-09 11:50:57,569 : INFO : ConfigProcessor : Loading config from cache: C:\Users\tl\AppData\Local\Temp\5e7e3dd8e04e0aa46ea76018297218da.mpf_cache
2026-08-09 11:50:57,570 : INFO : ConfigProcessor : Loading config from cache: C:\Users\tl\AppData\Local\Temp\af6ad0dab2f43bd9cbdac83e0b2786ac.mpf_cache
2026-08-09 11:50:57,571 : INFO : ConfigProcessor : Loading config from cache: C:\Users\tl\AppData\Local\Temp\5e7e3dd8e04e0aa46ea76018297218da.mpf_cache
2026-08-09 11:50:57,572 : INFO : ConfigProcessor : Loading config from cache: C:\Users\tl\AppData\Local\Temp\078e3f4c59f1cd1bf0ff8685cc9e7ff5.mpf_cache
2026-08-09 11:50:57,572 : INFO : ConfigProcessor : Loading config from cache: C:\Users\tl\AppData\Local\Temp\279434e09bc5e8b073f441f36778b3c5.mpf_cache
2026-08-09 11:50:57,573 : WARNING : ConfigProcessor : Config file in cache changed: C:\Users\tl\Documents\tl-pinball\modes\awareness\config\awareness.yaml
2026-08-09 11:50:57,573 : INFO : ConfigProcessor : Loading config from file C:\Users\tl\Documents\tl-pinball\modes\awareness\config\awareness.yaml.
2026-08-09 11:50:57,578 : INFO : ConfigProcessor : Loading config: C:\Users\tl\Documents\tl-pinball\modes\awareness\config\awareness.yaml
2026-08-09 11:50:57,579 : INFO : ConfigProcessor : Config file cache created: C:\Users\tl\AppData\Local\Temp\0f8a6fed03551fa5e1f599b5c511b7ce.mpf_cache
2026-08-09 11:50:57,580 : INFO : ConfigProcessor : Loading config from cache: C:\Users\tl\AppData\Local\Temp\f7ef3217062c4a128670875e2cb05ce9.mpf_cache
2026-08-09 11:50:57,581 : INFO : ConfigProcessor : Loading config from cache: C:\Users\tl\AppData\Local\Temp\3e0da43cdf74c6e3f9d34deafe6b0c00.mpf_cache
2026-08-09 11:50:57,582 : INFO : ConfigProcessor : Loading config from cache: C:\Users\tl\AppData\Local\Temp\3f4b5828320b2882d8f6d86277da0e3c.mpf_cache
2026-08-09 11:50:57,582 : INFO : ConfigProcessor : Loading config from cache: C:\Users\tl\AppData\Local\Temp\e0885cd80287b6cf2bdb3b3b7e551419.mpf_cache
2026-08-09 11:50:57,583 : INFO : ConfigProcessor : Loading config from cache: C:\Users\tl\AppData\Local\Temp\21a3b6af72788c31c1bb21496f7d3280.mpf_cache
2026-08-09 11:50:57,584 : INFO : ConfigProcessor : Loading config from cache: C:\Users\tl\AppData\Local\Temp\5ad868424699ac3c9402d8d89c5742fa.mpf_cache
2026-08-09 11:50:57,585 : INFO : ConfigProcessor : Loading config from cache: C:\Users\tl\AppData\Local\Temp\b41aec6702196d0bd650320fa331266f.mpf_cache
2026-08-09 11:50:57,586 : INFO : ConfigProcessor : Loading config from cache: C:\Users\tl\AppData\Local\Temp\a951eeea2c167365e5a009cce33f51d8.mpf_cache
2026-08-09 11:50:57,587 : INFO : ConfigProcessor : Loading config from cache: C:\Users\tl\AppData\Local\Temp\f020dca9eec5e09763b9289397e6c32f.mpf_cache
2026-08-09 11:50:57,587 : INFO : ConfigProcessor : Loading config from cache: C:\Users\tl\AppData\Local\Temp\edce5a74ebf86ee6330810859c361ede.mpf_cache
2026-08-09 11:50:57,588 : INFO : ConfigProcessor : Loading config from cache: C:\Users\tl\AppData\Local\Temp\7c825e76f3d981841c3099d018a06a8f.mpf_cache
2026-08-09 11:50:57,589 : INFO : ConfigProcessor : Loading config from cache: C:\Users\tl\AppData\Local\Temp\4c1252d1f04cb61ecc91110937cfd225.mpf_cache
2026-08-09 11:50:57,590 : INFO : ConfigProcessor : Loading config from cache: C:\Users\tl\AppData\Local\Temp\8d6d681afe5a7b6e9186321cd98f18ca.mpf_cache
2026-08-09 11:50:57,591 : INFO : ConfigProcessor : Loading config from cache: C:\Users\tl\AppData\Local\Temp\6ca6a8b9cb340c3b8d36233eeb0719a5.mpf_cache
2026-08-09 11:50:57,592 : INFO : ConfigProcessor : Loading config from cache: C:\Users\tl\AppData\Local\Temp\d7f9969d1a13fb8a4ff98949110a3363.mpf_cache
2026-08-09 11:50:57,592 : INFO : ConfigProcessor : Loading config from cache: C:\Users\tl\AppData\Local\Temp\ea483b3190585f1b6f58e5d4b3be4053.mpf_cache
2026-08-09 11:50:57,593 : INFO : ConfigProcessor : Loading config from cache: C:\Users\tl\AppData\Local\Temp\29a24a1f58555604e17f1620fab88485.mpf_cache
2026-08-09 11:50:57,593 : INFO : ConfigProcessor : Loading config from cache: C:\Users\tl\AppData\Local\Temp\9e4f4ac993fe3c13c573513cb70c74c1.mpf_cache
2026-08-09 11:50:57,594 : INFO : ConfigProcessor : Loading config from cache: C:\Users\tl\AppData\Local\Temp\271b31ea91f7fc416a689202738fcb25.mpf_cache
2026-08-09 11:50:57,596 : INFO : ConfigProcessor : Loading config from cache: C:\Users\tl\AppData\Local\Temp\d5113bae71fe9b2600b29bf116525aac.mpf_cache
2026-08-09 11:50:57,597 : INFO : ConfigProcessor : Loading config from cache: C:\Users\tl\AppData\Local\Temp\ae5d383473e063efe671bf30ab478239.mpf_cache
2026-08-09 11:50:57,599 : INFO : ConfigProcessor : Loading config from cache: C:\Users\tl\AppData\Local\Temp\46870b44a1c011c86a746a823adf6b5a.mpf_cache
2026-08-09 11:50:57,600 : INFO : ConfigProcessor : Loading config from cache: C:\Users\tl\AppData\Local\Temp\0cf169c51710e2e034dc49f1aab9dfdd.mpf_cache
2026-08-09 11:50:57,606 : INFO : ConfigProcessor : Loading config from cache: C:\Users\tl\AppData\Local\Temp\7f1f48089af53c0812f6ef7352fae9fc.mpf_cache
2026-08-09 11:50:57,606 : INFO : ConfigProcessor : Loading config from cache: C:\Users\tl\AppData\Local\Temp\2cc33be7b212147eeee1bdfcda64fa9a.mpf_cache
2026-08-09 11:50:57,607 : INFO : ConfigProcessor : Loading config from cache: C:\Users\tl\AppData\Local\Temp\a16abf331f3e7de6af87e663850f3d9e.mpf_cache
2026-08-09 11:50:57,607 : INFO : ConfigProcessor : Loading config from cache: C:\Users\tl\AppData\Local\Temp\38e2b0a0c5cbde9df196d324be754e6f.mpf_cache
2026-08-09 11:50:57,608 : INFO : ConfigProcessor : Loading config from cache: C:\Users\tl\AppData\Local\Temp\e80dee9eca7c5982ccbcb422c91db859.mpf_cache
2026-08-09 11:50:57,608 : INFO : ConfigProcessor : Loading config from cache: C:\Users\tl\AppData\Local\Temp\0109be63d67329a8885529bd2a71548c.mpf_cache
2026-08-09 11:50:57,609 : INFO : ConfigProcessor : Loading config from cache: C:\Users\tl\AppData\Local\Temp\61bab561dcce3f0c07355166d6e0f761.mpf_cache
2026-08-09 11:50:57,609 : INFO : ConfigProcessor : Loading config from cache: C:\Users\tl\AppData\Local\Temp\25d2f8081a4f10d84b73dba07eba574c.mpf_cache
2026-08-09 11:50:57,610 : INFO : ConfigProcessor : Loading config from cache: C:\Users\tl\AppData\Local\Temp\5dff49294fdc1400ecd20df1617a2b2f.mpf_cache
2026-08-09 11:50:57,610 : INFO : ConfigProcessor : Loading config from cache: C:\Users\tl\AppData\Local\Temp\eb82598b1fb2ee02b221679b664276f0.mpf_cache
2026-08-09 11:50:57,611 : INFO : ConfigProcessor : Loading config from cache: C:\Users\tl\AppData\Local\Temp\ee5817e1bc6c76799d194e89aa39905b.mpf_cache
2026-08-09 11:50:57,612 : INFO : ConfigProcessor : Loading config from cache: C:\Users\tl\AppData\Local\Temp\b4fb504f89ca2ed519ed0a0e98e46a04.mpf_cache
2026-08-09 11:50:57,612 : INFO : ConfigProcessor : Loading config from cache: C:\Users\tl\AppData\Local\Temp\a6a2066a35a93afd7c5e023580b97319.mpf_cache
2026-08-09 11:50:57,613 : INFO : ConfigProcessor : Loading config from cache: C:\Users\tl\AppData\Local\Temp\b8c836a76b8f12a6f53828e327bc835b.mpf_cache
2026-08-09 11:50:57,613 : INFO : ConfigProcessor : Loading config from cache: C:\Users\tl\AppData\Local\Temp\a42c9a1e5925ead55e30ef9c3174b8d6.mpf_cache
2026-08-09 11:50:57,614 : INFO : ConfigProcessor : Loading config from cache: C:\Users\tl\AppData\Local\Temp\232eb4bb290f7b6232b4d79d1c841dd5.mpf_cache
2026-08-09 11:50:57,614 : INFO : ConfigProcessor : Loading config from cache: C:\Users\tl\AppData\Local\Temp\a2de7c1b2b3faf18b0affdedaa38907f.mpf_cache
2026-08-09 11:50:57,615 : INFO : ConfigProcessor : Loading config from cache: C:\Users\tl\AppData\Local\Temp\e26965993a19a15abbd54118f3bb1f6b.mpf_cache
2026-08-09 11:50:57,615 : INFO : ConfigProcessor : Loading config from cache: C:\Users\tl\AppData\Local\Temp\1a8067b3018dc540f40ee09fbd30147e.mpf_cache
2026-08-09 11:50:57,616 : INFO : ConfigProcessor : Loading config from cache: C:\Users\tl\AppData\Local\Temp\34d2c1cbec8fdaa1db7761a61cc7c1b6.mpf_cache
2026-08-09 11:50:57,617 : INFO : ConfigProcessor : Loading config from cache: C:\Users\tl\AppData\Local\Temp\4065fa59aedcbd523b942a40672a4db1.mpf_cache
2026-08-09 11:50:57,621 : INFO : ConfigProcessor : Loading config from cache: C:\Users\tl\AppData\Local\Temp\911efd7252939128e304c2322100ac37.mpf_cache
2026-08-09 11:50:57,622 : INFO : ConfigProcessor : Loading config from cache: C:\Users\tl\AppData\Local\Temp\95a50568c399a025ef217996526f3494.mpf_cache
2026-08-09 11:50:57,623 : INFO : ConfigProcessor : Loading config from cache: C:\Users\tl\AppData\Local\Temp\4fa9cf92dccc774be532e383b837572e.mpf_cache
2026-08-09 11:50:57,624 : INFO : ConfigProcessor : Loading config from cache: C:\Users\tl\AppData\Local\Temp\7d6afe43d2cd59003bd26d29f6951346.mpf_cache
2026-08-09 11:50:57,624 : INFO : ConfigProcessor : Loading config from cache: C:\Users\tl\AppData\Local\Temp\3ec53097f46dd8f92da5caf7a9362729.mpf_cache
2026-08-09 11:50:57,629 : INFO : ConfigProcessor : Loading config from cache: C:\Users\tl\AppData\Local\Temp\c36da47bad15180a41187d147cb7917e.mpf_cache
2026-08-09 11:50:57,630 : INFO : ConfigProcessor : Loading config from cache: C:\Users\tl\AppData\Local\Temp\ca9866041621d35ab6358609b63e90d5.mpf_cache
2026-08-09 11:50:57,630 : INFO : ConfigProcessor : Loading config from cache: C:\Users\tl\AppData\Local\Temp\d3b229dc9cb99a8202099f03c2a43090.mpf_cache
2026-08-09 11:50:57,631 : INFO : ConfigProcessor : Loading config from cache: C:\Users\tl\AppData\Local\Temp\81582981e74d3995e366d06d8338d799.mpf_cache
2026-08-09 11:50:57,635 : INFO : ConfigProcessor : Loading config from cache: C:\Users\tl\AppData\Local\Temp\5b34afe52ee194dd00e9309f3b7b7351.mpf_cache
2026-08-09 11:50:57,643 : INFO : ConfigProcessor : Loading config from cache: C:\Users\tl\AppData\Local\Temp\879969db85bf719d2fcb9e04ce9b1f2c.mpf_cache
2026-08-09 11:50:57,648 : INFO : ConfigProcessor : Loading config from cache: C:\Users\tl\AppData\Local\Temp\b4093eb1dd81447678927dbfa4b9c600.mpf_cache
2026-08-09 11:50:57,654 : INFO : ConfigProcessor : Loading config from cache: C:\Users\tl\AppData\Local\Temp\e35a82f552c222d594bf16e07246473c.mpf_cache
2026-08-09 11:50:57,655 : INFO : ConfigProcessor : Loading config from cache: C:\Users\tl\AppData\Local\Temp\a4723462ff8ee54e9440eae8a1a4781c.mpf_cache
2026-08-09 11:50:57,659 : INFO : ConfigProcessor : Loading config from cache: C:\Users\tl\AppData\Local\Temp\33800f163ed2f7721971ef060d638387.mpf_cache
2026-08-09 11:50:57,672 : INFO : ConfigProcessor : Loading config from cache: C:\Users\tl\AppData\Local\Temp\cfac8a12b8c870509d27980bb08852ae.mpf_cache
2026-08-09 11:50:57,677 : INFO : ConfigProcessor : Loading config from cache: C:\Users\tl\AppData\Local\Temp\83c76c71cb0df61411f4c0eb7dea7353.mpf_cache
2026-08-09 11:50:57,681 : INFO : ConfigProcessor : Loading config from cache: C:\Users\tl\AppData\Local\Temp\7db44b334d172168fab831ef3c57ff8b.mpf_cache
2026-08-09 11:50:57,729 : INFO : ConfigProcessor : Loading config from cache: C:\Users\tl\AppData\Local\Temp\0209fa69c7ceb7b65d8e49418413a2d4.mpf_cache
2026-08-09 11:50:57,830 : INFO : ConfigProcessor : Loading config from cache: C:\Users\tl\AppData\Local\Temp\9eec954e3a0a7462dea03c8c17cb64d9.mpf_cache
2026-08-09 11:50:57,953 : INFO : ConfigProcessor : Loading config from cache: C:\Users\tl\AppData\Local\Temp\456118bf1ce6b85e98a4b068670426da.mpf_cache
2026-08-09 11:50:58,025 : INFO : ConfigProcessor : Loading config from cache: C:\Users\tl\AppData\Local\Temp\5d7ea21ac1dbbe8d902c44335cb580f3.mpf_cache
2026-08-09 11:50:58,227 : INFO : ConfigProcessor : Loading config from cache: C:\Users\tl\AppData\Local\Temp\3c338cf0a5e3d861413d7d2f266c3053.mpf_cache
2026-08-09 11:50:58,269 : INFO : ConfigProcessor : Loading config from cache: C:\Users\tl\AppData\Local\Temp\7da579784f035f2b4609b04d18d514d9.mpf_cache
2026-08-09 11:50:58,282 : INFO : ConfigProcessor : Loading config from cache: C:\Users\tl\AppData\Local\Temp\ffa5a16e3925fe77c4aff5ce9d0caddb.mpf_cache
2026-08-09 11:50:58,287 : INFO : ConfigProcessor : Loading config from cache: C:\Users\tl\AppData\Local\Temp\08e4cfee44032ad50b613fdfc1c76afd.mpf_cache
2026-08-09 11:50:58,288 : INFO : ConfigProcessor : Loading config from cache: C:\Users\tl\AppData\Local\Temp\8f542fdb27a9c7af6359517ab8d171a1.mpf_cache
2026-08-09 11:50:58,288 : INFO : ConfigProcessor : Loading config from cache: C:\Users\tl\AppData\Local\Temp\c899bce83960d7b8a909fd30af5ba34c.mpf_cache
2026-08-09 11:50:58,289 : INFO : ConfigProcessor : Loading config from cache: C:\Users\tl\AppData\Local\Temp\e3f8c10279e680757f03e6b0889aa739.mpf_cache
2026-08-09 11:50:58,289 : INFO : ConfigProcessor : Loading config from cache: C:\Users\tl\AppData\Local\Temp\ff087817282734556151e8020b1fd49c.mpf_cache
2026-08-09 11:50:58,290 : INFO : ConfigProcessor : Loading config from cache: C:\Users\tl\AppData\Local\Temp\17b17d6e70b510a409968e15bd8ba63c.mpf_cache
2026-08-09 11:50:58,380 : INFO : ConfigProcessor : Loading config from cache: C:\Users\tl\AppData\Local\Temp\7597473749050946854e5e52d7c2d79a.mpf_cache
2026-08-09 11:50:58,395 : INFO : ConfigProcessor : Loading config from cache: C:\Users\tl\AppData\Local\Temp\31f3b89ebad27aaf6ad1cb7b6e8c1ae3.mpf_cache
2026-08-09 11:50:58,396 : INFO : ConfigProcessor : Loading config from cache: C:\Users\tl\AppData\Local\Temp\5bdc262ac811f8916946a10b325faaed.mpf_cache
2026-08-09 11:50:58,497 : INFO : ConfigProcessor : Loading config from cache: C:\Users\tl\AppData\Local\Temp\103bfb4fbd71af36419ab3f548a18d71.mpf_cache
2026-08-09 11:50:58,498 : INFO : ConfigProcessor : Loading config from cache: C:\Users\tl\AppData\Local\Temp\4262986a441bb7754780f112bb0e0c56.mpf_cache
2026-08-09 11:50:58,499 : INFO : ConfigProcessor : Loading config from cache: C:\Users\tl\AppData\Local\Temp\d572a2de143bf480090a737668938cb0.mpf_cache
2026-08-09 11:50:58,500 : INFO : ConfigProcessor : Loading config from cache: C:\Users\tl\AppData\Local\Temp\2e7beac76d3bca457a3a521575ba4ead.mpf_cache
2026-08-09 11:50:58,501 : INFO : ConfigProcessor : Loading config from cache: C:\Users\tl\AppData\Local\Temp\7c0931ffc6b13496fd8fae8b9d1b7a08.mpf_cache
2026-08-09 11:50:58,501 : INFO : ConfigProcessor : Loading config from cache: C:\Users\tl\AppData\Local\Temp\62404ae2e9ee2b95d65f52fccac154f0.mpf_cache
2026-08-09 11:50:58,502 : INFO : ConfigProcessor : Loading config from cache: C:\Users\tl\AppData\Local\Temp\d8c27512a4074d58955a247342afc0f0.mpf_cache
2026-08-09 11:50:58,504 : INFO : ConfigProcessor : Loading config from cache: C:\Users\tl\AppData\Local\Temp\537cd9276618929e3a64b374ceb3437f.mpf_cache
2026-08-09 11:50:58,505 : INFO : ConfigProcessor : Loading config from cache: C:\Users\tl\AppData\Local\Temp\cf29873bc64cfbd46b5a5b4c47c95532.mpf_cache
2026-08-09 11:50:58,506 : INFO : ConfigProcessor : Loading config from cache: C:\Users\tl\AppData\Local\Temp\16182b247314d06896cbae33110acd4c.mpf_cache
2026-08-09 11:50:58,507 : INFO : ConfigProcessor : Loading config from cache: C:\Users\tl\AppData\Local\Temp\13826b94a4b36b65ca4171a1d326006f.mpf_cache
2026-08-09 11:50:58,508 : INFO : ConfigProcessor : Loading config from cache: C:\Users\tl\AppData\Local\Temp\34a4b7622c4ff26b43be2fcb96c6a855.mpf_cache
2026-08-09 11:50:58,508 : INFO : ConfigProcessor : Loading config from cache: C:\Users\tl\AppData\Local\Temp\0560061596499ba9c1490154fdcef2ca.mpf_cache
2026-08-09 11:50:58,509 : INFO : ConfigProcessor : Loading config from cache: C:\Users\tl\AppData\Local\Temp\c1896ec26ad05d4cb3e6ad50fd8dc123.mpf_cache
2026-08-09 11:50:58,509 : INFO : ConfigProcessor : Loading config from cache: C:\Users\tl\AppData\Local\Temp\9894a77e77ebcad772e6ab40ada6f893.mpf_cache
2026-08-09 11:50:58,510 : INFO : ConfigProcessor : Loading config from cache: C:\Users\tl\AppData\Local\Temp\33a0313dc768edabc6062a57466c6435.mpf_cache
2026-08-09 11:50:58,510 : INFO : ConfigProcessor : Loading config from cache: C:\Users\tl\AppData\Local\Temp\51d1034df3c2d8154cfea3abae2369be.mpf_cache
2026-08-09 11:50:58,511 : INFO : ConfigProcessor : Loading config from cache: C:\Users\tl\AppData\Local\Temp\2904ce8d8b78981642dc8b63141b390e.mpf_cache
2026-08-09 11:50:58,535 : INFO : ConfigProcessor : Loading config from cache: C:\Users\tl\AppData\Local\Temp\de3c199f73b407edda0c6227f08684dc.mpf_cache
2026-08-09 11:50:58,536 : INFO : ConfigProcessor : Loading config from cache: C:\Users\tl\AppData\Local\Temp\5951b01dcffceee156e3aba13b4691bc.mpf_cache
2026-08-09 11:50:58,537 : INFO : ConfigProcessor : Loading config from cache: C:\Users\tl\AppData\Local\Temp\3ef5173c7a910a36727c66b6285f9c3e.mpf_cache
2026-08-09 11:50:58,537 : INFO : ConfigProcessor : Loading config from cache: C:\Users\tl\AppData\Local\Temp\d5aeeb96f0e3024d102ed6eef227158e.mpf_cache
2026-08-09 11:50:58,538 : INFO : ConfigProcessor : Loading config from cache: C:\Users\tl\AppData\Local\Temp\abac16fdcd8444e81c5d354009d45cba.mpf_cache
2026-08-09 11:50:58,539 : INFO : ConfigProcessor : Loading config from cache: C:\Users\tl\AppData\Local\Temp\1671f2a7e01818367d14934820caa625.mpf_cache
2026-08-09 11:50:58,539 : INFO : ConfigProcessor : Loading config from cache: C:\Users\tl\AppData\Local\Temp\f222a647edf3886b9afe02940fb5218b.mpf_cache
2026-08-09 11:50:58,540 : INFO : ConfigProcessor : Loading config from cache: C:\Users\tl\AppData\Local\Temp\413a5c2ee3ba22f15e31e85070bcc3a0.mpf_cache
2026-08-09 11:50:58,541 : INFO : ConfigProcessor : Loading config from cache: C:\Users\tl\AppData\Local\Temp\8441689a8d32c41acf7df12596aea2a1.mpf_cache
2026-08-09 11:50:58,541 : INFO : ConfigProcessor : Loading config from cache: C:\Users\tl\AppData\Local\Temp\2856cb3dd9823be7f227bcd3e9e74d9c.mpf_cache
2026-08-09 11:50:58,542 : INFO : ConfigProcessor : Loading config from cache: C:\Users\tl\AppData\Local\Temp\7bc597beac49bd83589c0f432d6df3a7.mpf_cache
2026-08-09 11:50:58,543 : INFO : ConfigProcessor : Loading config from cache: C:\Users\tl\AppData\Local\Temp\68aef743ce387ca4b0917854000ab96f.mpf_cache
2026-08-09 11:50:58,544 : INFO : ConfigProcessor : Loading config from cache: C:\Users\tl\AppData\Local\Temp\d8eab45dc417e5712e341a87d617345c.mpf_cache
2026-08-09 11:50:58,544 : INFO : ConfigProcessor : Loading config from cache: C:\Users\tl\AppData\Local\Temp\469f885a0d482cac3db6f093008cfd24.mpf_cache
2026-08-09 11:50:58,545 : INFO : ConfigProcessor : Loading config from cache: C:\Users\tl\AppData\Local\Temp\a268d193aab3d6536668c32d6da9263e.mpf_cache
2026-08-09 11:50:58,545 : INFO : ConfigProcessor : Loading config from cache: C:\Users\tl\AppData\Local\Temp\0ddc24559d577387e7f3127610d528ac.mpf_cache
2026-08-09 11:50:58,546 : INFO : ConfigProcessor : Loading config from cache: C:\Users\tl\AppData\Local\Temp\a63ea6967061a0c2197fb0bb68311879.mpf_cache
2026-08-09 11:50:58,546 : INFO : ConfigProcessor : Loading config from cache: C:\Users\tl\AppData\Local\Temp\43577826f0443b71968b5102aaf30af3.mpf_cache
2026-08-09 11:50:58,547 : INFO : ConfigProcessor : Loading config from cache: C:\Users\tl\AppData\Local\Temp\9c5a8c407413e80747afdb721a5b060d.mpf_cache
2026-08-09 11:50:58,547 : INFO : ConfigProcessor : Loading config from cache: C:\Users\tl\AppData\Local\Temp\af0cbbf8538bda34a0e26f98cdd5aca7.mpf_cache
2026-08-09 11:50:58,548 : INFO : ConfigProcessor : Loading config from cache: C:\Users\tl\AppData\Local\Temp\ce8d78fec460068c5bebc943ce9b6f30.mpf_cache
2026-08-09 11:50:58,548 : INFO : ConfigProcessor : Loading config from cache: C:\Users\tl\AppData\Local\Temp\31f829499efdcff804ebe1944d19d329.mpf_cache
2026-08-09 11:50:58,549 : INFO : ConfigProcessor : Loading config from cache: C:\Users\tl\AppData\Local\Temp\79045076bfba23d531ff144ac6757de4.mpf_cache
2026-08-09 11:50:58,549 : INFO : ConfigProcessor : Loading config from cache: C:\Users\tl\AppData\Local\Temp\b26d36d0781b7ac0f26418f65421592c.mpf_cache
2026-08-09 11:50:58,550 : INFO : ConfigProcessor : Loading config from cache: C:\Users\tl\AppData\Local\Temp\8b6f457abf3cfdd87417ebce16fa6732.mpf_cache
2026-08-09 11:50:58,550 : INFO : ConfigProcessor : Loading config from cache: C:\Users\tl\AppData\Local\Temp\c59e3da9fa5362a5c24ac789898ceb13.mpf_cache
2026-08-09 11:50:58,551 : INFO : ConfigProcessor : Loading config from cache: C:\Users\tl\AppData\Local\Temp\701f2c032cd9e807d4fb3fa2828f9b37.mpf_cache
2026-08-09 11:50:58,552 : INFO : ConfigProcessor : Loading config from cache: C:\Users\tl\AppData\Local\Temp\c801690053c2da5c09f6d10b42ee9917.mpf_cache
2026-08-09 11:50:58,552 : INFO : ConfigProcessor : Loading config from cache: C:\Users\tl\AppData\Local\Temp\2e335ca9623f971cc8240d357e9bde21.mpf_cache
2026-08-09 11:50:58,553 : INFO : ConfigProcessor : Loading config from cache: C:\Users\tl\AppData\Local\Temp\291432155100441a6a6d1cc35a9827e6.mpf_cache
2026-08-09 11:50:58,553 : INFO : ConfigProcessor : Loading config from cache: C:\Users\tl\AppData\Local\Temp\3a13ce866f38c1bdfd88cdf5d8a37b57.mpf_cache
2026-08-09 11:50:58,554 : INFO : ConfigProcessor : Loading config from cache: C:\Users\tl\AppData\Local\Temp\67766e06be15afe44bf4653d2e0643ac.mpf_cache
2026-08-09 11:50:58,554 : INFO : ConfigProcessor : Loading config from cache: C:\Users\tl\AppData\Local\Temp\4d0875bd28a5b9899fb2c6e9ca5fbaa0.mpf_cache
2026-08-09 11:50:58,555 : INFO : ConfigProcessor : Loading config from cache: C:\Users\tl\AppData\Local\Temp\013b41c20fe074e5f42d4da80ff7d4bd.mpf_cache
2026-08-09 11:50:58,556 : INFO : ConfigProcessor : Loading config from cache: C:\Users\tl\AppData\Local\Temp\c0155b29343fe146f8483b349919ea50.mpf_cache
2026-08-09 11:50:58,556 : INFO : Machine : Mission Pinball Framework Core Engine v0.80.0.dev12
2026-08-09 11:50:58,556 : INFO : Machine : Command line arguments: {'no_load_cache': False, 'create_config_cache': True, 'bcp': True, 'configfile': ['config.yaml'], 'force_assets_load': False, 'platform_integration_test': False, 'jsonlogging': False, 'logfile': 'logs\\2026-08-09-11-50-57-mpf-DESKTOP-HV85DRD.log', 'pause': False, 'production': False, 'text_ui': True, 'loglevel': 15, 'consoleloglevel': 20, 'force_platform': None, 'syslog_address': None, 'full_logfile_path': 'C:\\Users\\tl\\Documents\\tl-pinball\\logs\\2026-08-09-11-50-57-mpf-DESKTOP-HV85DRD.log'}
2026-08-09 11:50:58,556 : INFO : Machine : MPF path: C:\mpf\Lib\site-packages\mpf
2026-08-09 11:50:58,557 : INFO : Machine : Machine path: C:\Users\tl\Documents\tl-pinball
2026-08-09 11:50:58,557 : INFO : Machine : Platform: win32
2026-08-09 11:50:58,557 : INFO : Machine : Python executable location: C:\mpf\Scripts\python.exe
2026-08-09 11:50:58,557 : INFO : Machine : Python version: 3.12.7 (64-bit)
2026-08-09 11:50:58,558 : INFO : Machine : Initializing MPF...
2026-08-09 11:50:58,896 : INFO : FAST [NET] : Trying to connect to COM4 at 921600bps
2026-08-09 11:50:58,901 : INFO : FAST [NET] : Connected to COM4 at 921600bps
2026-08-09 11:50:59,010 : INFO : FAST [NET] : Connected to FP-CPU-2000 with firmware v02.26
2026-08-09 11:50:59,042 : INFO : FAST [NET] : Registered I/O Board 0: Model: FP-I/O-0024, Firmware: 01.10, Switches: 24, Drivers: 8
2026-08-09 11:50:59,058 : INFO : FAST [NET] : Registered I/O Board 1: Model: FP-I/O-1616, Firmware: 01.10, Switches: 16, Drivers: 16
2026-08-09 11:50:59,073 : INFO : FAST [NET] : Registered I/O Board 2: Model: FP-I/O-3208, Firmware: 01.10, Switches: 32, Drivers: 8
2026-08-09 11:50:59,089 : INFO : FAST [NET] : Registered I/O Board 3: Model: FP-I/O-1616, Firmware: 01.10, Switches: 16, Drivers: 16
2026-08-09 11:50:59,091 : INFO : FAST [EXP] : Trying to connect to COM5 at 921600bps
2026-08-09 11:50:59,095 : INFO : FAST [EXP] : Connected to COM5 at 921600bps
2026-08-09 11:50:59,215 : INFO : FAST [EXP] : Verifying hardware for EXP "ledcab" (FP-EXP-2000, @48) with ID string "EXP FP-EXP-2000  0.42", board address 48
2026-08-09 11:50:59,231 : INFO : FAST [EXP] : Verifying hardware for EXP "ledcab" (FP-EXP-2000, @48) with ID string "BRK FP-EXP-2000  0.42", board address 480
2026-08-09 11:50:59,263 : INFO : FAST [EXP] : Verifying hardware for EXP "ledpf1" (FP-EXP-0081, @84) with ID string "EXP FP-EXP-0081  0.38", board address 84
2026-08-09 11:50:59,279 : INFO : FAST [EXP] : Verifying hardware for EXP "ledpf1" (FP-EXP-0081, @84) with ID string "BRK FP-EXP-0081  0.38", board address 840
2026-08-09 11:50:59,295 : INFO : FAST [EXP] : Verifying hardware for EXP "ledpf1" (FP-EXP-0081, @84) with ID string "BRK FP-EXP-0081  0.38", board address 841
2026-08-09 11:50:59,327 : INFO : FAST [EXP] : Verifying hardware for EXP "ledpf2" (FP-EXP-0081, @85) with ID string "EXP FP-EXP-0081  0.48", board address 85
2026-08-09 11:50:59,343 : INFO : FAST [EXP] : Verifying hardware for EXP "ledpf2" (FP-EXP-0081, @85) with ID string "BRK FP-EXP-0081  0.48", board address 850
2026-08-09 11:50:59,359 : INFO : FAST [EXP] : Verifying hardware for EXP "ledpf2" (FP-EXP-0081, @85) with ID string "BRK FP-EXP-0081  0.48", board address 851
2026-08-09 11:50:59,374 : INFO : EventManager : Event: ======'machine_var_credits_string'====== Args={'value': 'FREE PLAY', 'prev_value': None, 'change': True}
2026-08-09 11:50:59,398 : INFO : EventManager : Event: ======'machine_var_last_game_score'====== Args={'value': 3131554, 'prev_value': None, 'change': True}
2026-08-09 11:50:59,398 : INFO : EventManager : Event: ======'machine_var_master_volume'====== Args={'value': 0.5, 'prev_value': None, 'change': True}
2026-08-09 11:50:59,398 : INFO : EventManager : Event: ======'machine_var_player1_score'====== Args={'value': 3131554, 'prev_value': None, 'change': True}
2026-08-09 11:50:59,398 : INFO : EventManager : Event: ======'machine_var_mpf_version'====== Args={'value': 'Mission Pinball Framework v0.80.0.dev12', 'prev_value': None, 'change': True}
2026-08-09 11:50:59,398 : INFO : EventManager : Event: ======'machine_var_mpf_extended_version'====== Args={'value': 'Mission Pinball Framework v0.80.0.dev12, Config version:6, Show version: 6, BCP version:1.1', 'prev_value': None, 'change': True}
2026-08-09 11:50:59,398 : INFO : EventManager : Event: ======'machine_var_python_version'====== Args={'value': '3.12.7', 'prev_value': None, 'change': True}
2026-08-09 11:50:59,425 : INFO : EventManager : Event: ======'machine_var_platform'====== Args={'value': 'Windows-10-10.0.19044-SP0', 'prev_value': None, 'change': True}
2026-08-09 11:50:59,426 : INFO : EventManager : Event: ======'machine_var_platform_system'====== Args={'value': 'Windows', 'prev_value': None, 'change': True}
2026-08-09 11:50:59,426 : INFO : EventManager : Event: ======'machine_var_platform_release'====== Args={'value': '10', 'prev_value': None, 'change': True}
2026-08-09 11:50:59,426 : INFO : EventManager : Event: ======'machine_var_platform_version'====== Args={'value': '10.0.19044', 'prev_value': None, 'change': True}
2026-08-09 11:50:59,426 : INFO : EventManager : Event: ======'machine_var_platform_machine'====== Args={'value': 'AMD64', 'prev_value': None, 'change': True}
2026-08-09 11:50:59,426 : INFO : EventManager : Event: ======'machine_var_log_file_path'====== Args={'value': 'C:\\Users\\tl\\Documents\\tl-pinball\\logs\\2026-08-09-11-50-57-mpf-DESKTOP-HV85DRD.log', 'prev_value': None, 'change': True}
2026-08-09 11:50:59,426 : INFO : EventManager : Event: ======'init_phase_1'====== Args={}
2026-08-09 11:50:59,573 : INFO : EventManager : Event: ======'drop_target_bank_dt_bank_1_4_up'====== Args={}
2026-08-09 11:50:59,573 : INFO : EventManager : Event: ======'drop_target_bank_dt_bank_5_7_up'====== Args={}
2026-08-09 11:51:02,167 : INFO : SwitchController : <<<<<<< 's_24_trough_1' active >>>>>>>
2026-08-09 11:51:02,167 : INFO : SwitchController : <<<<<<< 's_25_trough_2' active >>>>>>>
2026-08-09 11:51:02,167 : INFO : SwitchController : <<<<<<< 's_38_star_rollover_bottom' active >>>>>>>
2026-08-09 11:51:02,167 : INFO : SwitchController : <<<<<<< 's_44_spinner_right' active >>>>>>>
2026-08-09 11:51:02,167 : INFO : SwitchController : <<<<<<< 's_71_spinner_left' active >>>>>>>
2026-08-09 11:51:02,167 : INFO : SwitchController : <<<<<<< 's_76_fourbank_drop_4' active >>>>>>>
2026-08-09 11:51:02,167 : INFO : SwitchController : <<<<<<< 's_77_threebank_drop_1' active >>>>>>>
2026-08-09 11:51:02,251 : INFO : EventManager : Event: ======'init_phase_2'====== Args={}
2026-08-09 11:51:02,251 : INFO : SwitchController : Found active switch: (40, [FAST Platform Interface]) <switch.s_24_trough_1>
2026-08-09 11:51:02,251 : INFO : SwitchController : Found active switch: (41, [FAST Platform Interface]) <switch.s_25_trough_2>
2026-08-09 11:51:02,251 : INFO : SwitchController : Found active switch: (54, [FAST Platform Interface]) <switch.s_38_star_rollover_bottom>
2026-08-09 11:51:02,251 : INFO : SwitchController : Found active switch: (60, [FAST Platform Interface]) <switch.s_44_spinner_right>
2026-08-09 11:51:02,251 : INFO : SwitchController : Found active switch: (39, [FAST Platform Interface]) <switch.s_71_spinner_left>
2026-08-09 11:51:02,251 : INFO : SwitchController : Found active switch: (76, [FAST Platform Interface]) <switch.s_76_fourbank_drop_4>
2026-08-09 11:51:02,251 : INFO : SwitchController : Found active switch: (77, [FAST Platform Interface]) <switch.s_77_threebank_drop_1>
2026-08-09 11:51:02,291 : INFO : EventManager : Event: ======'bcp_connection_attempt'====== Args={'name': 'local_display', 'host': 'localhost', 'port': 5050}
2026-08-09 11:51:02,293 : INFO : BCPClientSocket : Connecting BCP to 'local_display' at localhost:5050...
2026-08-09 11:51:11,625 : INFO : BCPClientSocket : Connected BCP to 'local_display' localhost:5050
2026-08-09 11:51:11,626 : INFO : EventManager : Event: ======'bcp_clients_connected'====== Args={}
2026-08-09 11:51:11,789 : INFO : ball_device.bd_plunger : BCH: Initial count: 0
2026-08-09 11:51:11,839 : INFO : ball_device.bd_plunger : State: idle
2026-08-09 11:51:11,840 : INFO : ball_device.bd_trough : BCH: Initial count: 2
2026-08-09 11:51:11,840 : INFO : ball_device.bd_trough : State: idle
2026-08-09 11:51:11,841 : INFO : ball_device.bd_left_vuk : BCH: Initial count: 0
2026-08-09 11:51:11,841 : INFO : ball_device.bd_left_vuk : State: idle
2026-08-09 11:51:11,841 : INFO : ball_device.bd_right_vuk : BCH: Initial count: 0
2026-08-09 11:51:11,842 : INFO : ball_device.bd_right_vuk : State: idle
2026-08-09 11:51:11,871 : INFO : EventManager : Event: ======'init_phase_3'====== Args={}
2026-08-09 11:52:44,330 : INFO : EventManager : Event: ======'init_phase_4'====== Args={}
2026-08-09 11:52:44,330 : INFO : SwitchController : <<<<<<< 's_29_trough_6' active >>>>>>>
2026-08-09 11:52:44,330 : INFO : SwitchController : <<<<<<< 's_29_trough_6' inactive >>>>>>>
2026-08-09 11:52:44,331 : INFO : SwitchController : <<<<<<< 's_28_trough_5' active >>>>>>>
2026-08-09 11:52:44,331 : INFO : SwitchController : <<<<<<< 's_28_trough_5' inactive >>>>>>>
2026-08-09 11:52:44,331 : INFO : SwitchController : <<<<<<< 's_27_trough_4' active >>>>>>>
2026-08-09 11:52:44,331 : INFO : SwitchController : <<<<<<< 's_27_trough_4' inactive >>>>>>>
2026-08-09 11:52:44,331 : INFO : SwitchController : <<<<<<< 's_26_trough_3' active >>>>>>>
2026-08-09 11:52:44,340 : INFO : EventManager : Event: ======'drop_target_dt_4_down'====== Args={'device': <drop_target.dt_4>}
2026-08-09 11:52:44,340 : INFO : EventManager : Event: ======'drop_target_dt_5_down'====== Args={'device': <drop_target.dt_5>}
2026-08-09 11:52:44,377 : INFO : EventManager : Event: ======'machine_var_audits_events_game_ended'====== Args={'value': 154, 'prev_value': None, 'change': True}
2026-08-09 11:52:44,377 : INFO : EventManager : Event: ======'machine_var_audits_events_game_started'====== Args={'value': 170, 'prev_value': None, 'change': True}
2026-08-09 11:52:44,377 : INFO : EventManager : Event: ======'machine_var_audits_missing_switches_s_00_service_esc'====== Args={'value': 170, 'prev_value': None, 'change': True}
2026-08-09 11:52:44,377 : INFO : EventManager : Event: ======'machine_var_audits_missing_switches_s_01_service_up'====== Args={'value': 170, 'prev_value': None, 'change': True}
2026-08-09 11:52:44,377 : INFO : EventManager : Event: ======'machine_var_audits_missing_switches_s_02_service_down'====== Args={'value': 170, 'prev_value': None, 'change': True}
2026-08-09 11:52:44,377 : INFO : EventManager : Event: ======'machine_var_audits_missing_switches_s_03_service_enter'====== Args={'value': 170, 'prev_value': None, 'change': True}
2026-08-09 11:52:44,377 : INFO : EventManager : Event: ======'machine_var_audits_missing_switches_s_08_left_flipper'====== Args={'value': 3, 'prev_value': None, 'change': True}
2026-08-09 11:52:44,377 : INFO : EventManager : Event: ======'machine_var_audits_missing_switches_s_11_start_button'====== Args={'value': 2, 'prev_value': None, 'change': True}
2026-08-09 11:52:44,377 : INFO : EventManager : Event: ======'machine_var_audits_missing_switches_s_16_right_flipper'====== Args={'value': 3, 'prev_value': None, 'change': True}
2026-08-09 11:52:44,377 : INFO : EventManager : Event: ======'machine_var_audits_missing_switches_s_17_right_flipper_upper'====== Args={'value': 3, 'prev_value': None, 'change': True}
2026-08-09 11:52:44,378 : INFO : EventManager : Event: ======'machine_var_audits_missing_switches_s_19_cab_arrow_left'====== Args={'value': 58, 'prev_value': None, 'change': True}
2026-08-09 11:52:44,378 : INFO : EventManager : Event: ======'machine_var_audits_missing_switches_s_20_cab_arrow_right'====== Args={'value': 58, 'prev_value': None, 'change': True}
2026-08-09 11:52:44,378 : INFO : EventManager : Event: ======'machine_var_audits_missing_switches_s_26_trough_3'====== Args={'value': 1, 'prev_value': None, 'change': True}
2026-08-09 11:52:44,378 : INFO : EventManager : Event: ======'machine_var_audits_missing_switches_s_27_trough_4'====== Args={'value': 1, 'prev_value': None, 'change': True}
2026-08-09 11:52:44,378 : INFO : EventManager : Event: ======'machine_var_audits_missing_switches_s_28_trough_5'====== Args={'value': 1, 'prev_value': None, 'change': True}
2026-08-09 11:52:44,379 : INFO : EventManager : Event: ======'machine_var_audits_missing_switches_s_29_trough_6'====== Args={'value': 1, 'prev_value': None, 'change': True}
2026-08-09 11:52:44,379 : INFO : EventManager : Event: ======'machine_var_audits_missing_switches_s_32_right_inlane'====== Args={'value': 3, 'prev_value': None, 'change': True}
2026-08-09 11:52:44,379 : INFO : EventManager : Event: ======'machine_var_audits_missing_switches_s_33_right_outlane'====== Args={'value': 6, 'prev_value': None, 'change': True}
2026-08-09 11:52:44,379 : INFO : EventManager : Event: ======'machine_var_audits_missing_switches_s_34_right_sling'====== Args={'value': 1, 'prev_value': None, 'change': True}
2026-08-09 11:52:44,379 : INFO : EventManager : Event: ======'machine_var_audits_missing_switches_s_35_left_inlane'====== Args={'value': 3, 'prev_value': None, 'change': True}
2026-08-09 11:52:44,379 : INFO : EventManager : Event: ======'machine_var_audits_missing_switches_s_36_left_outlane'====== Args={'value': 3, 'prev_value': None, 'change': True}
2026-08-09 11:52:44,379 : INFO : EventManager : Event: ======'machine_var_audits_missing_switches_s_37_left_sling'====== Args={'value': 3, 'prev_value': None, 'change': True}
2026-08-09 11:52:44,379 : INFO : EventManager : Event: ======'machine_var_audits_missing_switches_s_38_star_rollover_bottom'====== Args={'value': 170, 'prev_value': None, 'change': True}
2026-08-09 11:52:44,379 : INFO : EventManager : Event: ======'machine_var_audits_missing_switches_s_39_star_rollover_top'====== Args={'value': 170, 'prev_value': None, 'change': True}
2026-08-09 11:52:44,379 : INFO : EventManager : Event: ======'machine_var_audits_missing_switches_s_40_stand_up_target_5'====== Args={'value': 3, 'prev_value': None, 'change': True}
2026-08-09 11:52:44,379 : INFO : EventManager : Event: ======'machine_var_audits_missing_switches_s_41_stand_up_target_6'====== Args={'value': 5, 'prev_value': None, 'change': True}
2026-08-09 11:52:44,379 : INFO : EventManager : Event: ======'machine_var_audits_missing_switches_s_42_stand_up_target_1'====== Args={'value': 6, 'prev_value': None, 'change': True}
2026-08-09 11:52:44,379 : INFO : EventManager : Event: ======'machine_var_audits_missing_switches_s_43_stand_up_target_4'====== Args={'value': 3, 'prev_value': None, 'change': True}
2026-08-09 11:52:44,379 : INFO : EventManager : Event: ======'machine_var_audits_missing_switches_s_44_spinner_right'====== Args={'value': 3, 'prev_value': None, 'change': True}
2026-08-09 11:52:44,379 : INFO : EventManager : Event: ======'machine_var_audits_missing_switches_s_56_pop_bumper_right'====== Args={'value': 1, 'prev_value': None, 'change': True}
2026-08-09 11:52:44,379 : INFO : EventManager : Event: ======'machine_var_audits_missing_switches_s_58_pop_bumper_left'====== Args={'value': 1, 'prev_value': None, 'change': True}
2026-08-09 11:52:44,379 : INFO : EventManager : Event: ======'machine_var_audits_missing_switches_s_59_saucer_right'====== Args={'value': 5, 'prev_value': None, 'change': True}
2026-08-09 11:52:44,379 : INFO : EventManager : Event: ======'machine_var_audits_missing_switches_s_60_top_lane_c'====== Args={'value': 1, 'prev_value': None, 'change': True}
2026-08-09 11:52:44,379 : INFO : EventManager : Event: ======'machine_var_audits_missing_switches_s_61_top_lane_b'====== Args={'value': 1, 'prev_value': None, 'change': True}
2026-08-09 11:52:44,379 : INFO : EventManager : Event: ======'machine_var_audits_missing_switches_s_62_top_lane_a'====== Args={'value': 1, 'prev_value': None, 'change': True}
2026-08-09 11:52:44,379 : INFO : EventManager : Event: ======'machine_var_audits_missing_switches_s_63_stand_up_target_3'====== Args={'value': 1, 'prev_value': None, 'change': True}
2026-08-09 11:52:44,379 : INFO : EventManager : Event: ======'machine_var_audits_missing_switches_s_65_varitarget_position_2'====== Args={'value': 3, 'prev_value': None, 'change': True}
2026-08-09 11:52:44,379 : INFO : EventManager : Event: ======'machine_var_audits_missing_switches_s_66_varitarget_position_3'====== Args={'value': 3, 'prev_value': None, 'change': True}
2026-08-09 11:52:44,380 : INFO : EventManager : Event: ======'machine_var_audits_missing_switches_s_67_varitarget_position_4'====== Args={'value': 23, 'prev_value': None, 'change': True}
2026-08-09 11:52:44,380 : INFO : EventManager : Event: ======'machine_var_audits_missing_switches_s_68_varitarget_position_5'====== Args={'value': 31, 'prev_value': None, 'change': True}
2026-08-09 11:52:44,380 : INFO : EventManager : Event: ======'machine_var_audits_missing_switches_s_69_varitarget_position_6'====== Args={'value': 31, 'prev_value': None, 'change': True}
2026-08-09 11:52:44,380 : INFO : EventManager : Event: ======'machine_var_audits_missing_switches_s_70_varitarget_position_7'====== Args={'value': 31, 'prev_value': None, 'change': True}
2026-08-09 11:52:44,380 : INFO : EventManager : Event: ======'machine_var_audits_missing_switches_s_72_single_drop_1'====== Args={'value': 5, 'prev_value': None, 'change': True}
2026-08-09 11:52:44,380 : INFO : EventManager : Event: ======'machine_var_audits_missing_switches_s_73_fourbank_drop_1'====== Args={'value': 1, 'prev_value': None, 'change': True}
2026-08-09 11:52:44,380 : INFO : EventManager : Event: ======'machine_var_audits_missing_switches_s_74_fourbank_drop_2'====== Args={'value': 1, 'prev_value': None, 'change': True}
2026-08-09 11:52:44,380 : INFO : EventManager : Event: ======'machine_var_audits_missing_switches_s_75_fourbank_drop_3'====== Args={'value': 1, 'prev_value': None, 'change': True}
2026-08-09 11:52:44,380 : INFO : EventManager : Event: ======'machine_var_audits_missing_switches_s_78_threebank_drop_2'====== Args={'value': 1, 'prev_value': None, 'change': True}
2026-08-09 11:52:44,380 : INFO : EventManager : Event: ======'machine_var_audits_missing_switches_s_79_threebank_drop_3'====== Args={'value': 1, 'prev_value': None, 'change': True}
2026-08-09 11:52:44,380 : INFO : EventManager : Event: ======'machine_var_audits_missing_switches_s_80_stand_up_target_2'====== Args={'value': 7, 'prev_value': None, 'change': True}
2026-08-09 11:52:44,380 : INFO : EventManager : Event: ======'machine_var_audits_missing_switches_s_81_saucer_left'====== Args={'value': 6, 'prev_value': None, 'change': True}
2026-08-09 11:52:44,380 : INFO : EventManager : Event: ======'machine_var_audits_missing_switches_s_82_stand_up_target_bank_1'====== Args={'value': 5, 'prev_value': None, 'change': True}
2026-08-09 11:52:44,380 : INFO : EventManager : Event: ======'machine_var_audits_missing_switches_s_83_stand_up_target_bank_2'====== Args={'value': 4, 'prev_value': None, 'change': True}
2026-08-09 11:52:44,381 : INFO : EventManager : Event: ======'machine_var_audits_missing_switches_s_84_stand_up_target_bank_3'====== Args={'value': 4, 'prev_value': None, 'change': True}
2026-08-09 11:52:44,381 : INFO : EventManager : Event: ======'machine_var_audits_missing_switches_s_86_stand_up_target_bank_5'====== Args={'value': 5, 'prev_value': None, 'change': True}
2026-08-09 11:52:44,381 : INFO : EventManager : Event: ======'machine_var_audits_missing_switches_s_87_stand_up_target_bank_6'====== Args={'value': 3, 'prev_value': None, 'change': True}
2026-08-09 11:52:44,381 : INFO : EventManager : Event: ======'machine_var_audits_player_score'====== Args={'value': {'average': 6765774, 'top': [88603150, 76121812, 41009082, 40615668, 24862509, 20582688, 20168509, 18733570, 17644578, 17632184], 'total': 154}, 'prev_value': None, 'change': True}
2026-08-09 11:52:44,381 : INFO : EventManager : Event: ======'machine_var_audits_shots_resistance_qualify_target_5'====== Args={'value': 28, 'prev_value': None, 'change': True}
2026-08-09 11:52:44,381 : INFO : EventManager : Event: ======'machine_var_audits_shots_resistance_qualify_target_6'====== Args={'value': 23, 'prev_value': None, 'change': True}
2026-08-09 11:52:44,381 : INFO : EventManager : Event: ======'machine_var_audits_shots_resistance_saucer_stage_5'====== Args={'value': 1, 'prev_value': None, 'change': True}
2026-08-09 11:52:44,381 : INFO : EventManager : Event: ======'machine_var_audits_shots_resistance_single_drop_stage_5'====== Args={'value': 1, 'prev_value': None, 'change': True}
2026-08-09 11:52:44,381 : INFO : EventManager : Event: ======'machine_var_audits_shots_resistance_top_lane_stage_2'====== Args={'value': 18, 'prev_value': None, 'change': True}
2026-08-09 11:52:44,381 : INFO : EventManager : Event: ======'machine_var_audits_shots_resistance_top_lane_stage_3'====== Args={'value': 10, 'prev_value': None, 'change': True}
2026-08-09 11:52:44,381 : INFO : EventManager : Event: ======'machine_var_audits_shots_resistance_top_lane_stage_4'====== Args={'value': 5, 'prev_value': None, 'change': True}
2026-08-09 11:52:44,381 : INFO : EventManager : Event: ======'machine_var_audits_shots_shot_dt_1'====== Args={'value': 303, 'prev_value': None, 'change': True}
2026-08-09 11:52:44,381 : INFO : EventManager : Event: ======'machine_var_audits_shots_shot_dt_2'====== Args={'value': 326, 'prev_value': None, 'change': True}
2026-08-09 11:52:44,381 : INFO : EventManager : Event: ======'machine_var_audits_shots_shot_dt_3'====== Args={'value': 321, 'prev_value': None, 'change': True}
2026-08-09 11:52:44,382 : INFO : EventManager : Event: ======'machine_var_audits_shots_shot_dt_4'====== Args={'value': 292, 'prev_value': None, 'change': True}
2026-08-09 11:52:44,382 : INFO : EventManager : Event: ======'machine_var_audits_shots_shot_dt_5'====== Args={'value': 310, 'prev_value': None, 'change': True}
2026-08-09 11:52:44,382 : INFO : EventManager : Event: ======'machine_var_audits_shots_shot_dt_6'====== Args={'value': 300, 'prev_value': None, 'change': True}
2026-08-09 11:52:44,382 : INFO : EventManager : Event: ======'machine_var_audits_shots_shot_dt_7'====== Args={'value': 298, 'prev_value': None, 'change': True}
2026-08-09 11:52:44,382 : INFO : EventManager : Event: ======'machine_var_audits_shots_shot_impossible'====== Args={'value': 130, 'prev_value': None, 'change': True}
2026-08-09 11:52:44,382 : INFO : EventManager : Event: ======'machine_var_audits_shots_shot_slingshot_l'====== Args={'value': 309, 'prev_value': None, 'change': True}
2026-08-09 11:52:44,382 : INFO : EventManager : Event: ======'machine_var_audits_shots_shot_slingshot_r'====== Args={'value': 464, 'prev_value': None, 'change': True}
2026-08-09 11:52:44,382 : INFO : EventManager : Event: ======'machine_var_audits_shots_shot_sut_1'====== Args={'value': 149, 'prev_value': None, 'change': True}
2026-08-09 11:52:44,382 : INFO : EventManager : Event: ======'machine_var_audits_shots_shot_sut_2'====== Args={'value': 366, 'prev_value': None, 'change': True}
2026-08-09 11:52:44,382 : INFO : EventManager : Event: ======'machine_var_audits_shots_shot_sut_3'====== Args={'value': 216, 'prev_value': None, 'change': True}
2026-08-09 11:52:44,382 : INFO : EventManager : Event: ======'machine_var_audits_shots_shot_sut_4'====== Args={'value': 229, 'prev_value': None, 'change': True}
2026-08-09 11:52:44,382 : INFO : EventManager : Event: ======'machine_var_audits_shots_shot_sut_5'====== Args={'value': 357, 'prev_value': None, 'change': True}
2026-08-09 11:52:44,382 : INFO : EventManager : Event: ======'machine_var_audits_shots_shot_sut_6'====== Args={'value': 176, 'prev_value': None, 'change': True}
2026-08-09 11:52:44,382 : INFO : EventManager : Event: ======'machine_var_audits_shots_shot_sut_blue'====== Args={'value': 723, 'prev_value': None, 'change': True}
2026-08-09 11:52:44,383 : INFO : EventManager : Event: ======'machine_var_audits_shots_shot_sut_green'====== Args={'value': 325, 'prev_value': None, 'change': True}
2026-08-09 11:52:44,383 : INFO : EventManager : Event: ======'machine_var_audits_shots_shot_sut_red'====== Args={'value': 445, 'prev_value': None, 'change': True}
2026-08-09 11:52:44,383 : INFO : EventManager : Event: ======'machine_var_audits_shots_spinner_left'====== Args={'value': 807, 'prev_value': None, 'change': True}
2026-08-09 11:52:44,383 : INFO : EventManager : Event: ======'machine_var_audits_shots_spinner_right'====== Args={'value': 636, 'prev_value': None, 'change': True}
2026-08-09 11:52:44,383 : INFO : EventManager : Event: ======'machine_var_audits_shots_varitarget_p1'====== Args={'value': 10244, 'prev_value': None, 'change': True}
2026-08-09 11:52:44,383 : INFO : EventManager : Event: ======'machine_var_audits_shots_varitarget_p2'====== Args={'value': 250, 'prev_value': None, 'change': True}
2026-08-09 11:52:44,383 : INFO : EventManager : Event: ======'machine_var_audits_shots_varitarget_p3'====== Args={'value': 244, 'prev_value': None, 'change': True}
2026-08-09 11:52:44,383 : INFO : EventManager : Event: ======'machine_var_audits_shots_varitarget_p4'====== Args={'value': 92, 'prev_value': None, 'change': True}
2026-08-09 11:52:44,383 : INFO : EventManager : Event: ======'machine_var_audits_shots_varitarget_p5'====== Args={'value': 158, 'prev_value': None, 'change': True}
2026-08-09 11:52:44,383 : INFO : EventManager : Event: ======'machine_var_audits_shots_varitarget_p6'====== Args={'value': 295, 'prev_value': None, 'change': True}
2026-08-09 11:52:44,383 : INFO : EventManager : Event: ======'machine_var_audits_shots_varitarget_p7'====== Args={'value': 58, 'prev_value': None, 'change': True}
2026-08-09 11:52:44,383 : INFO : EventManager : Event: ======'machine_var_audits_switches_s_00_service_esc'====== Args={'value': 0, 'prev_value': None, 'change': True}
2026-08-09 11:52:44,383 : INFO : EventManager : Event: ======'machine_var_audits_switches_s_01_service_up'====== Args={'value': 0, 'prev_value': None, 'change': True}
2026-08-09 11:52:44,383 : INFO : EventManager : Event: ======'machine_var_audits_switches_s_02_service_down'====== Args={'value': 0, 'prev_value': None, 'change': True}
2026-08-09 11:52:44,384 : INFO : EventManager : Event: ======'machine_var_audits_switches_s_03_service_enter'====== Args={'value': 0, 'prev_value': None, 'change': True}
2026-08-09 11:52:44,384 : INFO : EventManager : Event: ======'machine_var_audits_switches_s_08_left_flipper'====== Args={'value': 5238, 'prev_value': None, 'change': True}
2026-08-09 11:52:44,384 : INFO : EventManager : Event: ======'machine_var_audits_switches_s_11_start_button'====== Args={'value': 458, 'prev_value': None, 'change': True}
2026-08-09 11:52:44,384 : INFO : EventManager : Event: ======'machine_var_audits_switches_s_16_right_flipper'====== Args={'value': 9368, 'prev_value': None, 'change': True}
2026-08-09 11:52:44,384 : INFO : EventManager : Event: ======'machine_var_audits_switches_s_17_right_flipper_upper'====== Args={'value': 6622, 'prev_value': None, 'change': True}
2026-08-09 11:52:44,384 : INFO : EventManager : Event: ======'machine_var_audits_switches_s_19_cab_arrow_left'====== Args={'value': 61, 'prev_value': None, 'change': True}
2026-08-09 11:52:44,384 : INFO : EventManager : Event: ======'machine_var_audits_switches_s_20_cab_arrow_right'====== Args={'value': 53, 'prev_value': None, 'change': True}
2026-08-09 11:52:44,384 : INFO : EventManager : Event: ======'machine_var_audits_switches_s_24_trough_1'====== Args={'value': 1954, 'prev_value': None, 'change': True}
2026-08-09 11:52:44,384 : INFO : EventManager : Event: ======'machine_var_audits_switches_s_25_trough_2'====== Args={'value': 1925, 'prev_value': None, 'change': True}
2026-08-09 11:52:44,384 : INFO : EventManager : Event: ======'machine_var_audits_switches_s_26_trough_3'====== Args={'value': 1666, 'prev_value': None, 'change': True}
2026-08-09 11:52:44,384 : INFO : EventManager : Event: ======'machine_var_audits_switches_s_27_trough_4'====== Args={'value': 1245, 'prev_value': None, 'change': True}
2026-08-09 11:52:44,384 : INFO : EventManager : Event: ======'machine_var_audits_switches_s_28_trough_5'====== Args={'value': 1030, 'prev_value': None, 'change': True}
2026-08-09 11:52:44,384 : INFO : EventManager : Event: ======'machine_var_audits_switches_s_29_trough_6'====== Args={'value': 1082, 'prev_value': None, 'change': True}
2026-08-09 11:52:44,385 : INFO : EventManager : Event: ======'machine_var_audits_switches_s_30_trough_jam'====== Args={'value': 1947, 'prev_value': None, 'change': True}
2026-08-09 11:52:44,385 : INFO : EventManager : Event: ======'machine_var_audits_switches_s_31_plunger_lane'====== Args={'value': 1588, 'prev_value': None, 'change': True}
2026-08-09 11:52:44,385 : INFO : EventManager : Event: ======'machine_var_audits_switches_s_32_right_inlane'====== Args={'value': 212, 'prev_value': None, 'change': True}
2026-08-09 11:52:44,385 : INFO : EventManager : Event: ======'machine_var_audits_switches_s_33_right_outlane'====== Args={'value': 25, 'prev_value': None, 'change': True}
2026-08-09 11:52:44,385 : INFO : EventManager : Event: ======'machine_var_audits_switches_s_34_right_sling'====== Args={'value': 464, 'prev_value': None, 'change': True}
2026-08-09 11:52:44,385 : INFO : EventManager : Event: ======'machine_var_audits_switches_s_35_left_inlane'====== Args={'value': 225, 'prev_value': None, 'change': True}
2026-08-09 11:52:44,385 : INFO : EventManager : Event: ======'machine_var_audits_switches_s_36_left_outlane'====== Args={'value': 90, 'prev_value': None, 'change': True}
2026-08-09 11:52:44,385 : INFO : EventManager : Event: ======'machine_var_audits_switches_s_37_left_sling'====== Args={'value': 309, 'prev_value': None, 'change': True}
2026-08-09 11:52:44,385 : INFO : EventManager : Event: ======'machine_var_audits_switches_s_38_star_rollover_bottom'====== Args={'value': 0, 'prev_value': None, 'change': True}
2026-08-09 11:52:44,385 : INFO : EventManager : Event: ======'machine_var_audits_switches_s_39_star_rollover_top'====== Args={'value': 0, 'prev_value': None, 'change': True}
2026-08-09 11:52:44,385 : INFO : EventManager : Event: ======'machine_var_audits_switches_s_40_stand_up_target_5'====== Args={'value': 225, 'prev_value': None, 'change': True}
2026-08-09 11:52:44,385 : INFO : EventManager : Event: ======'machine_var_audits_switches_s_41_stand_up_target_6'====== Args={'value': 550, 'prev_value': None, 'change': True}
2026-08-09 11:52:44,385 : INFO : EventManager : Event: ======'machine_var_audits_switches_s_42_stand_up_target_1'====== Args={'value': 130, 'prev_value': None, 'change': True}
2026-08-09 11:52:44,386 : INFO : EventManager : Event: ======'machine_var_audits_switches_s_43_stand_up_target_4'====== Args={'value': 316, 'prev_value': None, 'change': True}
2026-08-09 11:52:44,386 : INFO : EventManager : Event: ======'machine_var_audits_switches_s_44_spinner_right'====== Args={'value': 637, 'prev_value': None, 'change': True}
2026-08-09 11:52:44,386 : INFO : EventManager : Event: ======'machine_var_audits_switches_s_56_pop_bumper_right'====== Args={'value': 689, 'prev_value': None, 'change': True}
2026-08-09 11:52:44,386 : INFO : EventManager : Event: ======'machine_var_audits_switches_s_57_pop_bumper_center'====== Args={'value': 1545, 'prev_value': None, 'change': True}
2026-08-09 11:52:44,386 : INFO : EventManager : Event: ======'machine_var_audits_switches_s_58_pop_bumper_left'====== Args={'value': 2099, 'prev_value': None, 'change': True}
2026-08-09 11:52:44,386 : INFO : EventManager : Event: ======'machine_var_audits_switches_s_59_saucer_right'====== Args={'value': 52, 'prev_value': None, 'change': True}
2026-08-09 11:52:44,386 : INFO : EventManager : Event: ======'machine_var_audits_switches_s_60_top_lane_c'====== Args={'value': 603, 'prev_value': None, 'change': True}
2026-08-09 11:52:44,386 : INFO : EventManager : Event: ======'machine_var_audits_switches_s_61_top_lane_b'====== Args={'value': 624, 'prev_value': None, 'change': True}
2026-08-09 11:52:44,386 : INFO : EventManager : Event: ======'machine_var_audits_switches_s_62_top_lane_a'====== Args={'value': 156, 'prev_value': None, 'change': True}
2026-08-09 11:52:44,386 : INFO : EventManager : Event: ======'machine_var_audits_switches_s_63_stand_up_target_3'====== Args={'value': 165, 'prev_value': None, 'change': True}
2026-08-09 11:52:44,386 : INFO : EventManager : Event: ======'machine_var_audits_switches_s_64_varitarget_position_1'====== Args={'value': 10251, 'prev_value': None, 'change': True}
2026-08-09 11:52:44,386 : INFO : EventManager : Event: ======'machine_var_audits_switches_s_65_varitarget_position_2'====== Args={'value': 250, 'prev_value': None, 'change': True}
2026-08-09 11:52:44,386 : INFO : EventManager : Event: ======'machine_var_audits_switches_s_66_varitarget_position_3'====== Args={'value': 244, 'prev_value': None, 'change': True}
2026-08-09 11:52:44,387 : INFO : EventManager : Event: ======'machine_var_audits_switches_s_67_varitarget_position_4'====== Args={'value': 92, 'prev_value': None, 'change': True}
2026-08-09 11:52:44,387 : INFO : EventManager : Event: ======'machine_var_audits_switches_s_68_varitarget_position_5'====== Args={'value': 158, 'prev_value': None, 'change': True}
2026-08-09 11:52:44,387 : INFO : EventManager : Event: ======'machine_var_audits_switches_s_69_varitarget_position_6'====== Args={'value': 295, 'prev_value': None, 'change': True}
2026-08-09 11:52:44,387 : INFO : EventManager : Event: ======'machine_var_audits_switches_s_70_varitarget_position_7'====== Args={'value': 58, 'prev_value': None, 'change': True}
2026-08-09 11:52:44,387 : INFO : EventManager : Event: ======'machine_var_audits_switches_s_71_spinner_left'====== Args={'value': 807, 'prev_value': None, 'change': True}
2026-08-09 11:52:44,387 : INFO : EventManager : Event: ======'machine_var_audits_switches_s_72_single_drop_1'====== Args={'value': 231, 'prev_value': None, 'change': True}
2026-08-09 11:52:44,387 : INFO : EventManager : Event: ======'machine_var_audits_switches_s_73_fourbank_drop_1'====== Args={'value': 313, 'prev_value': None, 'change': True}
2026-08-09 11:52:44,387 : INFO : EventManager : Event: ======'machine_var_audits_switches_s_74_fourbank_drop_2'====== Args={'value': 330, 'prev_value': None, 'change': True}
2026-08-09 11:52:44,387 : INFO : EventManager : Event: ======'machine_var_audits_switches_s_75_fourbank_drop_3'====== Args={'value': 330, 'prev_value': None, 'change': True}
2026-08-09 11:52:44,387 : INFO : EventManager : Event: ======'machine_var_audits_switches_s_76_fourbank_drop_4'====== Args={'value': 305, 'prev_value': None, 'change': True}
2026-08-09 11:52:44,387 : INFO : EventManager : Event: ======'machine_var_audits_switches_s_77_threebank_drop_1'====== Args={'value': 549, 'prev_value': None, 'change': True}
2026-08-09 11:52:44,387 : INFO : EventManager : Event: ======'machine_var_audits_switches_s_78_threebank_drop_2'====== Args={'value': 315, 'prev_value': None, 'change': True}
2026-08-09 11:52:44,387 : INFO : EventManager : Event: ======'machine_var_audits_switches_s_79_threebank_drop_3'====== Args={'value': 304, 'prev_value': None, 'change': True}
2026-08-09 11:52:44,388 : INFO : EventManager : Event: ======'machine_var_audits_switches_s_80_stand_up_target_2'====== Args={'value': 18, 'prev_value': None, 'change': True}
2026-08-09 11:52:44,388 : INFO : EventManager : Event: ======'machine_var_audits_switches_s_81_saucer_left'====== Args={'value': 112, 'prev_value': None, 'change': True}
2026-08-09 11:52:44,388 : INFO : EventManager : Event: ======'machine_var_audits_switches_s_82_stand_up_target_bank_1'====== Args={'value': 149, 'prev_value': None, 'change': True}
2026-08-09 11:52:44,388 : INFO : EventManager : Event: ======'machine_var_audits_switches_s_83_stand_up_target_bank_2'====== Args={'value': 366, 'prev_value': None, 'change': True}
2026-08-09 11:52:44,388 : INFO : EventManager : Event: ======'machine_var_audits_switches_s_84_stand_up_target_bank_3'====== Args={'value': 216, 'prev_value': None, 'change': True}
2026-08-09 11:52:44,388 : INFO : EventManager : Event: ======'machine_var_audits_switches_s_85_stand_up_target_bank_4'====== Args={'value': 229, 'prev_value': None, 'change': True}
2026-08-09 11:52:44,388 : INFO : EventManager : Event: ======'machine_var_audits_switches_s_86_stand_up_target_bank_5'====== Args={'value': 357, 'prev_value': None, 'change': True}
2026-08-09 11:52:44,388 : INFO : EventManager : Event: ======'machine_var_audits_switches_s_87_stand_up_target_bank_6'====== Args={'value': 176, 'prev_value': None, 'change': True}
2026-08-09 11:52:44,398 : INFO : EventManager : Event: ======'init_phase_5'====== Args={}
2026-08-09 11:52:44,405 : INFO : EventManager : Event: ======'init_done'====== Args={}
2026-08-09 11:52:44,418 : INFO : EventManager : Event: ======'machine_reset_phase_1'====== Args={}
2026-08-09 11:52:44,444 : INFO : EventManager : Event: ======'machine_reset_phase_2'====== Args={}
2026-08-09 11:52:44,454 : INFO : EventManager : Event: ======'machine_reset_phase_3'====== Args={}
2026-08-09 11:52:44,459 : INFO : drop_target_bank.dt_bank_1_4 : 1 targets are down. Will reset those.
2026-08-09 11:52:44,459 : INFO : coil.c_40_fourbank_drop_reset : Pulsing Driver for 10ms (1.0 pulse_power)
2026-08-09 11:52:44,459 : INFO : drop_target_bank.dt_bank_5_7 : 1 targets are down. Will reset those.
2026-08-09 11:52:44,463 : INFO : EventManager : Event: ======'reset_complete'====== Args={}
2026-08-09 11:52:44,468 : INFO : EventManager : Event: ======'mode_attract_will_start'====== Args={}
2026-08-09 11:52:44,468 : INFO : Timer.attract_carousel_timer : Starting Timer.
2026-08-09 11:52:44,469 : INFO : EventManager : Event: ======'timer_attract_carousel_timer_started'====== Args={'ticks': 0, 'ticks_remaining': 1}
2026-08-09 11:52:44,469 : INFO : EventManager : Event: ======'timer_attract_carousel_timer_tick'====== Args={'ticks': 0, 'ticks_remaining': 1}
2026-08-09 11:52:44,471 : INFO : EventManager : Event: ======'mode_attract_starting'====== Args={}
2026-08-09 11:52:44,471 : INFO : Mode.attract : Started. Priority: 10
2026-08-09 11:52:44,471 : INFO : EventManager : Event: ======'modes_active_modes_changed'====== Args={}
2026-08-09 11:52:44,471 : INFO : EventManager : Event: ======'mode_attract_started'====== Args={}
2026-08-09 11:52:44,471 : INFO : EventManager : Event: ======'start_mode_attract_scores'====== Args={'priority': 0}
2026-08-09 11:52:44,471 : INFO : EventManager : Event: ======'start_mode_attract_credits'====== Args={'priority': 0}
2026-08-09 11:52:44,471 : INFO : EventManager : Event: ======'attract_backglass_cycle_start'====== Args={'priority': 0}
2026-08-09 11:52:44,471 : INFO : EventManager : Event: ======'attract_playfield_lightshow'====== Args={'priority': 0}
2026-08-09 11:52:44,472 : INFO : EventManager : Event: ======'mode_attract_scores_will_start'====== Args={'priority': 0}
2026-08-09 11:52:44,473 : INFO : Timer.attract_scores_carousel_timer : Starting Timer.
2026-08-09 11:52:44,473 : INFO : EventManager : Event: ======'timer_attract_scores_carousel_timer_started'====== Args={'ticks': 0, 'ticks_remaining': 1}
2026-08-09 11:52:44,473 : INFO : EventManager : Event: ======'timer_attract_scores_carousel_timer_tick'====== Args={'ticks': 0, 'ticks_remaining': 1}
2026-08-09 11:52:44,473 : INFO : EventManager : Event: ======'mode_attract_scores_starting'====== Args={'priority': 0}
2026-08-09 11:52:44,473 : INFO : EventManager : Event: ======'mode_attract_credits_will_start'====== Args={'priority': 0}
2026-08-09 11:52:44,473 : INFO : Timer.attract_credits_carousel_timer : Starting Timer.
2026-08-09 11:52:44,473 : INFO : EventManager : Event: ======'timer_attract_credits_carousel_timer_started'====== Args={'ticks': 0, 'ticks_remaining': 1}
2026-08-09 11:52:44,473 : INFO : EventManager : Event: ======'timer_attract_credits_carousel_timer_tick'====== Args={'ticks': 0, 'ticks_remaining': 1}
2026-08-09 11:52:44,474 : INFO : EventManager : Event: ======'mode_attract_credits_starting'====== Args={'priority': 0}
2026-08-09 11:52:44,476 : INFO : Mode.attract_credits : Started. Priority: 8
2026-08-09 11:52:44,476 : INFO : EventManager : Event: ======'modes_active_modes_changed'====== Args={}
2026-08-09 11:52:44,476 : INFO : EventManager : Event: ======'mode_attract_credits_started'====== Args={'priority': 0}
2026-08-09 11:52:44,477 : INFO : EventManager : Event: ======'carousel_item_highlighted'====== Args={'carousel': 'attract_credits', 'direction': None, 'item': 'credits_sfx'}
2026-08-09 11:52:44,477 : INFO : Mode.attract_scores : Started. Priority: 9
2026-08-09 11:52:44,477 : INFO : EventManager : Event: ======'modes_active_modes_changed'====== Args={}
2026-08-09 11:52:44,477 : INFO : EventManager : Event: ======'mode_attract_scores_started'====== Args={'priority': 0}
2026-08-09 11:52:44,477 : INFO : EventManager : Event: ======'carousel_item_highlighted'====== Args={'carousel': 'attract_scores', 'direction': None, 'item': 'last_game_score'}
2026-08-09 11:52:44,477 : INFO : EventManager : Event: ======'collecting_balls_complete'====== Args={}
2026-08-09 11:52:44,478 : INFO : EventManager : Event: ======'carousel_item_highlighted'====== Args={'carousel': 'attract', 'direction': None, 'item': 'title'}
2026-08-09 11:52:44,481 : INFO : coil.c_32_threebank_drop_reset : Pulsing Driver for 10ms (1.0 pulse_power)
2026-08-09 11:52:44,495 : INFO : coil.c_40_fourbank_drop_reset : Pulsing Driver for 10ms (1.0 pulse_power)
2026-08-09 11:52:44,504 : INFO : coil.c_32_threebank_drop_reset : Pulsing Driver for 10ms (1.0 pulse_power)
2026-08-09 11:52:44,504 : INFO : Machine : Starting the main run loop with active modes: [<Mode.attract>, <Mode.attract_scores>, <Mode.attract_credits>]
2026-08-09 11:52:44,505 : INFO : SwitchController : <<<<<<< 's_76_fourbank_drop_4' inactive (muted) >>>>>>>
2026-08-09 11:52:44,523 : INFO : SwitchController : <<<<<<< 's_77_threebank_drop_1' inactive (muted) >>>>>>>
2026-08-09 11:52:44,531 : INFO : BcpServer : New client connected.
2026-08-09 11:52:44,640 : INFO : EventManager : Event: ======'slide_attract_created'====== Args={'_from_bcp': True}
2026-08-09 11:52:44,641 : INFO : EventManager : Event: ======'slide__removed'====== Args={'_from_bcp': True}
2026-08-09 11:52:44,642 : INFO : EventManager : Event: ======'slide_attract_active'====== Args={'original_context': 'attract', 'original_calling_context': 'mode_attract_started', 'priority': 10.0, 'cmd': 'slides_play', '_from_bcp': True}
2026-08-09 11:52:44,858 : INFO : BallController : Initial balls found: 3
2026-08-09 11:52:44,859 : INFO : EventManager : Event: ======'balldevice_bd_trough_ball_count_changed'====== Args={'balls': 3}
2026-08-09 11:52:44,859 : INFO : ball_device.bd_trough : Received unexpected ball
2026-08-09 11:52:44,859 : INFO : EventManager : Event: ======'balldevice_captured_from_playfield'====== Args={'balls': 1}
2026-08-09 11:52:44,866 : INFO : EventManager : Event: ======'sw_playfield_active'====== Args={'balls': 1}
2026-08-09 11:52:44,866 : INFO : EventManager : Event: ======'playfield_active'====== Args={'source': None}
2026-08-09 11:52:44,866 : INFO : EventManager : Event: ======'unexpected_ball_on_playfield'====== Args={}
2026-08-09 11:52:44,867 : INFO : EventManager : Event: ======'playfield_ball_count_change'====== Args={'balls': -1, 'change': -1}
2026-08-09 11:52:44,873 : INFO : EventManager : Event: ======'balldevice_bd_trough_ball_enter'====== Args={'new_balls': 1, 'unclaimed_balls': 1, 'new_available_balls': 1, 'device': <ball_device.bd_trough>}
2026-08-09 11:52:44,885 : INFO : EventManager : Event: ======'ball_drain'====== Args={'device': <ball_device.bd_trough>, 'balls': 1}
2026-08-09 11:52:44,891 : INFO : EventManager : Event: ======'balldevice_balls_available'====== Args={}
2026-08-09 11:52:44,891 : INFO : EventManager : Event: ======'balldevice_bd_trough_ball_entered'====== Args={'new_balls': 1, 'device': <ball_device.bd_trough>}
2026-08-09 11:52:44,962 : INFO : EventManager : Event: ======'drop_target_dt_4_up'====== Args={'device': <drop_target.dt_4>}
2026-08-09 11:52:44,963 : INFO : EventManager : Event: ======'drop_target_dt_5_up'====== Args={'device': <drop_target.dt_5>}
2026-08-09 11:52:49,463 : INFO : Timer.attract_carousel_timer : Timer Complete
2026-08-09 11:52:49,463 : INFO : Timer.attract_carousel_timer : Stopping Timer
2026-08-09 11:52:49,463 : INFO : EventManager : Event: ======'timer_attract_carousel_timer_stopped'====== Args={'ticks': 1, 'ticks_remaining': 1}
2026-08-09 11:52:49,463 : INFO : EventManager : Event: ======'timer_attract_carousel_timer_complete'====== Args={'ticks': 1, 'ticks_remaining': 1}
2026-08-09 11:52:49,465 : INFO : Timer.attract_scores_carousel_timer : Timer Complete
2026-08-09 11:52:49,465 : INFO : Timer.attract_scores_carousel_timer : Stopping Timer
2026-08-09 11:52:49,465 : INFO : EventManager : Event: ======'timer_attract_scores_carousel_timer_stopped'====== Args={'ticks': 1, 'ticks_remaining': 1}
2026-08-09 11:52:49,465 : INFO : EventManager : Event: ======'timer_attract_scores_carousel_timer_complete'====== Args={'ticks': 1, 'ticks_remaining': 1}
2026-08-09 11:52:49,466 : INFO : Timer.attract_credits_carousel_timer : Timer Complete
2026-08-09 11:52:49,466 : INFO : Timer.attract_credits_carousel_timer : Stopping Timer
2026-08-09 11:52:49,466 : INFO : EventManager : Event: ======'timer_attract_credits_carousel_timer_stopped'====== Args={'ticks': 1, 'ticks_remaining': 1}
2026-08-09 11:52:49,466 : INFO : EventManager : Event: ======'timer_attract_credits_carousel_timer_complete'====== Args={'ticks': 1, 'ticks_remaining': 1}
2026-08-09 11:52:49,470 : INFO : EventManager : Event: ======'carousel_item_highlighted'====== Args={'carousel': 'attract', 'direction': 'forwards', 'item': 'title2'}
2026-08-09 11:52:49,470 : INFO : Timer.attract_carousel_timer : Starting Timer.
2026-08-09 11:52:49,470 : INFO : EventManager : Event: ======'timer_attract_carousel_timer_started'====== Args={'ticks': 0, 'ticks_remaining': 1}
2026-08-09 11:52:49,470 : INFO : EventManager : Event: ======'timer_attract_carousel_timer_tick'====== Args={'ticks': 0, 'ticks_remaining': 1}
2026-08-09 11:52:49,471 : INFO : EventManager : Event: ======'carousel_item_highlighted'====== Args={'carousel': 'attract_scores', 'direction': 'forwards', 'item': 'grand_champion'}
2026-08-09 11:52:49,471 : INFO : EventManager : Event: ======'carousel_item_highlighted'====== Args={'carousel': 'attract_credits', 'direction': 'forwards', 'item': 'credits_mpf'}
2026-08-09 11:52:52,707 : INFO : EventManager : Event: ======'attract_backglass_helicopter_rotor'====== Args={}
2026-08-09 11:52:54,456 : INFO : Timer.attract_carousel_timer : Timer Complete
2026-08-09 11:52:54,456 : INFO : Timer.attract_carousel_timer : Stopping Timer
2026-08-09 11:52:54,456 : INFO : EventManager : Event: ======'timer_attract_carousel_timer_stopped'====== Args={'ticks': 1, 'ticks_remaining': 1}
2026-08-09 11:52:54,456 : INFO : EventManager : Event: ======'timer_attract_carousel_timer_complete'====== Args={'ticks': 1, 'ticks_remaining': 1}
2026-08-09 11:52:54,457 : INFO : EventManager : Event: ======'carousel_item_highlighted'====== Args={'carousel': 'attract', 'direction': 'forwards', 'item': 'title'}
2026-08-09 11:52:54,457 : INFO : Timer.attract_carousel_timer : Starting Timer.
2026-08-09 11:52:54,458 : INFO : EventManager : Event: ======'timer_attract_carousel_timer_started'====== Args={'ticks': 0, 'ticks_remaining': 1}
2026-08-09 11:52:54,458 : INFO : EventManager : Event: ======'timer_attract_carousel_timer_tick'====== Args={'ticks': 0, 'ticks_remaining': 1}
2026-08-09 11:52:56,169 : INFO : EventManager : Event: ======'attract_step_3'====== Args={}
2026-08-09 11:52:56,628 : INFO : SwitchController : <<<<<<< 's_11_start_button' active >>>>>>>
2026-08-09 11:52:56,754 : INFO : SwitchController : <<<<<<< 's_11_start_button' inactive >>>>>>>
2026-08-09 11:52:56,754 : INFO : EventManager : Event: ======'request_to_start_game'====== Args={}
2026-08-09 11:52:56,757 : INFO : EventManager : Event: ======'game_start'====== Args={'buttons': [], 'hold_time': 0.125}
2026-08-09 11:52:56,757 : INFO : EventManager : Event: ======'mode_game_will_start'====== Args={'buttons': [], 'hold_time': 0.125}
2026-08-09 11:52:56,757 : INFO : EventManager : Event: ======'mode_game_starting'====== Args={'buttons': [], 'hold_time': 0.125}
2026-08-09 11:52:56,757 : INFO : EventManager : Event: ======'mode_attract_will_stop'====== Args={}
2026-08-09 11:52:56,758 : INFO : EventManager : Event: ======'mode_attract_stopping'====== Args={}
2026-08-09 11:52:56,758 : INFO : EventManager : Event: ======'stop_mode_attract_scores'====== Args={'priority': 0}
2026-08-09 11:52:56,758 : INFO : EventManager : Event: ======'stop_mode_attract_credits'====== Args={'priority': 0}
2026-08-09 11:52:56,758 : INFO : EventManager : Event: ======'attract_music_stop'====== Args={'priority': 0}
2026-08-09 11:52:56,758 : INFO : EventManager : Event: ======'stop_directional_audio'====== Args={'priority': 0}
2026-08-09 11:52:56,758 : INFO : Timer.backglass_cycle_restart_delay : Stopping Timer
2026-08-09 11:52:56,758 : INFO : EventManager : Event: ======'timer_backglass_cycle_restart_delay_stopped'====== Args={'ticks': 0, 'ticks_remaining': 0}
2026-08-09 11:52:56,758 : INFO : EventManager : Event: ======'mode_attract_scores_will_stop'====== Args={}
2026-08-09 11:52:56,759 : INFO : EventManager : Event: ======'mode_attract_scores_stopping'====== Args={}
2026-08-09 11:52:56,759 : INFO : EventManager : Event: ======'mode_attract_credits_will_stop'====== Args={}
2026-08-09 11:52:56,759 : INFO : EventManager : Event: ======'mode_attract_credits_stopping'====== Args={}
2026-08-09 11:52:56,759 : INFO : EventManager : Event: ======'audio_command'====== Args={'priority': 0, 'command': 0}
2026-08-09 11:52:56,759 : INFO : Mode.attract : Stopped.
2026-08-09 11:52:56,759 : INFO : EventManager : Event: ======'modes_active_modes_changed'====== Args={}
2026-08-09 11:52:56,763 : INFO : EventManager : Event: ======'mode_attract_stopped'====== Args={}
2026-08-09 11:52:56,763 : INFO : EventManager : Event: ======'clear'====== Args={'key': 'attract'}
2026-08-09 11:52:56,763 : INFO : Timer.directional_track_1_delay : Stopping Timer
2026-08-09 11:52:56,763 : INFO : EventManager : Event: ======'timer_directional_track_1_delay_stopped'====== Args={'ticks': 0, 'ticks_remaining': 0}
2026-08-09 11:52:56,763 : INFO : Timer.attract_carousel_timer : Stopping Timer
2026-08-09 11:52:56,763 : INFO : EventManager : Event: ======'timer_attract_carousel_timer_stopped'====== Args={'ticks': 0, 'ticks_remaining': 1}
2026-08-09 11:52:56,764 : INFO : Timer.backglass_cycle_restart_delay : Stopping Timer
2026-08-09 11:52:56,764 : INFO : EventManager : Event: ======'timer_backglass_cycle_restart_delay_stopped'====== Args={'ticks': 0, 'ticks_remaining': 0}
2026-08-09 11:52:56,764 : INFO : Mode.attract_credits : Stopped.
2026-08-09 11:52:56,764 : INFO : EventManager : Event: ======'modes_active_modes_changed'====== Args={}
2026-08-09 11:52:56,764 : INFO : EventManager : Event: ======'mode_attract_credits_stopped'====== Args={}
2026-08-09 11:52:56,764 : INFO : EventManager : Event: ======'clear'====== Args={'key': 'attract_credits'}
2026-08-09 11:52:56,764 : INFO : Timer.attract_credits_carousel_timer : Stopping Timer
2026-08-09 11:52:56,764 : INFO : EventManager : Event: ======'timer_attract_credits_carousel_timer_stopped'====== Args={'ticks': 1, 'ticks_remaining': 1}
2026-08-09 11:52:56,764 : INFO : Mode.attract_scores : Stopped.
2026-08-09 11:52:56,764 : INFO : EventManager : Event: ======'modes_active_modes_changed'====== Args={}
2026-08-09 11:52:56,765 : INFO : EventManager : Event: ======'mode_attract_scores_stopped'====== Args={}
2026-08-09 11:52:56,765 : INFO : EventManager : Event: ======'clear'====== Args={'key': 'attract_scores'}
2026-08-09 11:52:56,765 : INFO : Timer.attract_scores_carousel_timer : Stopping Timer
2026-08-09 11:52:56,765 : INFO : EventManager : Event: ======'timer_attract_scores_carousel_timer_stopped'====== Args={'ticks': 1, 'ticks_remaining': 1}
2026-08-09 11:52:56,765 : INFO : Mode.game : Started. Priority: 20
2026-08-09 11:52:56,765 : INFO : EventManager : Event: ======'modes_active_modes_changed'====== Args={}
2026-08-09 11:52:56,765 : INFO : EventManager : Event: ======'mode_game_started'====== Args={'buttons': [], 'hold_time': 0.125}
2026-08-09 11:52:56,778 : INFO : EventManager : Event: ======'game_will_start'====== Args={}
2026-08-09 11:52:56,791 : INFO : EventManager : Event: ======'game_starting'====== Args={'game': <Mode.game>}
2026-08-09 11:52:56,793 : INFO : EventManager : Unordered handler for class <Auditor> on event game_ended with priority 1. Handlers: [RegisteredHandler(callback=<bound method Auditor.disable of <Auditor>>, priority=1, kwargs={}, key=UUID('62277aa5-1bb4-439c-a085-45b22b087e21'), condition=None, blocking_facility=None), RegisteredHandler(callback=<bound method Auditor._save_audits of <Auditor>>, priority=1, kwargs={}, key=UUID('3d3fe067-4002-4ade-86b8-ce92b61554dd'), condition=None, blocking_facility=None)]. The order of those handlers is not defined and they will be executed in random order. This might lead to race conditions and potential bugs.
2026-08-09 11:52:56,794 : INFO : EventManager : Event: ======'player_add_request'====== Args={}
2026-08-09 11:52:56,795 : INFO : EventManager : Event: ======'player_will_add'====== Args={'number': 1}
2026-08-09 11:52:56,796 : INFO : EventManager : Event: ======'player_adding'====== Args={'player': <Player 1>, 'number': 1}
2026-08-09 11:52:56,796 : INFO : EventManager : Event: ======'player_added'====== Args={'player': <Player 1>, 'num': 1}
2026-08-09 11:52:56,796 : INFO : Mode.game : Player added successfully. Total players: 1
2026-08-09 11:52:56,797 : INFO : EventManager : Event: ======'player_index'====== Args={'value': 0, 'prev_value': 0, 'change': 0, 'player_num': 1}
2026-08-09 11:52:56,797 : INFO : EventManager : Event: ======'player_number'====== Args={'value': 1, 'prev_value': 1, 'change': 0, 'player_num': 1}
2026-08-09 11:52:56,797 : INFO : EventManager : Event: ======'player_awareness'====== Args={'value': 0, 'prev_value': 0, 'change': 0, 'player_num': 1}
2026-08-09 11:52:56,797 : INFO : EventManager : Event: ======'player_awareness_target'====== Args={'value': 100, 'prev_value': 100, 'change': 0, 'player_num': 1}
2026-08-09 11:52:56,798 : INFO : EventManager : Event: ======'player_awareness_qualified'====== Args={'value': 0, 'prev_value': 0, 'change': 0, 'player_num': 1}
2026-08-09 11:52:56,798 : INFO : EventManager : Event: ======'player_awareness_mysteries_collected'====== Args={'value': 0, 'prev_value': 0, 'change': 0, 'player_num': 1}
2026-08-09 11:52:56,798 : INFO : EventManager : Event: ======'player_awareness_milestone_25'====== Args={'value': 0, 'prev_value': 0, 'change': 0, 'player_num': 1}
2026-08-09 11:52:56,798 : INFO : EventManager : Event: ======'player_awareness_milestone_50'====== Args={'value': 0, 'prev_value': 0, 'change': 0, 'player_num': 1}
2026-08-09 11:52:56,798 : INFO : EventManager : Event: ======'player_awareness_milestone_75'====== Args={'value': 0, 'prev_value': 0, 'change': 0, 'player_num': 1}
2026-08-09 11:52:56,798 : INFO : EventManager : Event: ======'player_score'====== Args={'value': 0, 'prev_value': 0, 'change': 0, 'player_num': 1}
2026-08-09 11:52:56,803 : INFO : EventManager : Event: ======'game_started'====== Args={}
2026-08-09 11:52:56,813 : INFO : EventManager : Event: ======'player_turn_will_start'====== Args={'player': <Player 1>, 'number': 1}
2026-08-09 11:52:56,822 : INFO : EventManager : Event: ======'player_turn_starting'====== Args={'player': <Player 1>, 'number': 1}
2026-08-09 11:52:56,824 : INFO : EventManager : Event: ======'player_ball'====== Args={'value': 1, 'prev_value': 0, 'change': 1, 'player_num': 1}
2026-08-09 11:52:56,825 : INFO : EventManager : Event: ======'player_turn_started'====== Args={'player': <Player 1>, 'number': 1}
2026-08-09 11:52:56,827 : INFO : EventManager : Event: ======'ball_will_start'====== Args={'player': 1, 'ball': 1, 'balls_remaining': 2, 'is_extra_ball': False}
2026-08-09 11:52:56,832 : INFO : EventManager : Event: ======'ball_starting'====== Args={'player': 1, 'ball': 1, 'balls_remaining': 2, 'is_extra_ball': False}
2026-08-09 11:52:56,834 : INFO : EventManager : Event: ======'mode_skillshot_will_start'====== Args={'queue': <QueuedEvent>, 'player': 1, 'ball': 1, 'balls_remaining': 2, 'is_extra_ball': False}
2026-08-09 11:52:56,841 : INFO : EventManager : Event: ======'mode_skillshot_starting'====== Args={'queue': <QueuedEvent>, 'player': 1, 'ball': 1, 'balls_remaining': 2, 'is_extra_ball': False}
2026-08-09 11:52:56,842 : INFO : EventManager : Event: ======'mode_awareness_will_start'====== Args={'queue': <QueuedEvent>, 'player': 1, 'ball': 1, 'balls_remaining': 2, 'is_extra_ball': False}
2026-08-09 11:52:56,849 : INFO : Mode.skillshot : Started. Priority: 200
2026-08-09 11:52:56,849 : INFO : EventManager : Event: ======'modes_active_modes_changed'====== Args={}
2026-08-09 11:52:56,849 : INFO : EventManager : Event: ======'mode_skillshot_started'====== Args={'queue': <QueuedEvent>, 'player': 1, 'ball': 1, 'balls_remaining': 2, 'is_extra_ball': False}
2026-08-09 11:52:56,849 : INFO : EventManager : Event: ======'player_skillshot_left_plunger'====== Args={'value': 0, 'prev_value': 0, 'change': 0, 'player_num': 1, 'source': 'skillshot'}
2026-08-09 11:52:56,850 : INFO : EventManager : Event: ======'player_skillshot_first_switch_seen'====== Args={'value': 0, 'prev_value': 0, 'change': 0, 'player_num': 1, 'source': 'skillshot'}
2026-08-09 11:52:56,850 : INFO : EventManager : Event: ======'player_skillshot_phase1_success'====== Args={'value': 0, 'prev_value': 0, 'change': 0, 'player_num': 1, 'source': 'skillshot'}
2026-08-09 11:52:56,850 : INFO : EventManager : Event: ======'player_skillshot_phase2_success'====== Args={'value': 0, 'prev_value': 0, 'change': 0, 'player_num': 1, 'source': 'skillshot'}
2026-08-09 11:52:56,850 : INFO : EventManager : Event: ======'player_skillshot_waiting_phase3'====== Args={'value': 0, 'prev_value': 0, 'change': 0, 'player_num': 1, 'source': 'skillshot'}
2026-08-09 11:52:56,850 : INFO : EventManager : Event: ======'player_skillshot_award'====== Args={'value': 500000, 'prev_value': 0, 'change': 500000, 'player_num': 1, 'source': 'skillshot'}
2026-08-09 11:52:56,851 : ERROR : asyncio : Exception in callback EventManager._queue_task_done(<Task finishe....awareness>")>)
handle: <Handle EventManager._queue_task_done(<Task finishe....awareness>")>)>
Traceback (most recent call last):
  File "C:\Users\tl\AppData\Local\Programs\Python\Python312\Lib\asyncio\events.py", line 88, in _run
    self._context.run(self._callback, *self._args)
  File "C:\mpf\Lib\site-packages\mpf\core\events.py", line 795, in _queue_task_done
    future.result()
  File "C:\mpf\Lib\site-packages\mpf\core\events.py", line 708, in _run_handlers_sequential
    handler.callback(queue=queue, **merged_kwargs)
  File "C:\mpf\Lib\site-packages\mpf\core\mode.py", line 218, in start
    result = item.method(config=self.config.get(item.config_section, self.config),
             ^^^^^^^^^^^^^^^^^^^^^^^^^^^^^^^^^^^^^^^^^^^^^^^^^^^^^^^^^^^^^^^^^^^^^
  File "C:\mpf\Lib\site-packages\mpf\core\config_player.py", line 221, in mode_start
    event_keys = self.register_player_events(config, mode, priority)
                 ^^^^^^^^^^^^^^^^^^^^^^^^^^^^^^^^^^^^^^^^^^^^^^^^^^^
  File "C:\mpf\Lib\site-packages\mpf\core\config_player.py", line 292, in register_player_events
    raise ConfigFileError("Section not valid outside of game modes. {} {}:{} Mode: {}".format(
mpf.exceptions.config_file_error.ConfigFileError: Config File Error in variable_player: Section not valid outside of game modes. ConfigPlayer.variable_player/variables awareness_add_1:{'awareness': {'action': 'add', 'int': <NativeTemplate 1>, 'priority': 0, 'float': None, 'string': None, 'block': False, 'player': None, 'condition': None}} Mode: <Mode.awareness> Error Code: CFE-variable_player-1 (https://missionpinball.org/latest/logs)
2026-08-09 11:52:56,888 : INFO : Machine : Shutting down...
2026-08-09 11:52:56,888 : INFO : EventManager : Event: ======'shutdown'====== Args={}
2026-08-09 11:52:56,889 : INFO : EventManager : Event: ======'mode_game_will_stop'====== Args={}
2026-08-09 11:52:56,890 : INFO : EventManager : Event: ======'mode_game_stopping'====== Args={}
2026-08-09 11:52:56,890 : INFO : EventManager : Event: ======'mode_skillshot_will_stop'====== Args={}
2026-08-09 11:52:56,890 : INFO : EventManager : Event: ======'mode_skillshot_stopping'====== Args={}
2026-08-09 11:52:56,891 : INFO : Mode.skillshot : Stopped.
2026-08-09 11:52:56,891 : INFO : EventManager : Event: ======'modes_active_modes_changed'====== Args={}
2026-08-09 11:52:56,891 : INFO : EventManager : Event: ======'mode_skillshot_stopped'====== Args={}
2026-08-09 11:52:56,891 : INFO : EventManager : Event: ======'clear'====== Args={'key': 'skillshot'}
2026-08-09 11:52:56,892 : INFO : Mode.game : Stopped.
2026-08-09 11:52:56,892 : INFO : EventManager : Event: ======'modes_active_modes_changed'====== Args={}
2026-08-09 11:52:56,892 : INFO : EventManager : Event: ======'mode_game_stopped'====== Args={}
2026-08-09 11:52:56,893 : INFO : EventManager : Event: ======'clear'====== Args={'key': 'game'}
2026-08-09 11:52:56,992 : ERROR : Machine : Runtime Exception
Traceback (most recent call last):
  File "C:\mpf\Lib\site-packages\mpf\core\machine.py", line 810, in _run_loop
    raise self._exception['exception']
  File "C:\Users\tl\AppData\Local\Programs\Python\Python312\Lib\asyncio\events.py", line 88, in _run
    self._context.run(self._callback, *self._args)
  File "C:\mpf\Lib\site-packages\mpf\core\events.py", line 795, in _queue_task_done
    future.result()
  File "C:\mpf\Lib\site-packages\mpf\core\events.py", line 708, in _run_handlers_sequential
    handler.callback(queue=queue, **merged_kwargs)
  File "C:\mpf\Lib\site-packages\mpf\core\mode.py", line 218, in start
    result = item.method(config=self.config.get(item.config_section, self.config),
             ^^^^^^^^^^^^^^^^^^^^^^^^^^^^^^^^^^^^^^^^^^^^^^^^^^^^^^^^^^^^^^^^^^^^^
  File "C:\mpf\Lib\site-packages\mpf\core\config_player.py", line 221, in mode_start
    event_keys = self.register_player_events(config, mode, priority)
                 ^^^^^^^^^^^^^^^^^^^^^^^^^^^^^^^^^^^^^^^^^^^^^^^^^^^
  File "C:\mpf\Lib\site-packages\mpf\core\config_player.py", line 292, in register_player_events
    raise ConfigFileError("Section not valid outside of game modes. {} {}:{} Mode: {}".format(
mpf.exceptions.config_file_error.ConfigFileError: Config File Error in variable_player: Section not valid outside of game modes. ConfigPlayer.variable_player/variables awareness_add_1:{'awareness': {'action': 'add', 'int': <NativeTemplate 1>, 'priority': 0, 'float': None, 'string': None, 'block': False, 'player': None, 'condition': None}} Mode: <Mode.awareness> Error Code: CFE-variable_player-1 (https://missionpinball.org/latest/logs)
2026-08-09 11:52:56,999 : INFO : root : MPF run loop ended.
