2026-09-13 21:47:44,981 : INFO : root : Loading config.
2026-09-13 21:47:45,001 : INFO : YamlMultifileConfigLoader : Machine config file #1: config.yaml
2026-09-13 21:47:45,001 : INFO : ConfigProcessor : Loading config from cache: C:\Users\tl\AppData\Local\Temp\86f932e179f318f5dae29f066573dee9.mpf_cache
2026-09-13 21:47:45,121 : WARNING : ConfigProcessor : Config file in cache changed: C:\Users\tl\Documents\tl-pinball\modes\attract\config\attract.yaml
2026-09-13 21:47:45,121 : INFO : ConfigProcessor : Loading config from file C:\mpf\Lib\site-packages\mpf\modes\attract\config\attract.yaml.
2026-09-13 21:47:45,130 : INFO : ConfigProcessor : Loading config: C:\mpf\Lib\site-packages\mpf\modes\attract\config\attract.yaml
2026-09-13 21:47:45,130 : INFO : ConfigProcessor : Loading config from file C:\Users\tl\Documents\tl-pinball\modes\attract\config\attract.yaml.
2026-09-13 21:47:45,133 : INFO : ConfigProcessor : Loading config: C:\Users\tl\Documents\tl-pinball\modes\attract\config\attract.yaml
2026-09-13 21:47:45,133 : ERROR : ConfigProcessor : Config section 'sounds' is removed in MPF 0.80 and will be ignored.
2026-09-13 21:47:45,134 : INFO : ConfigProcessor : Config file cache created: C:\Users\tl\AppData\Local\Temp\5e7e3dd8e04e0aa46ea76018297218da.mpf_cache
2026-09-13 21:47:45,135 : INFO : ConfigProcessor : Loading config from cache: C:\Users\tl\AppData\Local\Temp\af6ad0dab2f43bd9cbdac83e0b2786ac.mpf_cache
2026-09-13 21:47:45,149 : INFO : ConfigProcessor : Loading config from cache: C:\Users\tl\AppData\Local\Temp\5e7e3dd8e04e0aa46ea76018297218da.mpf_cache
2026-09-13 21:47:45,164 : INFO : ConfigProcessor : Loading config from cache: C:\Users\tl\AppData\Local\Temp\078e3f4c59f1cd1bf0ff8685cc9e7ff5.mpf_cache
2026-09-13 21:47:45,177 : INFO : ConfigProcessor : Loading config from cache: C:\Users\tl\AppData\Local\Temp\279434e09bc5e8b073f441f36778b3c5.mpf_cache
2026-09-13 21:47:45,191 : INFO : ConfigProcessor : Loading config from cache: C:\Users\tl\AppData\Local\Temp\0f8a6fed03551fa5e1f599b5c511b7ce.mpf_cache
2026-09-13 21:47:45,206 : WARNING : ConfigProcessor : Config file in cache changed: C:\Users\tl\Documents\tl-pinball\modes\base\config\base.yaml
2026-09-13 21:47:45,206 : INFO : ConfigProcessor : Loading config from file C:\Users\tl\Documents\tl-pinball\modes\base\config\base.yaml.
2026-09-13 21:47:45,210 : INFO : ConfigProcessor : Loading config: C:\Users\tl\Documents\tl-pinball\modes\base\config\base.yaml
2026-09-13 21:47:45,212 : INFO : ConfigProcessor : Loading config: C:\Users\tl\Documents\tl-pinball\modes\base\config\base_points.yaml
2026-09-13 21:47:45,217 : INFO : ConfigProcessor : Loading config: C:\Users\tl\Documents\tl-pinball\modes\base\config\varitarget.yaml
2026-09-13 21:47:45,219 : INFO : ConfigProcessor : Loading config: C:\Users\tl\Documents\tl-pinball\modes\base\config\shots.yaml
2026-09-13 21:47:45,220 : INFO : ConfigProcessor : Config file cache created: C:\Users\tl\AppData\Local\Temp\f7ef3217062c4a128670875e2cb05ce9.mpf_cache
2026-09-13 21:47:45,221 : INFO : ConfigProcessor : Loading config from cache: C:\Users\tl\AppData\Local\Temp\af5889bf1d8b1305d084c7abbaed88de.mpf_cache
2026-09-13 21:47:45,234 : INFO : ConfigProcessor : Loading config from cache: C:\Users\tl\AppData\Local\Temp\3e0da43cdf74c6e3f9d34deafe6b0c00.mpf_cache
2026-09-13 21:47:45,249 : INFO : ConfigProcessor : Loading config from cache: C:\Users\tl\AppData\Local\Temp\3f4b5828320b2882d8f6d86277da0e3c.mpf_cache
2026-09-13 21:47:45,263 : INFO : ConfigProcessor : Loading config from cache: C:\Users\tl\AppData\Local\Temp\e0885cd80287b6cf2bdb3b3b7e551419.mpf_cache
2026-09-13 21:47:45,277 : INFO : ConfigProcessor : Loading config from cache: C:\Users\tl\AppData\Local\Temp\21a3b6af72788c31c1bb21496f7d3280.mpf_cache
2026-09-13 21:47:45,290 : INFO : ConfigProcessor : Loading config from cache: C:\Users\tl\AppData\Local\Temp\5ad868424699ac3c9402d8d89c5742fa.mpf_cache
2026-09-13 21:47:45,305 : INFO : ConfigProcessor : Loading config from cache: C:\Users\tl\AppData\Local\Temp\b41aec6702196d0bd650320fa331266f.mpf_cache
2026-09-13 21:47:45,319 : INFO : ConfigProcessor : Loading config from cache: C:\Users\tl\AppData\Local\Temp\a951eeea2c167365e5a009cce33f51d8.mpf_cache
2026-09-13 21:47:45,332 : INFO : ConfigProcessor : Loading config from cache: C:\Users\tl\AppData\Local\Temp\f020dca9eec5e09763b9289397e6c32f.mpf_cache
2026-09-13 21:47:45,346 : INFO : ConfigProcessor : Loading config from cache: C:\Users\tl\AppData\Local\Temp\edce5a74ebf86ee6330810859c361ede.mpf_cache
2026-09-13 21:47:45,360 : INFO : ConfigProcessor : Loading config from cache: C:\Users\tl\AppData\Local\Temp\7c825e76f3d981841c3099d018a06a8f.mpf_cache
2026-09-13 21:47:45,374 : INFO : ConfigProcessor : Loading config from cache: C:\Users\tl\AppData\Local\Temp\4c1252d1f04cb61ecc91110937cfd225.mpf_cache
2026-09-13 21:47:45,388 : INFO : ConfigProcessor : Loading config from cache: C:\Users\tl\AppData\Local\Temp\8d6d681afe5a7b6e9186321cd98f18ca.mpf_cache
2026-09-13 21:47:45,401 : INFO : ConfigProcessor : Loading config from cache: C:\Users\tl\AppData\Local\Temp\add3a15ea58c6bef92f0329cd292979c.mpf_cache
2026-09-13 21:47:45,415 : INFO : ConfigProcessor : Loading config from cache: C:\Users\tl\AppData\Local\Temp\b37986fa0c604ea577a0e9b44cf977e6.mpf_cache
2026-09-13 21:47:45,429 : INFO : ConfigProcessor : Loading config from cache: C:\Users\tl\AppData\Local\Temp\3e748772e5bc5fc1c228a384cbe4d644.mpf_cache
2026-09-13 21:47:45,445 : INFO : ConfigProcessor : Loading config from cache: C:\Users\tl\AppData\Local\Temp\6ca6a8b9cb340c3b8d36233eeb0719a5.mpf_cache
2026-09-13 21:47:45,457 : INFO : ConfigProcessor : Loading config from cache: C:\Users\tl\AppData\Local\Temp\d7f9969d1a13fb8a4ff98949110a3363.mpf_cache
2026-09-13 21:47:45,471 : INFO : ConfigProcessor : Loading config from cache: C:\Users\tl\AppData\Local\Temp\ea483b3190585f1b6f58e5d4b3be4053.mpf_cache
2026-09-13 21:47:45,484 : INFO : ConfigProcessor : Loading config from cache: C:\Users\tl\AppData\Local\Temp\29a24a1f58555604e17f1620fab88485.mpf_cache
2026-09-13 21:47:45,497 : INFO : ConfigProcessor : Loading config from cache: C:\Users\tl\AppData\Local\Temp\9e4f4ac993fe3c13c573513cb70c74c1.mpf_cache
2026-09-13 21:47:45,510 : INFO : ConfigProcessor : Loading config from cache: C:\Users\tl\AppData\Local\Temp\271b31ea91f7fc416a689202738fcb25.mpf_cache
2026-09-13 21:47:45,524 : INFO : ConfigProcessor : Loading config from cache: C:\Users\tl\AppData\Local\Temp\d5113bae71fe9b2600b29bf116525aac.mpf_cache
2026-09-13 21:47:45,537 : INFO : ConfigProcessor : Loading config from cache: C:\Users\tl\AppData\Local\Temp\ae5d383473e063efe671bf30ab478239.mpf_cache
2026-09-13 21:47:45,551 : INFO : ConfigProcessor : Loading config from cache: C:\Users\tl\AppData\Local\Temp\46870b44a1c011c86a746a823adf6b5a.mpf_cache
2026-09-13 21:47:45,566 : INFO : ConfigProcessor : Loading config from cache: C:\Users\tl\AppData\Local\Temp\0cf169c51710e2e034dc49f1aab9dfdd.mpf_cache
2026-09-13 21:47:45,588 : INFO : ConfigProcessor : Loading config from cache: C:\Users\tl\AppData\Local\Temp\7f1f48089af53c0812f6ef7352fae9fc.mpf_cache
2026-09-13 21:47:45,604 : INFO : ConfigProcessor : Loading config from cache: C:\Users\tl\AppData\Local\Temp\2cc33be7b212147eeee1bdfcda64fa9a.mpf_cache
2026-09-13 21:47:45,619 : INFO : ConfigProcessor : Loading config from cache: C:\Users\tl\AppData\Local\Temp\a16abf331f3e7de6af87e663850f3d9e.mpf_cache
2026-09-13 21:47:45,636 : INFO : ConfigProcessor : Loading config from cache: C:\Users\tl\AppData\Local\Temp\38e2b0a0c5cbde9df196d324be754e6f.mpf_cache
2026-09-13 21:47:45,653 : INFO : ConfigProcessor : Loading config from cache: C:\Users\tl\AppData\Local\Temp\e80dee9eca7c5982ccbcb422c91db859.mpf_cache
2026-09-13 21:47:45,667 : INFO : ConfigProcessor : Loading config from cache: C:\Users\tl\AppData\Local\Temp\0109be63d67329a8885529bd2a71548c.mpf_cache
2026-09-13 21:47:45,681 : INFO : ConfigProcessor : Loading config from cache: C:\Users\tl\AppData\Local\Temp\61bab561dcce3f0c07355166d6e0f761.mpf_cache
2026-09-13 21:47:45,694 : INFO : ConfigProcessor : Loading config from cache: C:\Users\tl\AppData\Local\Temp\25d2f8081a4f10d84b73dba07eba574c.mpf_cache
2026-09-13 21:47:45,732 : INFO : ConfigProcessor : Loading config from cache: C:\Users\tl\AppData\Local\Temp\5dff49294fdc1400ecd20df1617a2b2f.mpf_cache
2026-09-13 21:47:45,746 : INFO : ConfigProcessor : Loading config from cache: C:\Users\tl\AppData\Local\Temp\eb82598b1fb2ee02b221679b664276f0.mpf_cache
2026-09-13 21:47:45,761 : INFO : ConfigProcessor : Loading config from cache: C:\Users\tl\AppData\Local\Temp\ee5817e1bc6c76799d194e89aa39905b.mpf_cache
2026-09-13 21:47:45,773 : INFO : ConfigProcessor : Loading config from cache: C:\Users\tl\AppData\Local\Temp\b4fb504f89ca2ed519ed0a0e98e46a04.mpf_cache
2026-09-13 21:47:45,787 : INFO : ConfigProcessor : Loading config from cache: C:\Users\tl\AppData\Local\Temp\a6a2066a35a93afd7c5e023580b97319.mpf_cache
2026-09-13 21:47:45,802 : INFO : ConfigProcessor : Loading config from cache: C:\Users\tl\AppData\Local\Temp\b8c836a76b8f12a6f53828e327bc835b.mpf_cache
2026-09-13 21:47:45,817 : INFO : ConfigProcessor : Loading config from cache: C:\Users\tl\AppData\Local\Temp\a42c9a1e5925ead55e30ef9c3174b8d6.mpf_cache
2026-09-13 21:47:45,831 : INFO : ConfigProcessor : Loading config from cache: C:\Users\tl\AppData\Local\Temp\232eb4bb290f7b6232b4d79d1c841dd5.mpf_cache
2026-09-13 21:47:45,851 : INFO : ConfigProcessor : Loading config from cache: C:\Users\tl\AppData\Local\Temp\a2de7c1b2b3faf18b0affdedaa38907f.mpf_cache
2026-09-13 21:47:45,865 : INFO : ConfigProcessor : Loading config from cache: C:\Users\tl\AppData\Local\Temp\e26965993a19a15abbd54118f3bb1f6b.mpf_cache
2026-09-13 21:47:45,878 : INFO : ConfigProcessor : Loading config from cache: C:\Users\tl\AppData\Local\Temp\1a8067b3018dc540f40ee09fbd30147e.mpf_cache
2026-09-13 21:47:45,893 : INFO : ConfigProcessor : Loading config from cache: C:\Users\tl\AppData\Local\Temp\34d2c1cbec8fdaa1db7761a61cc7c1b6.mpf_cache
2026-09-13 21:47:45,914 : INFO : ConfigProcessor : Loading config from cache: C:\Users\tl\AppData\Local\Temp\4065fa59aedcbd523b942a40672a4db1.mpf_cache
2026-09-13 21:47:45,931 : INFO : ConfigProcessor : Loading config from cache: C:\Users\tl\AppData\Local\Temp\911efd7252939128e304c2322100ac37.mpf_cache
2026-09-13 21:47:45,944 : INFO : ConfigProcessor : Loading config from cache: C:\Users\tl\AppData\Local\Temp\95a50568c399a025ef217996526f3494.mpf_cache
2026-09-13 21:47:45,957 : INFO : ConfigProcessor : Loading config from cache: C:\Users\tl\AppData\Local\Temp\1c5eb8218503e51cf536cafa8bd397ee.mpf_cache
2026-09-13 21:47:45,969 : INFO : ConfigProcessor : Loading config from cache: C:\Users\tl\AppData\Local\Temp\5f6f068da8bf69eef400625ea0f44976.mpf_cache
2026-09-13 21:47:45,982 : INFO : ConfigProcessor : Loading config from cache: C:\Users\tl\AppData\Local\Temp\6d756c7e3c24aa2efe72cdb3224f8ea6.mpf_cache
2026-09-13 21:47:45,994 : INFO : ConfigProcessor : Loading config from cache: C:\Users\tl\AppData\Local\Temp\a376fdb2b6d4bb622bb4acdba901a310.mpf_cache
2026-09-13 21:47:46,005 : INFO : ConfigProcessor : Loading config from cache: C:\Users\tl\AppData\Local\Temp\4fa9cf92dccc774be532e383b837572e.mpf_cache
2026-09-13 21:47:46,019 : INFO : ConfigProcessor : Loading config from cache: C:\Users\tl\AppData\Local\Temp\7d6afe43d2cd59003bd26d29f6951346.mpf_cache
2026-09-13 21:47:46,031 : INFO : ConfigProcessor : Loading config from cache: C:\Users\tl\AppData\Local\Temp\3ec53097f46dd8f92da5caf7a9362729.mpf_cache
2026-09-13 21:47:46,050 : INFO : ConfigProcessor : Loading config from cache: C:\Users\tl\AppData\Local\Temp\c36da47bad15180a41187d147cb7917e.mpf_cache
2026-09-13 21:47:46,063 : INFO : ConfigProcessor : Loading config from cache: C:\Users\tl\AppData\Local\Temp\ca9866041621d35ab6358609b63e90d5.mpf_cache
2026-09-13 21:47:46,076 : INFO : ConfigProcessor : Loading config from cache: C:\Users\tl\AppData\Local\Temp\d3b229dc9cb99a8202099f03c2a43090.mpf_cache
2026-09-13 21:47:46,097 : INFO : ConfigProcessor : Loading config from cache: C:\Users\tl\AppData\Local\Temp\81582981e74d3995e366d06d8338d799.mpf_cache
2026-09-13 21:47:46,116 : INFO : ConfigProcessor : Loading config from cache: C:\Users\tl\AppData\Local\Temp\5b34afe52ee194dd00e9309f3b7b7351.mpf_cache
2026-09-13 21:47:46,136 : INFO : ConfigProcessor : Loading config from cache: C:\Users\tl\AppData\Local\Temp\879969db85bf719d2fcb9e04ce9b1f2c.mpf_cache
2026-09-13 21:47:46,167 : INFO : ConfigProcessor : Loading config from cache: C:\Users\tl\AppData\Local\Temp\b4093eb1dd81447678927dbfa4b9c600.mpf_cache
2026-09-13 21:47:46,185 : INFO : ConfigProcessor : Loading config from cache: C:\Users\tl\AppData\Local\Temp\e35a82f552c222d594bf16e07246473c.mpf_cache
2026-09-13 21:47:46,199 : INFO : ConfigProcessor : Loading config from cache: C:\Users\tl\AppData\Local\Temp\a4723462ff8ee54e9440eae8a1a4781c.mpf_cache
2026-09-13 21:47:46,220 : INFO : ConfigProcessor : Loading config from cache: C:\Users\tl\AppData\Local\Temp\33800f163ed2f7721971ef060d638387.mpf_cache
2026-09-13 21:47:46,246 : INFO : ConfigProcessor : Loading config from cache: C:\Users\tl\AppData\Local\Temp\cfac8a12b8c870509d27980bb08852ae.mpf_cache
2026-09-13 21:47:46,264 : INFO : ConfigProcessor : Loading config from cache: C:\Users\tl\AppData\Local\Temp\83c76c71cb0df61411f4c0eb7dea7353.mpf_cache
2026-09-13 21:47:46,284 : INFO : ConfigProcessor : Loading config from cache: C:\Users\tl\AppData\Local\Temp\7db44b334d172168fab831ef3c57ff8b.mpf_cache
2026-09-13 21:47:46,348 : INFO : ConfigProcessor : Loading config from cache: C:\Users\tl\AppData\Local\Temp\0209fa69c7ceb7b65d8e49418413a2d4.mpf_cache
2026-09-13 21:47:46,463 : INFO : ConfigProcessor : Loading config from cache: C:\Users\tl\AppData\Local\Temp\9eec954e3a0a7462dea03c8c17cb64d9.mpf_cache
2026-09-13 21:47:46,610 : INFO : ConfigProcessor : Loading config from cache: C:\Users\tl\AppData\Local\Temp\456118bf1ce6b85e98a4b068670426da.mpf_cache
2026-09-13 21:47:46,704 : INFO : ConfigProcessor : Loading config from cache: C:\Users\tl\AppData\Local\Temp\5d7ea21ac1dbbe8d902c44335cb580f3.mpf_cache
2026-09-13 21:47:46,968 : INFO : ConfigProcessor : Loading config from cache: C:\Users\tl\AppData\Local\Temp\3c338cf0a5e3d861413d7d2f266c3053.mpf_cache
2026-09-13 21:47:47,032 : INFO : ConfigProcessor : Loading config from cache: C:\Users\tl\AppData\Local\Temp\7da579784f035f2b4609b04d18d514d9.mpf_cache
2026-09-13 21:47:47,064 : INFO : ConfigProcessor : Loading config from cache: C:\Users\tl\AppData\Local\Temp\ffa5a16e3925fe77c4aff5ce9d0caddb.mpf_cache
2026-09-13 21:47:47,089 : INFO : ConfigProcessor : Loading config from cache: C:\Users\tl\AppData\Local\Temp\61c3a064e90ef7e33c913189cd37d961.mpf_cache
2026-09-13 21:47:47,102 : INFO : ConfigProcessor : Loading config from cache: C:\Users\tl\AppData\Local\Temp\25a686ef15fa403c62c3e04d82a02e30.mpf_cache
2026-09-13 21:47:47,116 : INFO : ConfigProcessor : Loading config from cache: C:\Users\tl\AppData\Local\Temp\08e4cfee44032ad50b613fdfc1c76afd.mpf_cache
2026-09-13 21:47:47,129 : INFO : ConfigProcessor : Loading config from cache: C:\Users\tl\AppData\Local\Temp\c7ff492dd95ca61c8ae2ca071fa902b1.mpf_cache
2026-09-13 21:47:47,144 : INFO : ConfigProcessor : Loading config from cache: C:\Users\tl\AppData\Local\Temp\895244eb25002d1be2182d373f22710f.mpf_cache
2026-09-13 21:47:47,162 : INFO : ConfigProcessor : Loading config from cache: C:\Users\tl\AppData\Local\Temp\8f542fdb27a9c7af6359517ab8d171a1.mpf_cache
2026-09-13 21:47:47,176 : INFO : ConfigProcessor : Loading config from cache: C:\Users\tl\AppData\Local\Temp\c899bce83960d7b8a909fd30af5ba34c.mpf_cache
2026-09-13 21:47:47,190 : INFO : ConfigProcessor : Loading config from cache: C:\Users\tl\AppData\Local\Temp\e3f8c10279e680757f03e6b0889aa739.mpf_cache
2026-09-13 21:47:47,204 : INFO : ConfigProcessor : Loading config from cache: C:\Users\tl\AppData\Local\Temp\ff087817282734556151e8020b1fd49c.mpf_cache
2026-09-13 21:47:47,217 : INFO : ConfigProcessor : Loading config from cache: C:\Users\tl\AppData\Local\Temp\17b17d6e70b510a409968e15bd8ba63c.mpf_cache
2026-09-13 21:47:47,377 : INFO : ConfigProcessor : Loading config from cache: C:\Users\tl\AppData\Local\Temp\7597473749050946854e5e52d7c2d79a.mpf_cache
2026-09-13 21:47:47,409 : INFO : ConfigProcessor : Loading config from cache: C:\Users\tl\AppData\Local\Temp\31f3b89ebad27aaf6ad1cb7b6e8c1ae3.mpf_cache
2026-09-13 21:47:47,422 : INFO : ConfigProcessor : Loading config from cache: C:\Users\tl\AppData\Local\Temp\5bdc262ac811f8916946a10b325faaed.mpf_cache
2026-09-13 21:47:47,563 : INFO : ConfigProcessor : Loading config from cache: C:\Users\tl\AppData\Local\Temp\4e08b8c240bf4c7fda77ba565d31acbf.mpf_cache
2026-09-13 21:47:47,577 : INFO : ConfigProcessor : Loading config from cache: C:\Users\tl\AppData\Local\Temp\fa1228f4f6254a2bb4324b02c31ba582.mpf_cache
2026-09-13 21:47:47,590 : INFO : ConfigProcessor : Loading config from cache: C:\Users\tl\AppData\Local\Temp\5845b7af2d7329a18142b81380f64d8e.mpf_cache
2026-09-13 21:47:47,609 : INFO : ConfigProcessor : Loading config from cache: C:\Users\tl\AppData\Local\Temp\54bf914e1528c7f3e802e39d39faeb76.mpf_cache
2026-09-13 21:47:47,625 : INFO : ConfigProcessor : Loading config from cache: C:\Users\tl\AppData\Local\Temp\103bfb4fbd71af36419ab3f548a18d71.mpf_cache
2026-09-13 21:47:47,637 : INFO : ConfigProcessor : Loading config from cache: C:\Users\tl\AppData\Local\Temp\4262986a441bb7754780f112bb0e0c56.mpf_cache
2026-09-13 21:47:47,651 : INFO : ConfigProcessor : Loading config from cache: C:\Users\tl\AppData\Local\Temp\d572a2de143bf480090a737668938cb0.mpf_cache
2026-09-13 21:47:47,665 : INFO : ConfigProcessor : Loading config from cache: C:\Users\tl\AppData\Local\Temp\2e7beac76d3bca457a3a521575ba4ead.mpf_cache
2026-09-13 21:47:47,677 : INFO : ConfigProcessor : Loading config from cache: C:\Users\tl\AppData\Local\Temp\7c0931ffc6b13496fd8fae8b9d1b7a08.mpf_cache
2026-09-13 21:47:47,689 : INFO : ConfigProcessor : Loading config from cache: C:\Users\tl\AppData\Local\Temp\62404ae2e9ee2b95d65f52fccac154f0.mpf_cache
2026-09-13 21:47:47,702 : INFO : ConfigProcessor : Loading config from cache: C:\Users\tl\AppData\Local\Temp\d8c27512a4074d58955a247342afc0f0.mpf_cache
2026-09-13 21:47:47,723 : INFO : ConfigProcessor : Loading config from cache: C:\Users\tl\AppData\Local\Temp\537cd9276618929e3a64b374ceb3437f.mpf_cache
2026-09-13 21:47:47,736 : INFO : ConfigProcessor : Loading config from cache: C:\Users\tl\AppData\Local\Temp\cf29873bc64cfbd46b5a5b4c47c95532.mpf_cache
2026-09-13 21:47:47,753 : INFO : ConfigProcessor : Loading config from cache: C:\Users\tl\AppData\Local\Temp\16182b247314d06896cbae33110acd4c.mpf_cache
2026-09-13 21:47:47,772 : INFO : ConfigProcessor : Loading config from cache: C:\Users\tl\AppData\Local\Temp\13826b94a4b36b65ca4171a1d326006f.mpf_cache
2026-09-13 21:47:47,791 : INFO : ConfigProcessor : Loading config from cache: C:\Users\tl\AppData\Local\Temp\34a4b7622c4ff26b43be2fcb96c6a855.mpf_cache
2026-09-13 21:47:47,810 : INFO : ConfigProcessor : Loading config from cache: C:\Users\tl\AppData\Local\Temp\182821bccfa4b63efd74352fab235702.mpf_cache
2026-09-13 21:47:47,824 : INFO : ConfigProcessor : Loading config from cache: C:\Users\tl\AppData\Local\Temp\2f43cefe34d7c6a44d3f6c5311f84fe9.mpf_cache
2026-09-13 21:47:47,837 : INFO : ConfigProcessor : Loading config from cache: C:\Users\tl\AppData\Local\Temp\dd8dd9f13d87b252e0a8f76fecdc5dbb.mpf_cache
2026-09-13 21:47:47,885 : INFO : ConfigProcessor : Loading config from cache: C:\Users\tl\AppData\Local\Temp\276c1f70d31e70894e5ad36255656804.mpf_cache
2026-09-13 21:47:47,902 : INFO : ConfigProcessor : Loading config from cache: C:\Users\tl\AppData\Local\Temp\14147de6d2576b83dc1fa7658d0d99f1.mpf_cache
2026-09-13 21:47:47,914 : INFO : ConfigProcessor : Loading config from cache: C:\Users\tl\AppData\Local\Temp\0560061596499ba9c1490154fdcef2ca.mpf_cache
2026-09-13 21:47:47,931 : INFO : ConfigProcessor : Loading config from cache: C:\Users\tl\AppData\Local\Temp\c1896ec26ad05d4cb3e6ad50fd8dc123.mpf_cache
2026-09-13 21:47:47,944 : INFO : ConfigProcessor : Loading config from cache: C:\Users\tl\AppData\Local\Temp\9894a77e77ebcad772e6ab40ada6f893.mpf_cache
2026-09-13 21:47:47,955 : INFO : ConfigProcessor : Loading config from cache: C:\Users\tl\AppData\Local\Temp\33a0313dc768edabc6062a57466c6435.mpf_cache
2026-09-13 21:47:47,968 : INFO : ConfigProcessor : Loading config from cache: C:\Users\tl\AppData\Local\Temp\51d1034df3c2d8154cfea3abae2369be.mpf_cache
2026-09-13 21:47:47,982 : INFO : ConfigProcessor : Loading config from cache: C:\Users\tl\AppData\Local\Temp\2904ce8d8b78981642dc8b63141b390e.mpf_cache
2026-09-13 21:47:48,001 : INFO : ConfigProcessor : Loading config from cache: C:\Users\tl\AppData\Local\Temp\de3c199f73b407edda0c6227f08684dc.mpf_cache
2026-09-13 21:47:48,014 : INFO : ConfigProcessor : Loading config from cache: C:\Users\tl\AppData\Local\Temp\5951b01dcffceee156e3aba13b4691bc.mpf_cache
2026-09-13 21:47:48,016 : INFO : ConfigProcessor : Loading config from cache: C:\Users\tl\AppData\Local\Temp\3ef5173c7a910a36727c66b6285f9c3e.mpf_cache
2026-09-13 21:47:48,030 : INFO : ConfigProcessor : Loading config from cache: C:\Users\tl\AppData\Local\Temp\d5aeeb96f0e3024d102ed6eef227158e.mpf_cache
2026-09-13 21:47:48,043 : INFO : ConfigProcessor : Loading config from cache: C:\Users\tl\AppData\Local\Temp\abac16fdcd8444e81c5d354009d45cba.mpf_cache
2026-09-13 21:47:48,058 : INFO : ConfigProcessor : Loading config from cache: C:\Users\tl\AppData\Local\Temp\1671f2a7e01818367d14934820caa625.mpf_cache
2026-09-13 21:47:48,074 : INFO : ConfigProcessor : Loading config from cache: C:\Users\tl\AppData\Local\Temp\f222a647edf3886b9afe02940fb5218b.mpf_cache
2026-09-13 21:47:48,087 : INFO : ConfigProcessor : Loading config from cache: C:\Users\tl\AppData\Local\Temp\413a5c2ee3ba22f15e31e85070bcc3a0.mpf_cache
2026-09-13 21:47:48,105 : INFO : ConfigProcessor : Loading config from cache: C:\Users\tl\AppData\Local\Temp\8441689a8d32c41acf7df12596aea2a1.mpf_cache
2026-09-13 21:47:48,119 : INFO : ConfigProcessor : Loading config from cache: C:\Users\tl\AppData\Local\Temp\5942006365c0ff9dd8daa9b6cf54f7e5.mpf_cache
2026-09-13 21:47:48,133 : INFO : ConfigProcessor : Loading config from cache: C:\Users\tl\AppData\Local\Temp\2856cb3dd9823be7f227bcd3e9e74d9c.mpf_cache
2026-09-13 21:47:48,150 : INFO : ConfigProcessor : Loading config from cache: C:\Users\tl\AppData\Local\Temp\7bc597beac49bd83589c0f432d6df3a7.mpf_cache
2026-09-13 21:47:48,163 : INFO : ConfigProcessor : Loading config from cache: C:\Users\tl\AppData\Local\Temp\68aef743ce387ca4b0917854000ab96f.mpf_cache
2026-09-13 21:47:48,178 : INFO : ConfigProcessor : Loading config from cache: C:\Users\tl\AppData\Local\Temp\d8eab45dc417e5712e341a87d617345c.mpf_cache
2026-09-13 21:47:48,194 : INFO : ConfigProcessor : Loading config from cache: C:\Users\tl\AppData\Local\Temp\469f885a0d482cac3db6f093008cfd24.mpf_cache
2026-09-13 21:47:48,208 : INFO : ConfigProcessor : Loading config from cache: C:\Users\tl\AppData\Local\Temp\a268d193aab3d6536668c32d6da9263e.mpf_cache
2026-09-13 21:47:48,221 : INFO : ConfigProcessor : Loading config from cache: C:\Users\tl\AppData\Local\Temp\0ddc24559d577387e7f3127610d528ac.mpf_cache
2026-09-13 21:47:48,235 : INFO : ConfigProcessor : Loading config from cache: C:\Users\tl\AppData\Local\Temp\a63ea6967061a0c2197fb0bb68311879.mpf_cache
2026-09-13 21:47:48,247 : INFO : ConfigProcessor : Loading config from cache: C:\Users\tl\AppData\Local\Temp\43577826f0443b71968b5102aaf30af3.mpf_cache
2026-09-13 21:47:48,260 : INFO : ConfigProcessor : Loading config from cache: C:\Users\tl\AppData\Local\Temp\9c5a8c407413e80747afdb721a5b060d.mpf_cache
2026-09-13 21:47:48,273 : INFO : ConfigProcessor : Loading config from cache: C:\Users\tl\AppData\Local\Temp\af0cbbf8538bda34a0e26f98cdd5aca7.mpf_cache
2026-09-13 21:47:48,285 : INFO : ConfigProcessor : Loading config from cache: C:\Users\tl\AppData\Local\Temp\ce8d78fec460068c5bebc943ce9b6f30.mpf_cache
2026-09-13 21:47:48,296 : INFO : ConfigProcessor : Loading config from cache: C:\Users\tl\AppData\Local\Temp\31f829499efdcff804ebe1944d19d329.mpf_cache
2026-09-13 21:47:48,307 : INFO : ConfigProcessor : Loading config from cache: C:\Users\tl\AppData\Local\Temp\79045076bfba23d531ff144ac6757de4.mpf_cache
2026-09-13 21:47:48,320 : INFO : ConfigProcessor : Loading config from cache: C:\Users\tl\AppData\Local\Temp\b26d36d0781b7ac0f26418f65421592c.mpf_cache
2026-09-13 21:47:48,333 : INFO : ConfigProcessor : Loading config from cache: C:\Users\tl\AppData\Local\Temp\8b6f457abf3cfdd87417ebce16fa6732.mpf_cache
2026-09-13 21:47:48,345 : INFO : ConfigProcessor : Loading config from cache: C:\Users\tl\AppData\Local\Temp\c59e3da9fa5362a5c24ac789898ceb13.mpf_cache
2026-09-13 21:47:48,360 : INFO : ConfigProcessor : Loading config from cache: C:\Users\tl\AppData\Local\Temp\701f2c032cd9e807d4fb3fa2828f9b37.mpf_cache
2026-09-13 21:47:48,373 : INFO : ConfigProcessor : Loading config from cache: C:\Users\tl\AppData\Local\Temp\c801690053c2da5c09f6d10b42ee9917.mpf_cache
2026-09-13 21:47:48,386 : INFO : ConfigProcessor : Loading config from cache: C:\Users\tl\AppData\Local\Temp\2e335ca9623f971cc8240d357e9bde21.mpf_cache
2026-09-13 21:47:48,398 : INFO : ConfigProcessor : Loading config from cache: C:\Users\tl\AppData\Local\Temp\291432155100441a6a6d1cc35a9827e6.mpf_cache
2026-09-13 21:47:48,413 : INFO : ConfigProcessor : Loading config from cache: C:\Users\tl\AppData\Local\Temp\3a13ce866f38c1bdfd88cdf5d8a37b57.mpf_cache
2026-09-13 21:47:48,431 : INFO : ConfigProcessor : Loading config from cache: C:\Users\tl\AppData\Local\Temp\67766e06be15afe44bf4653d2e0643ac.mpf_cache
2026-09-13 21:47:48,445 : INFO : ConfigProcessor : Loading config from cache: C:\Users\tl\AppData\Local\Temp\4d0875bd28a5b9899fb2c6e9ca5fbaa0.mpf_cache
2026-09-13 21:47:48,458 : INFO : ConfigProcessor : Loading config from cache: C:\Users\tl\AppData\Local\Temp\013b41c20fe074e5f42d4da80ff7d4bd.mpf_cache
2026-09-13 21:47:48,472 : INFO : ConfigProcessor : Loading config from cache: C:\Users\tl\AppData\Local\Temp\c0155b29343fe146f8483b349919ea50.mpf_cache
2026-09-13 21:47:48,486 : INFO : Machine : Mission Pinball Framework Core Engine v0.80.0.dev12
2026-09-13 21:47:48,486 : INFO : Machine : Command line arguments: {'no_load_cache': False, 'create_config_cache': True, 'bcp': True, 'configfile': ['config.yaml'], 'force_assets_load': False, 'platform_integration_test': False, 'jsonlogging': False, 'logfile': 'logs\\2026-09-13-21-47-44-mpf-DESKTOP-HV85DRD.log', 'pause': False, 'production': False, 'text_ui': True, 'loglevel': 15, 'consoleloglevel': 20, 'force_platform': None, 'syslog_address': None, 'full_logfile_path': 'C:\\Users\\tl\\Documents\\tl-pinball\\logs\\2026-09-13-21-47-44-mpf-DESKTOP-HV85DRD.log'}
2026-09-13 21:47:48,486 : INFO : Machine : MPF path: C:\mpf\Lib\site-packages\mpf
2026-09-13 21:47:48,486 : INFO : Machine : Machine path: C:\Users\tl\Documents\tl-pinball
2026-09-13 21:47:48,486 : INFO : Machine : Platform: win32
2026-09-13 21:47:48,486 : INFO : Machine : Python executable location: C:\mpf\Scripts\python.exe
2026-09-13 21:47:48,486 : INFO : Machine : Python version: 3.12.7 (64-bit)
2026-09-13 21:47:48,489 : INFO : Machine : Initializing MPF...
2026-09-13 21:47:49,044 : INFO : FAST [NET] : Trying to connect to COM4 at 921600bps
2026-09-13 21:47:49,049 : INFO : FAST [NET] : Connected to COM4 at 921600bps
2026-09-13 21:47:49,167 : INFO : FAST [NET] : Connected to FP-CPU-2000 with firmware v02.26
2026-09-13 21:47:49,199 : INFO : FAST [NET] : Registered I/O Board 0: Model: FP-I/O-0024, Firmware: 01.10, Switches: 24, Drivers: 8
2026-09-13 21:47:49,215 : INFO : FAST [NET] : Registered I/O Board 1: Model: FP-I/O-1616, Firmware: 01.10, Switches: 16, Drivers: 16
2026-09-13 21:47:49,231 : INFO : FAST [NET] : Registered I/O Board 2: Model: FP-I/O-3208, Firmware: 01.10, Switches: 32, Drivers: 8
2026-09-13 21:47:49,247 : INFO : FAST [NET] : Registered I/O Board 3: Model: FP-I/O-1616, Firmware: 01.10, Switches: 16, Drivers: 16
2026-09-13 21:47:49,250 : INFO : FAST [EXP] : Trying to connect to COM5 at 921600bps
2026-09-13 21:47:49,254 : INFO : FAST [EXP] : Connected to COM5 at 921600bps
2026-09-13 21:47:49,358 : INFO : FAST [EXP] : Verifying hardware for EXP "ledcab" (FP-EXP-2000, @48) with ID string "EXP FP-EXP-2000  0.42", board address 48
2026-09-13 21:47:49,374 : INFO : FAST [EXP] : Verifying hardware for EXP "ledcab" (FP-EXP-2000, @48) with ID string "BRK FP-EXP-2000  0.42", board address 480
2026-09-13 21:47:50,361 : ERROR : FAST [EXP] : Timeout waiting for response to BR@48:. Retrying...
2026-09-13 21:47:51,360 : ERROR : FAST [EXP] : Timeout waiting for response to BR@48:. Retrying...
2026-09-13 21:47:51,390 : INFO : FAST [EXP] : Verifying hardware for EXP "ledpf1" (FP-EXP-0081, @84) with ID string "EXP FP-EXP-0081  0.38", board address 84
2026-09-13 21:47:51,406 : INFO : FAST [EXP] : Verifying hardware for EXP "ledpf1" (FP-EXP-0081, @84) with ID string "BRK FP-EXP-0081  0.38", board address 840
2026-09-13 21:47:51,421 : INFO : FAST [EXP] : Verifying hardware for EXP "ledpf1" (FP-EXP-0081, @84) with ID string "BRK FP-EXP-0081  0.38", board address 841
2026-09-13 21:47:51,453 : INFO : FAST [EXP] : Verifying hardware for EXP "ledpf2" (FP-EXP-0081, @85) with ID string "EXP FP-EXP-0081  0.48", board address 85
2026-09-13 21:47:51,469 : INFO : FAST [EXP] : Verifying hardware for EXP "ledpf2" (FP-EXP-0081, @85) with ID string "BRK FP-EXP-0081  0.48", board address 850
2026-09-13 21:47:51,485 : INFO : FAST [EXP] : Verifying hardware for EXP "ledpf2" (FP-EXP-0081, @85) with ID string "BRK FP-EXP-0081  0.48", board address 851
2026-09-13 21:47:51,501 : INFO : EventManager : Event: ======'machine_var_credits_string'====== Args={'value': 'FREE PLAY', 'prev_value': None, 'change': True}
2026-09-13 21:47:51,532 : INFO : EventManager : Event: ======'machine_var_master_volume'====== Args={'value': 0.5, 'prev_value': None, 'change': True}
2026-09-13 21:47:51,532 : INFO : EventManager : Event: ======'machine_var_player1_score'====== Args={'value': 21491284, 'prev_value': None, 'change': True}
2026-09-13 21:47:51,532 : INFO : EventManager : Event: ======'machine_var_last_game_score'====== Args={'value': 0, 'prev_value': None, 'change': True}
2026-09-13 21:47:51,532 : INFO : EventManager : Event: ======'machine_var_mpf_version'====== Args={'value': 'Mission Pinball Framework v0.80.0.dev12', 'prev_value': None, 'change': True}
2026-09-13 21:47:51,532 : INFO : EventManager : Event: ======'machine_var_mpf_extended_version'====== Args={'value': 'Mission Pinball Framework v0.80.0.dev12, Config version:6, Show version: 6, BCP version:1.1', 'prev_value': None, 'change': True}
2026-09-13 21:47:51,532 : INFO : EventManager : Event: ======'machine_var_python_version'====== Args={'value': '3.12.7', 'prev_value': None, 'change': True}
2026-09-13 21:47:51,558 : INFO : EventManager : Event: ======'machine_var_platform'====== Args={'value': 'Windows-10-10.0.19044-SP0', 'prev_value': None, 'change': True}
2026-09-13 21:47:51,558 : INFO : EventManager : Event: ======'machine_var_platform_system'====== Args={'value': 'Windows', 'prev_value': None, 'change': True}
2026-09-13 21:47:51,558 : INFO : EventManager : Event: ======'machine_var_platform_release'====== Args={'value': '10', 'prev_value': None, 'change': True}
2026-09-13 21:47:51,558 : INFO : EventManager : Event: ======'machine_var_platform_version'====== Args={'value': '10.0.19044', 'prev_value': None, 'change': True}
2026-09-13 21:47:51,558 : INFO : EventManager : Event: ======'machine_var_platform_machine'====== Args={'value': 'AMD64', 'prev_value': None, 'change': True}
2026-09-13 21:47:51,559 : INFO : EventManager : Event: ======'machine_var_log_file_path'====== Args={'value': 'C:\\Users\\tl\\Documents\\tl-pinball\\logs\\2026-09-13-21-47-44-mpf-DESKTOP-HV85DRD.log', 'prev_value': None, 'change': True}
2026-09-13 21:47:51,559 : INFO : EventManager : Event: ======'init_phase_1'====== Args={}
2026-09-13 21:47:51,750 : INFO : EventManager : Event: ======'drop_target_bank_dt_bank_1_4_up'====== Args={}
2026-09-13 21:47:51,751 : INFO : EventManager : Event: ======'drop_target_bank_dt_bank_5_7_up'====== Args={}
2026-09-13 21:47:54,596 : INFO : SwitchController : <<<<<<< 's_24_trough_1' active >>>>>>>
2026-09-13 21:47:54,596 : INFO : SwitchController : <<<<<<< 's_25_trough_2' active >>>>>>>
2026-09-13 21:47:54,596 : INFO : SwitchController : <<<<<<< 's_26_trough_3' active >>>>>>>
2026-09-13 21:47:54,596 : INFO : SwitchController : <<<<<<< 's_38_star_rollover_bottom' active >>>>>>>
2026-09-13 21:47:54,596 : INFO : SwitchController : <<<<<<< 's_44_spinner_right' active >>>>>>>
2026-09-13 21:47:54,596 : INFO : SwitchController : <<<<<<< 's_71_spinner_left' active >>>>>>>
2026-09-13 21:47:54,596 : INFO : SwitchController : <<<<<<< 's_73_fourbank_drop_1' active >>>>>>>
2026-09-13 21:47:54,596 : INFO : SwitchController : <<<<<<< 's_74_fourbank_drop_2' active >>>>>>>
2026-09-13 21:47:54,596 : INFO : SwitchController : <<<<<<< 's_75_fourbank_drop_3' active >>>>>>>
2026-09-13 21:47:54,596 : INFO : SwitchController : <<<<<<< 's_76_fourbank_drop_4' active >>>>>>>
2026-09-13 21:47:54,681 : INFO : EventManager : Event: ======'init_phase_2'====== Args={}
2026-09-13 21:47:54,681 : INFO : SwitchController : Found active switch: (40, [FAST Platform Interface]) <switch.s_24_trough_1>
2026-09-13 21:47:54,681 : INFO : SwitchController : Found active switch: (41, [FAST Platform Interface]) <switch.s_25_trough_2>
2026-09-13 21:47:54,681 : INFO : SwitchController : Found active switch: (42, [FAST Platform Interface]) <switch.s_26_trough_3>
2026-09-13 21:47:54,681 : INFO : SwitchController : Found active switch: (54, [FAST Platform Interface]) <switch.s_38_star_rollover_bottom>
2026-09-13 21:47:54,681 : INFO : SwitchController : Found active switch: (60, [FAST Platform Interface]) <switch.s_44_spinner_right>
2026-09-13 21:47:54,681 : INFO : SwitchController : Found active switch: (39, [FAST Platform Interface]) <switch.s_71_spinner_left>
2026-09-13 21:47:54,681 : INFO : SwitchController : Found active switch: (73, [FAST Platform Interface]) <switch.s_73_fourbank_drop_1>
2026-09-13 21:47:54,681 : INFO : SwitchController : Found active switch: (74, [FAST Platform Interface]) <switch.s_74_fourbank_drop_2>
2026-09-13 21:47:54,681 : INFO : SwitchController : Found active switch: (75, [FAST Platform Interface]) <switch.s_75_fourbank_drop_3>
2026-09-13 21:47:54,681 : INFO : SwitchController : Found active switch: (76, [FAST Platform Interface]) <switch.s_76_fourbank_drop_4>
2026-09-13 21:47:54,722 : INFO : EventManager : Event: ======'bcp_connection_attempt'====== Args={'name': 'local_display', 'host': 'localhost', 'port': 5050}
2026-09-13 21:47:54,724 : INFO : BCPClientSocket : Connecting BCP to 'local_display' at localhost:5050...
2026-09-13 21:47:57,797 : INFO : BCPClientSocket : Connected BCP to 'local_display' localhost:5050
2026-09-13 21:47:57,798 : INFO : EventManager : Event: ======'bcp_clients_connected'====== Args={}
2026-09-13 21:47:57,890 : INFO : ball_device.bd_plunger : BCH: Initial count: 0
2026-09-13 21:47:57,931 : INFO : ball_device.bd_plunger : State: idle
2026-09-13 21:47:57,932 : INFO : ball_device.bd_trough : BCH: Initial count: 3
2026-09-13 21:47:57,932 : INFO : ball_device.bd_trough : State: idle
2026-09-13 21:47:57,933 : INFO : ball_device.bd_left_vuk : BCH: Initial count: 0
2026-09-13 21:47:57,933 : INFO : ball_device.bd_left_vuk : State: idle
2026-09-13 21:47:57,933 : INFO : ball_device.bd_right_vuk : BCH: Initial count: 0
2026-09-13 21:47:57,934 : INFO : ball_device.bd_right_vuk : State: idle
2026-09-13 21:47:57,950 : INFO : EventManager : Event: ======'init_phase_3'====== Args={}
2026-09-13 21:49:26,185 : INFO : EventManager : Event: ======'init_phase_4'====== Args={}
2026-09-13 21:49:26,356 : INFO : EventManager : Event: ======'drop_target_dt_1_down'====== Args={'device': <drop_target.dt_1>}
2026-09-13 21:49:26,356 : INFO : EventManager : Event: ======'drop_target_dt_2_down'====== Args={'device': <drop_target.dt_2>}
2026-09-13 21:49:26,356 : INFO : EventManager : Event: ======'drop_target_dt_3_down'====== Args={'device': <drop_target.dt_3>}
2026-09-13 21:49:26,357 : INFO : EventManager : Event: ======'drop_target_dt_4_down'====== Args={'device': <drop_target.dt_4>}
2026-09-13 21:49:26,365 : INFO : BallController : Initial balls found: 3
2026-09-13 21:49:26,487 : INFO : EventManager : Event: ======'machine_var_audits_events_game_ended'====== Args={'value': 221, 'prev_value': None, 'change': True}
2026-09-13 21:49:26,487 : INFO : EventManager : Event: ======'machine_var_audits_events_game_started'====== Args={'value': 332, 'prev_value': None, 'change': True}
2026-09-13 21:49:26,488 : INFO : EventManager : Event: ======'machine_var_audits_missing_switches_s_00_service_esc'====== Args={'value': 332, 'prev_value': None, 'change': True}
2026-09-13 21:49:26,488 : INFO : EventManager : Event: ======'machine_var_audits_missing_switches_s_01_service_up'====== Args={'value': 332, 'prev_value': None, 'change': True}
2026-09-13 21:49:26,488 : INFO : EventManager : Event: ======'machine_var_audits_missing_switches_s_02_service_down'====== Args={'value': 332, 'prev_value': None, 'change': True}
2026-09-13 21:49:26,488 : INFO : EventManager : Event: ======'machine_var_audits_missing_switches_s_03_service_enter'====== Args={'value': 332, 'prev_value': None, 'change': True}
2026-09-13 21:49:26,488 : INFO : EventManager : Event: ======'machine_var_audits_missing_switches_s_08_left_flipper'====== Args={'value': 3, 'prev_value': None, 'change': True}
2026-09-13 21:49:26,488 : INFO : EventManager : Event: ======'machine_var_audits_missing_switches_s_11_start_button'====== Args={'value': 14, 'prev_value': None, 'change': True}
2026-09-13 21:49:26,488 : INFO : EventManager : Event: ======'machine_var_audits_missing_switches_s_17_right_flipper_upper'====== Args={'value': 6, 'prev_value': None, 'change': True}
2026-09-13 21:49:26,488 : INFO : EventManager : Event: ======'machine_var_audits_missing_switches_s_19_cab_arrow_left'====== Args={'value': 89, 'prev_value': None, 'change': True}
2026-09-13 21:49:26,488 : INFO : EventManager : Event: ======'machine_var_audits_missing_switches_s_20_cab_arrow_right'====== Args={'value': 89, 'prev_value': None, 'change': True}
2026-09-13 21:49:26,488 : INFO : EventManager : Event: ======'machine_var_audits_missing_switches_s_33_right_outlane'====== Args={'value': 13, 'prev_value': None, 'change': True}
2026-09-13 21:49:26,489 : INFO : EventManager : Event: ======'machine_var_audits_missing_switches_s_35_left_inlane'====== Args={'value': 6, 'prev_value': None, 'change': True}
2026-09-13 21:49:26,489 : INFO : EventManager : Event: ======'machine_var_audits_missing_switches_s_36_left_outlane'====== Args={'value': 1, 'prev_value': None, 'change': True}
2026-09-13 21:49:26,489 : INFO : EventManager : Event: ======'machine_var_audits_missing_switches_s_37_left_sling'====== Args={'value': 1, 'prev_value': None, 'change': True}
2026-09-13 21:49:26,489 : INFO : EventManager : Event: ======'machine_var_audits_missing_switches_s_38_star_rollover_bottom'====== Args={'value': 332, 'prev_value': None, 'change': True}
2026-09-13 21:49:26,489 : INFO : EventManager : Event: ======'machine_var_audits_missing_switches_s_39_star_rollover_top'====== Args={'value': 332, 'prev_value': None, 'change': True}
2026-09-13 21:49:26,489 : INFO : EventManager : Event: ======'machine_var_audits_missing_switches_s_42_stand_up_target_1'====== Args={'value': 1, 'prev_value': None, 'change': True}
2026-09-13 21:49:26,489 : INFO : EventManager : Event: ======'machine_var_audits_missing_switches_s_85_stand_up_target_bank_4'====== Args={'value': 6, 'prev_value': None, 'change': True}
2026-09-13 21:49:26,489 : INFO : EventManager : Event: ======'machine_var_audits_missing_switches_s_86_stand_up_target_bank_5'====== Args={'value': 6, 'prev_value': None, 'change': True}
2026-09-13 21:49:26,489 : INFO : EventManager : Event: ======'machine_var_audits_missing_switches_s_87_stand_up_target_bank_6'====== Args={'value': 6, 'prev_value': None, 'change': True}
2026-09-13 21:49:26,489 : INFO : EventManager : Event: ======'machine_var_audits_player_score'====== Args={'value': {'average': 6882888, 'top': [88603150, 76121812, 44765364, 42679715, 42074076, 41009082, 40615668, 24862509, 21491284, 21058224], 'total': 221}, 'prev_value': None, 'change': True}
2026-09-13 21:49:26,489 : INFO : EventManager : Event: ======'machine_var_audits_shots_resistance_qualify_target_5'====== Args={'value': 52, 'prev_value': None, 'change': True}
2026-09-13 21:49:26,489 : INFO : EventManager : Event: ======'machine_var_audits_shots_resistance_qualify_target_6'====== Args={'value': 43, 'prev_value': None, 'change': True}
2026-09-13 21:49:26,490 : INFO : EventManager : Event: ======'machine_var_audits_shots_resistance_saucer_stage_5'====== Args={'value': 1, 'prev_value': None, 'change': True}
2026-09-13 21:49:26,490 : INFO : EventManager : Event: ======'machine_var_audits_shots_resistance_single_drop_stage_5'====== Args={'value': 3, 'prev_value': None, 'change': True}
2026-09-13 21:49:26,490 : INFO : EventManager : Event: ======'machine_var_audits_shots_resistance_top_lane_stage_2'====== Args={'value': 31, 'prev_value': None, 'change': True}
2026-09-13 21:49:26,490 : INFO : EventManager : Event: ======'machine_var_audits_shots_resistance_top_lane_stage_3'====== Args={'value': 17, 'prev_value': None, 'change': True}
2026-09-13 21:49:26,490 : INFO : EventManager : Event: ======'machine_var_audits_shots_resistance_top_lane_stage_4'====== Args={'value': 9, 'prev_value': None, 'change': True}
2026-09-13 21:49:26,490 : INFO : EventManager : Event: ======'machine_var_audits_shots_shot_dt_1'====== Args={'value': 494, 'prev_value': None, 'change': True}
2026-09-13 21:49:26,490 : INFO : EventManager : Event: ======'machine_var_audits_shots_shot_dt_2'====== Args={'value': 533, 'prev_value': None, 'change': True}
2026-09-13 21:49:26,490 : INFO : EventManager : Event: ======'machine_var_audits_shots_shot_dt_3'====== Args={'value': 501, 'prev_value': None, 'change': True}
2026-09-13 21:49:26,490 : INFO : EventManager : Event: ======'machine_var_audits_shots_shot_dt_4'====== Args={'value': 445, 'prev_value': None, 'change': True}
2026-09-13 21:49:26,490 : INFO : EventManager : Event: ======'machine_var_audits_shots_shot_dt_5'====== Args={'value': 442, 'prev_value': None, 'change': True}
2026-09-13 21:49:26,490 : INFO : EventManager : Event: ======'machine_var_audits_shots_shot_dt_6'====== Args={'value': 437, 'prev_value': None, 'change': True}
2026-09-13 21:49:26,491 : INFO : EventManager : Event: ======'machine_var_audits_shots_shot_dt_7'====== Args={'value': 438, 'prev_value': None, 'change': True}
2026-09-13 21:49:26,491 : INFO : EventManager : Event: ======'machine_var_audits_shots_shot_impossible'====== Args={'value': 209, 'prev_value': None, 'change': True}
2026-09-13 21:49:26,491 : INFO : EventManager : Event: ======'machine_var_audits_shots_shot_slingshot_l'====== Args={'value': 536, 'prev_value': None, 'change': True}
2026-09-13 21:49:26,491 : INFO : EventManager : Event: ======'machine_var_audits_shots_shot_slingshot_r'====== Args={'value': 769, 'prev_value': None, 'change': True}
2026-09-13 21:49:26,491 : INFO : EventManager : Event: ======'machine_var_audits_shots_shot_sut_1'====== Args={'value': 2042, 'prev_value': None, 'change': True}
2026-09-13 21:49:26,491 : INFO : EventManager : Event: ======'machine_var_audits_shots_shot_sut_2'====== Args={'value': 2116, 'prev_value': None, 'change': True}
2026-09-13 21:49:26,491 : INFO : EventManager : Event: ======'machine_var_audits_shots_shot_sut_3'====== Args={'value': 815, 'prev_value': None, 'change': True}
2026-09-13 21:49:26,491 : INFO : EventManager : Event: ======'machine_var_audits_shots_shot_sut_4'====== Args={'value': 390, 'prev_value': None, 'change': True}
2026-09-13 21:49:26,491 : INFO : EventManager : Event: ======'machine_var_audits_shots_shot_sut_5'====== Args={'value': 560, 'prev_value': None, 'change': True}
2026-09-13 21:49:26,491 : INFO : EventManager : Event: ======'machine_var_audits_shots_shot_sut_6'====== Args={'value': 304, 'prev_value': None, 'change': True}
2026-09-13 21:49:26,491 : INFO : EventManager : Event: ======'machine_var_audits_shots_shot_sut_blue'====== Args={'value': 2676, 'prev_value': None, 'change': True}
2026-09-13 21:49:26,491 : INFO : EventManager : Event: ======'machine_var_audits_shots_shot_sut_green'====== Args={'value': 2346, 'prev_value': None, 'change': True}
2026-09-13 21:49:26,491 : INFO : EventManager : Event: ======'machine_var_audits_shots_shot_sut_red'====== Args={'value': 1205, 'prev_value': None, 'change': True}
2026-09-13 21:49:26,491 : INFO : EventManager : Event: ======'machine_var_audits_shots_spinner_left'====== Args={'value': 2653, 'prev_value': None, 'change': True}
2026-09-13 21:49:26,492 : INFO : EventManager : Event: ======'machine_var_audits_shots_spinner_right'====== Args={'value': 2747, 'prev_value': None, 'change': True}
2026-09-13 21:49:26,492 : INFO : EventManager : Event: ======'machine_var_audits_shots_varitarget_p1'====== Args={'value': 15342, 'prev_value': None, 'change': True}
2026-09-13 21:49:26,492 : INFO : EventManager : Event: ======'machine_var_audits_shots_varitarget_p2'====== Args={'value': 952, 'prev_value': None, 'change': True}
2026-09-13 21:49:26,492 : INFO : EventManager : Event: ======'machine_var_audits_shots_varitarget_p3'====== Args={'value': 858, 'prev_value': None, 'change': True}
2026-09-13 21:49:26,492 : INFO : EventManager : Event: ======'machine_var_audits_shots_varitarget_p4'====== Args={'value': 260, 'prev_value': None, 'change': True}
2026-09-13 21:49:26,492 : INFO : EventManager : Event: ======'machine_var_audits_shots_varitarget_p5'====== Args={'value': 470, 'prev_value': None, 'change': True}
2026-09-13 21:49:26,492 : INFO : EventManager : Event: ======'machine_var_audits_shots_varitarget_p6'====== Args={'value': 540, 'prev_value': None, 'change': True}
2026-09-13 21:49:26,492 : INFO : EventManager : Event: ======'machine_var_audits_shots_varitarget_p7'====== Args={'value': 312, 'prev_value': None, 'change': True}
2026-09-13 21:49:26,492 : INFO : EventManager : Event: ======'machine_var_audits_switches_s_00_service_esc'====== Args={'value': 0, 'prev_value': None, 'change': True}
2026-09-13 21:49:26,492 : INFO : EventManager : Event: ======'machine_var_audits_switches_s_01_service_up'====== Args={'value': 0, 'prev_value': None, 'change': True}
2026-09-13 21:49:26,492 : INFO : EventManager : Event: ======'machine_var_audits_switches_s_02_service_down'====== Args={'value': 0, 'prev_value': None, 'change': True}
2026-09-13 21:49:26,492 : INFO : EventManager : Event: ======'machine_var_audits_switches_s_03_service_enter'====== Args={'value': 0, 'prev_value': None, 'change': True}
2026-09-13 21:49:26,492 : INFO : EventManager : Event: ======'machine_var_audits_switches_s_08_left_flipper'====== Args={'value': 6431, 'prev_value': None, 'change': True}
2026-09-13 21:49:26,492 : INFO : EventManager : Event: ======'machine_var_audits_switches_s_11_start_button'====== Args={'value': 493, 'prev_value': None, 'change': True}
2026-09-13 21:49:26,493 : INFO : EventManager : Event: ======'machine_var_audits_switches_s_16_right_flipper'====== Args={'value': 10921, 'prev_value': None, 'change': True}
2026-09-13 21:49:26,493 : INFO : EventManager : Event: ======'machine_var_audits_switches_s_17_right_flipper_upper'====== Args={'value': 7964, 'prev_value': None, 'change': True}
2026-09-13 21:49:26,493 : INFO : EventManager : Event: ======'machine_var_audits_switches_s_19_cab_arrow_left'====== Args={'value': 64, 'prev_value': None, 'change': True}
2026-09-13 21:49:26,493 : INFO : EventManager : Event: ======'machine_var_audits_switches_s_20_cab_arrow_right'====== Args={'value': 55, 'prev_value': None, 'change': True}
2026-09-13 21:49:26,493 : INFO : EventManager : Event: ======'machine_var_audits_switches_s_24_trough_1'====== Args={'value': 2740, 'prev_value': None, 'change': True}
2026-09-13 21:49:26,493 : INFO : EventManager : Event: ======'machine_var_audits_switches_s_25_trough_2'====== Args={'value': 2710, 'prev_value': None, 'change': True}
2026-09-13 21:49:26,493 : INFO : EventManager : Event: ======'machine_var_audits_switches_s_26_trough_3'====== Args={'value': 2335, 'prev_value': None, 'change': True}
2026-09-13 21:49:26,493 : INFO : EventManager : Event: ======'machine_var_audits_switches_s_27_trough_4'====== Args={'value': 1911, 'prev_value': None, 'change': True}
2026-09-13 21:49:26,493 : INFO : EventManager : Event: ======'machine_var_audits_switches_s_28_trough_5'====== Args={'value': 1702, 'prev_value': None, 'change': True}
2026-09-13 21:49:26,493 : INFO : EventManager : Event: ======'machine_var_audits_switches_s_29_trough_6'====== Args={'value': 1887, 'prev_value': None, 'change': True}
2026-09-13 21:49:26,493 : INFO : EventManager : Event: ======'machine_var_audits_switches_s_30_trough_jam'====== Args={'value': 2749, 'prev_value': None, 'change': True}
2026-09-13 21:49:26,493 : INFO : EventManager : Event: ======'machine_var_audits_switches_s_31_plunger_lane'====== Args={'value': 2665, 'prev_value': None, 'change': True}
2026-09-13 21:49:26,493 : INFO : EventManager : Event: ======'machine_var_audits_switches_s_32_right_inlane'====== Args={'value': 347, 'prev_value': None, 'change': True}
2026-09-13 21:49:26,493 : INFO : EventManager : Event: ======'machine_var_audits_switches_s_33_right_outlane'====== Args={'value': 152, 'prev_value': None, 'change': True}
2026-09-13 21:49:26,494 : INFO : EventManager : Event: ======'machine_var_audits_switches_s_34_right_sling'====== Args={'value': 770, 'prev_value': None, 'change': True}
2026-09-13 21:49:26,494 : INFO : EventManager : Event: ======'machine_var_audits_switches_s_35_left_inlane'====== Args={'value': 318, 'prev_value': None, 'change': True}
2026-09-13 21:49:26,494 : INFO : EventManager : Event: ======'machine_var_audits_switches_s_36_left_outlane'====== Args={'value': 123, 'prev_value': None, 'change': True}
2026-09-13 21:49:26,494 : INFO : EventManager : Event: ======'machine_var_audits_switches_s_37_left_sling'====== Args={'value': 536, 'prev_value': None, 'change': True}
2026-09-13 21:49:26,494 : INFO : EventManager : Event: ======'machine_var_audits_switches_s_38_star_rollover_bottom'====== Args={'value': 0, 'prev_value': None, 'change': True}
2026-09-13 21:49:26,494 : INFO : EventManager : Event: ======'machine_var_audits_switches_s_39_star_rollover_top'====== Args={'value': 0, 'prev_value': None, 'change': True}
2026-09-13 21:49:26,494 : INFO : EventManager : Event: ======'machine_var_audits_switches_s_40_stand_up_target_5'====== Args={'value': 632, 'prev_value': None, 'change': True}
2026-09-13 21:49:26,494 : INFO : EventManager : Event: ======'machine_var_audits_switches_s_41_stand_up_target_6'====== Args={'value': 4952, 'prev_value': None, 'change': True}
2026-09-13 21:49:26,494 : INFO : EventManager : Event: ======'machine_var_audits_switches_s_42_stand_up_target_1'====== Args={'value': 209, 'prev_value': None, 'change': True}
2026-09-13 21:49:26,494 : INFO : EventManager : Event: ======'machine_var_audits_switches_s_43_stand_up_target_4'====== Args={'value': 494, 'prev_value': None, 'change': True}
2026-09-13 21:49:26,494 : INFO : EventManager : Event: ======'machine_var_audits_switches_s_44_spinner_right'====== Args={'value': 2748, 'prev_value': None, 'change': True}
2026-09-13 21:49:26,494 : INFO : EventManager : Event: ======'machine_var_audits_switches_s_56_pop_bumper_right'====== Args={'value': 1088, 'prev_value': None, 'change': True}
2026-09-13 21:49:26,494 : INFO : EventManager : Event: ======'machine_var_audits_switches_s_57_pop_bumper_center'====== Args={'value': 2464, 'prev_value': None, 'change': True}
2026-09-13 21:49:26,494 : INFO : EventManager : Event: ======'machine_var_audits_switches_s_58_pop_bumper_left'====== Args={'value': 3882, 'prev_value': None, 'change': True}
2026-09-13 21:49:26,495 : INFO : EventManager : Event: ======'machine_var_audits_switches_s_59_saucer_right'====== Args={'value': 197, 'prev_value': None, 'change': True}
2026-09-13 21:49:26,495 : INFO : EventManager : Event: ======'machine_var_audits_switches_s_60_top_lane_c'====== Args={'value': 1091, 'prev_value': None, 'change': True}
2026-09-13 21:49:26,495 : INFO : EventManager : Event: ======'machine_var_audits_switches_s_61_top_lane_b'====== Args={'value': 951, 'prev_value': None, 'change': True}
2026-09-13 21:49:26,495 : INFO : EventManager : Event: ======'machine_var_audits_switches_s_62_top_lane_a'====== Args={'value': 322, 'prev_value': None, 'change': True}
2026-09-13 21:49:26,495 : INFO : EventManager : Event: ======'machine_var_audits_switches_s_63_stand_up_target_3'====== Args={'value': 530, 'prev_value': None, 'change': True}
2026-09-13 21:49:26,495 : INFO : EventManager : Event: ======'machine_var_audits_switches_s_64_varitarget_position_1'====== Args={'value': 15375, 'prev_value': None, 'change': True}
2026-09-13 21:49:26,495 : INFO : EventManager : Event: ======'machine_var_audits_switches_s_65_varitarget_position_2'====== Args={'value': 953, 'prev_value': None, 'change': True}
2026-09-13 21:49:26,495 : INFO : EventManager : Event: ======'machine_var_audits_switches_s_66_varitarget_position_3'====== Args={'value': 858, 'prev_value': None, 'change': True}
2026-09-13 21:49:26,495 : INFO : EventManager : Event: ======'machine_var_audits_switches_s_67_varitarget_position_4'====== Args={'value': 260, 'prev_value': None, 'change': True}
2026-09-13 21:49:26,495 : INFO : EventManager : Event: ======'machine_var_audits_switches_s_68_varitarget_position_5'====== Args={'value': 470, 'prev_value': None, 'change': True}
2026-09-13 21:49:26,495 : INFO : EventManager : Event: ======'machine_var_audits_switches_s_69_varitarget_position_6'====== Args={'value': 540, 'prev_value': None, 'change': True}
2026-09-13 21:49:26,495 : INFO : EventManager : Event: ======'machine_var_audits_switches_s_70_varitarget_position_7'====== Args={'value': 312, 'prev_value': None, 'change': True}
2026-09-13 21:49:26,495 : INFO : EventManager : Event: ======'machine_var_audits_switches_s_71_spinner_left'====== Args={'value': 2657, 'prev_value': None, 'change': True}
2026-09-13 21:49:26,496 : INFO : EventManager : Event: ======'machine_var_audits_switches_s_72_single_drop_1'====== Args={'value': 383, 'prev_value': None, 'change': True}
2026-09-13 21:49:26,496 : INFO : EventManager : Event: ======'machine_var_audits_switches_s_73_fourbank_drop_1'====== Args={'value': 525, 'prev_value': None, 'change': True}
2026-09-13 21:49:26,496 : INFO : EventManager : Event: ======'machine_var_audits_switches_s_74_fourbank_drop_2'====== Args={'value': 545, 'prev_value': None, 'change': True}
2026-09-13 21:49:26,496 : INFO : EventManager : Event: ======'machine_var_audits_switches_s_75_fourbank_drop_3'====== Args={'value': 516, 'prev_value': None, 'change': True}
2026-09-13 21:49:26,496 : INFO : EventManager : Event: ======'machine_var_audits_switches_s_76_fourbank_drop_4'====== Args={'value': 478, 'prev_value': None, 'change': True}
2026-09-13 21:49:26,496 : INFO : EventManager : Event: ======'machine_var_audits_switches_s_77_threebank_drop_1'====== Args={'value': 766, 'prev_value': None, 'change': True}
2026-09-13 21:49:26,496 : INFO : EventManager : Event: ======'machine_var_audits_switches_s_78_threebank_drop_2'====== Args={'value': 462, 'prev_value': None, 'change': True}
2026-09-13 21:49:26,496 : INFO : EventManager : Event: ======'machine_var_audits_switches_s_79_threebank_drop_3'====== Args={'value': 447, 'prev_value': None, 'change': True}
2026-09-13 21:49:26,496 : INFO : EventManager : Event: ======'machine_var_audits_switches_s_80_stand_up_target_2'====== Args={'value': 105, 'prev_value': None, 'change': True}
2026-09-13 21:49:26,496 : INFO : EventManager : Event: ======'machine_var_audits_switches_s_81_saucer_left'====== Args={'value': 507, 'prev_value': None, 'change': True}
2026-09-13 21:49:26,496 : INFO : EventManager : Event: ======'machine_var_audits_switches_s_82_stand_up_target_bank_1'====== Args={'value': 2042, 'prev_value': None, 'change': True}
2026-09-13 21:49:26,496 : INFO : EventManager : Event: ======'machine_var_audits_switches_s_83_stand_up_target_bank_2'====== Args={'value': 2116, 'prev_value': None, 'change': True}
2026-09-13 21:49:26,496 : INFO : EventManager : Event: ======'machine_var_audits_switches_s_84_stand_up_target_bank_3'====== Args={'value': 815, 'prev_value': None, 'change': True}
2026-09-13 21:49:26,497 : INFO : EventManager : Event: ======'machine_var_audits_switches_s_85_stand_up_target_bank_4'====== Args={'value': 390, 'prev_value': None, 'change': True}
2026-09-13 21:49:26,497 : INFO : EventManager : Event: ======'machine_var_audits_switches_s_86_stand_up_target_bank_5'====== Args={'value': 560, 'prev_value': None, 'change': True}
2026-09-13 21:49:26,497 : INFO : EventManager : Event: ======'machine_var_audits_switches_s_87_stand_up_target_bank_6'====== Args={'value': 304, 'prev_value': None, 'change': True}
2026-09-13 21:49:26,510 : INFO : EventManager : Event: ======'init_phase_5'====== Args={}
2026-09-13 21:49:26,516 : INFO : EventManager : Event: ======'init_done'====== Args={}
2026-09-13 21:49:26,524 : INFO : EventManager : Event: ======'machine_reset_phase_1'====== Args={}
2026-09-13 21:49:26,550 : INFO : EventManager : Event: ======'machine_reset_phase_2'====== Args={}
2026-09-13 21:49:26,557 : INFO : EventManager : Event: ======'machine_reset_phase_3'====== Args={}
2026-09-13 21:49:26,562 : INFO : drop_target_bank.dt_bank_1_4 : 4 targets are down. Will reset those.
2026-09-13 21:49:26,562 : INFO : coil.c_40_fourbank_drop_reset : Pulsing Driver for 10ms (1.0 pulse_power)
2026-09-13 21:49:26,562 : INFO : drop_target_bank.dt_bank_5_7 : All targets are already up. Will not reset bank.
2026-09-13 21:49:26,564 : INFO : EventManager : Event: ======'reset_complete'====== Args={}
2026-09-13 21:49:26,568 : INFO : EventManager : Event: ======'mode_attract_will_start'====== Args={}
2026-09-13 21:49:26,569 : INFO : Timer.attract_carousel_timer : Starting Timer.
2026-09-13 21:49:26,569 : INFO : EventManager : Event: ======'timer_attract_carousel_timer_started'====== Args={'ticks': 0, 'ticks_remaining': 1}
2026-09-13 21:49:26,569 : INFO : EventManager : Event: ======'timer_attract_carousel_timer_tick'====== Args={'ticks': 0, 'ticks_remaining': 1}
2026-09-13 21:49:26,570 : INFO : EventManager : Event: ======'mode_attract_starting'====== Args={}
2026-09-13 21:49:26,570 : INFO : Mode.attract : Started. Priority: 10
2026-09-13 21:49:26,570 : INFO : EventManager : Event: ======'modes_active_modes_changed'====== Args={}
2026-09-13 21:49:26,570 : INFO : EventManager : Event: ======'mode_attract_started'====== Args={}
2026-09-13 21:49:26,571 : INFO : EventManager : Event: ======'start_mode_attract_scores'====== Args={'priority': 0}
2026-09-13 21:49:26,571 : INFO : EventManager : Event: ======'start_mode_attract_credits'====== Args={'priority': 0}
2026-09-13 21:49:26,571 : INFO : EventManager : Event: ======'attract_backglass_cycle_start'====== Args={'priority': 0}
2026-09-13 21:49:26,571 : INFO : EventManager : Event: ======'attract_playfield_lightshow'====== Args={'priority': 0}
2026-09-13 21:49:26,571 : INFO : EventManager : Event: ======'mode_attract_scores_will_start'====== Args={'priority': 0}
2026-09-13 21:49:26,571 : INFO : Timer.attract_scores_carousel_timer : Starting Timer.
2026-09-13 21:49:26,571 : INFO : EventManager : Event: ======'timer_attract_scores_carousel_timer_started'====== Args={'ticks': 0, 'ticks_remaining': 1}
2026-09-13 21:49:26,571 : INFO : EventManager : Event: ======'timer_attract_scores_carousel_timer_tick'====== Args={'ticks': 0, 'ticks_remaining': 1}
2026-09-13 21:49:26,572 : INFO : EventManager : Event: ======'mode_attract_scores_starting'====== Args={'priority': 0}
2026-09-13 21:49:26,572 : INFO : EventManager : Event: ======'mode_attract_credits_will_start'====== Args={'priority': 0}
2026-09-13 21:49:26,572 : INFO : Timer.attract_credits_carousel_timer : Starting Timer.
2026-09-13 21:49:26,572 : INFO : EventManager : Event: ======'timer_attract_credits_carousel_timer_started'====== Args={'ticks': 0, 'ticks_remaining': 1}
2026-09-13 21:49:26,572 : INFO : EventManager : Event: ======'timer_attract_credits_carousel_timer_tick'====== Args={'ticks': 0, 'ticks_remaining': 1}
2026-09-13 21:49:26,572 : INFO : EventManager : Event: ======'mode_attract_credits_starting'====== Args={'priority': 0}
2026-09-13 21:49:26,572 : INFO : Mode.attract_credits : Started. Priority: 8
2026-09-13 21:49:26,573 : INFO : EventManager : Event: ======'modes_active_modes_changed'====== Args={}
2026-09-13 21:49:26,573 : INFO : EventManager : Event: ======'mode_attract_credits_started'====== Args={'priority': 0}
2026-09-13 21:49:26,573 : INFO : EventManager : Event: ======'carousel_item_highlighted'====== Args={'carousel': 'attract_credits', 'direction': None, 'item': 'credits_sfx'}
2026-09-13 21:49:26,573 : INFO : Mode.attract_scores : Started. Priority: 9
2026-09-13 21:49:26,573 : INFO : EventManager : Event: ======'modes_active_modes_changed'====== Args={}
2026-09-13 21:49:26,573 : INFO : EventManager : Event: ======'mode_attract_scores_started'====== Args={'priority': 0}
2026-09-13 21:49:26,573 : INFO : EventManager : Event: ======'carousel_item_highlighted'====== Args={'carousel': 'attract_scores', 'direction': None, 'item': 'last_game_score'}
2026-09-13 21:49:26,574 : INFO : EventManager : Event: ======'collecting_balls_complete'====== Args={}
2026-09-13 21:49:26,574 : INFO : EventManager : Event: ======'carousel_item_highlighted'====== Args={'carousel': 'attract', 'direction': None, 'item': 'title'}
2026-09-13 21:49:26,593 : INFO : coil.c_40_fourbank_drop_reset : Pulsing Driver for 10ms (1.0 pulse_power)
2026-09-13 21:49:26,598 : INFO : coil.c_40_fourbank_drop_reset : Pulsing Driver for 10ms (1.0 pulse_power)
2026-09-13 21:49:26,598 : INFO : SwitchController : <<<<<<< 's_73_fourbank_drop_1' inactive (muted) >>>>>>>
2026-09-13 21:49:26,598 : INFO : SwitchController : <<<<<<< 's_74_fourbank_drop_2' inactive (muted) >>>>>>>
2026-09-13 21:49:26,598 : INFO : SwitchController : <<<<<<< 's_75_fourbank_drop_3' inactive (muted) >>>>>>>
2026-09-13 21:49:26,598 : INFO : SwitchController : <<<<<<< 's_76_fourbank_drop_4' inactive (muted) >>>>>>>
2026-09-13 21:49:26,601 : INFO : Machine : Starting the main run loop with active modes: [<Mode.attract>, <Mode.attract_scores>, <Mode.attract_credits>]
2026-09-13 21:49:26,611 : INFO : coil.c_40_fourbank_drop_reset : Pulsing Driver for 10ms (1.0 pulse_power)
2026-09-13 21:49:26,645 : INFO : coil.c_40_fourbank_drop_reset : Pulsing Driver for 10ms (1.0 pulse_power)
2026-09-13 21:49:26,910 : INFO : EventManager : Event: ======'slide_attract_created'====== Args={'_from_bcp': True}
2026-09-13 21:49:26,910 : INFO : EventManager : Event: ======'slide__removed'====== Args={'_from_bcp': True}
2026-09-13 21:49:26,912 : INFO : EventManager : Event: ======'slide_attract_active'====== Args={'original_context': 'attract', 'original_calling_context': 'mode_attract_started', 'priority': 10.0, 'cmd': 'slides_play', '_from_bcp': True}
2026-09-13 21:49:27,061 : INFO : EventManager : Event: ======'drop_target_dt_1_up'====== Args={'device': <drop_target.dt_1>}
2026-09-13 21:49:27,061 : INFO : EventManager : Event: ======'drop_target_dt_2_up'====== Args={'device': <drop_target.dt_2>}
2026-09-13 21:49:27,061 : INFO : EventManager : Event: ======'drop_target_dt_3_up'====== Args={'device': <drop_target.dt_3>}
2026-09-13 21:49:27,061 : INFO : EventManager : Event: ======'drop_target_dt_4_up'====== Args={'device': <drop_target.dt_4>}
2026-09-13 21:49:31,562 : INFO : Timer.attract_credits_carousel_timer : Timer Complete
2026-09-13 21:49:31,562 : INFO : Timer.attract_credits_carousel_timer : Stopping Timer
2026-09-13 21:49:31,562 : INFO : EventManager : Event: ======'timer_attract_credits_carousel_timer_stopped'====== Args={'ticks': 1, 'ticks_remaining': 1}
2026-09-13 21:49:31,562 : INFO : EventManager : Event: ======'timer_attract_credits_carousel_timer_complete'====== Args={'ticks': 1, 'ticks_remaining': 1}
2026-09-13 21:49:31,562 : INFO : Timer.attract_scores_carousel_timer : Timer Complete
2026-09-13 21:49:31,562 : INFO : Timer.attract_scores_carousel_timer : Stopping Timer
2026-09-13 21:49:31,562 : INFO : EventManager : Event: ======'timer_attract_scores_carousel_timer_stopped'====== Args={'ticks': 1, 'ticks_remaining': 1}
2026-09-13 21:49:31,562 : INFO : EventManager : Event: ======'timer_attract_scores_carousel_timer_complete'====== Args={'ticks': 1, 'ticks_remaining': 1}
2026-09-13 21:49:31,562 : INFO : Timer.attract_carousel_timer : Timer Complete
2026-09-13 21:49:31,562 : INFO : Timer.attract_carousel_timer : Stopping Timer
2026-09-13 21:49:31,563 : INFO : EventManager : Event: ======'timer_attract_carousel_timer_stopped'====== Args={'ticks': 1, 'ticks_remaining': 1}
2026-09-13 21:49:31,563 : INFO : EventManager : Event: ======'timer_attract_carousel_timer_complete'====== Args={'ticks': 1, 'ticks_remaining': 1}
2026-09-13 21:49:31,563 : INFO : EventManager : Event: ======'carousel_item_highlighted'====== Args={'carousel': 'attract_credits', 'direction': 'forwards', 'item': 'credits_mpf'}
2026-09-13 21:49:31,563 : INFO : EventManager : Event: ======'carousel_item_highlighted'====== Args={'carousel': 'attract_scores', 'direction': 'forwards', 'item': 'grand_champion'}
2026-09-13 21:49:31,563 : INFO : EventManager : Event: ======'carousel_item_highlighted'====== Args={'carousel': 'attract', 'direction': 'forwards', 'item': 'title2'}
2026-09-13 21:49:31,564 : INFO : Timer.attract_carousel_timer : Starting Timer.
2026-09-13 21:49:31,564 : INFO : EventManager : Event: ======'timer_attract_carousel_timer_started'====== Args={'ticks': 0, 'ticks_remaining': 1}
2026-09-13 21:49:31,564 : INFO : EventManager : Event: ======'timer_attract_carousel_timer_tick'====== Args={'ticks': 0, 'ticks_remaining': 1}
2026-09-13 21:49:36,567 : INFO : Timer.attract_carousel_timer : Timer Complete
2026-09-13 21:49:36,567 : INFO : Timer.attract_carousel_timer : Stopping Timer
2026-09-13 21:49:36,567 : INFO : EventManager : Event: ======'timer_attract_carousel_timer_stopped'====== Args={'ticks': 1, 'ticks_remaining': 1}
2026-09-13 21:49:36,567 : INFO : EventManager : Event: ======'timer_attract_carousel_timer_complete'====== Args={'ticks': 1, 'ticks_remaining': 1}
2026-09-13 21:49:36,567 : INFO : EventManager : Event: ======'carousel_item_highlighted'====== Args={'carousel': 'attract', 'direction': 'forwards', 'item': 'title'}
2026-09-13 21:49:36,567 : INFO : Timer.attract_carousel_timer : Starting Timer.
2026-09-13 21:49:36,567 : INFO : EventManager : Event: ======'timer_attract_carousel_timer_started'====== Args={'ticks': 0, 'ticks_remaining': 1}
2026-09-13 21:49:36,567 : INFO : EventManager : Event: ======'timer_attract_carousel_timer_tick'====== Args={'ticks': 0, 'ticks_remaining': 1}
2026-09-13 21:49:41,563 : INFO : Timer.attract_carousel_timer : Timer Complete
2026-09-13 21:49:41,563 : INFO : Timer.attract_carousel_timer : Stopping Timer
2026-09-13 21:49:41,563 : INFO : EventManager : Event: ======'timer_attract_carousel_timer_stopped'====== Args={'ticks': 1, 'ticks_remaining': 1}
2026-09-13 21:49:41,563 : INFO : EventManager : Event: ======'timer_attract_carousel_timer_complete'====== Args={'ticks': 1, 'ticks_remaining': 1}
2026-09-13 21:49:41,563 : INFO : EventManager : Event: ======'carousel_item_highlighted'====== Args={'carousel': 'attract', 'direction': 'forwards', 'item': 'title2'}
2026-09-13 21:49:41,563 : INFO : Timer.attract_carousel_timer : Starting Timer.
2026-09-13 21:49:41,564 : INFO : EventManager : Event: ======'timer_attract_carousel_timer_started'====== Args={'ticks': 0, 'ticks_remaining': 1}
2026-09-13 21:49:41,564 : INFO : EventManager : Event: ======'timer_attract_carousel_timer_tick'====== Args={'ticks': 0, 'ticks_remaining': 1}
2026-09-13 21:49:46,563 : INFO : Timer.attract_carousel_timer : Timer Complete
2026-09-13 21:49:46,563 : INFO : Timer.attract_carousel_timer : Stopping Timer
2026-09-13 21:49:46,563 : INFO : EventManager : Event: ======'timer_attract_carousel_timer_stopped'====== Args={'ticks': 1, 'ticks_remaining': 1}
2026-09-13 21:49:46,563 : INFO : EventManager : Event: ======'timer_attract_carousel_timer_complete'====== Args={'ticks': 1, 'ticks_remaining': 1}
2026-09-13 21:49:46,563 : INFO : EventManager : Event: ======'carousel_item_highlighted'====== Args={'carousel': 'attract', 'direction': 'forwards', 'item': 'title'}
2026-09-13 21:49:46,563 : INFO : Timer.attract_carousel_timer : Starting Timer.
2026-09-13 21:49:46,564 : INFO : EventManager : Event: ======'timer_attract_carousel_timer_started'====== Args={'ticks': 0, 'ticks_remaining': 1}
2026-09-13 21:49:46,564 : INFO : EventManager : Event: ======'timer_attract_carousel_timer_tick'====== Args={'ticks': 0, 'ticks_remaining': 1}
2026-09-13 21:49:51,574 : INFO : Timer.attract_carousel_timer : Timer Complete
2026-09-13 21:49:51,574 : INFO : Timer.attract_carousel_timer : Stopping Timer
2026-09-13 21:49:51,574 : INFO : EventManager : Event: ======'timer_attract_carousel_timer_stopped'====== Args={'ticks': 1, 'ticks_remaining': 1}
2026-09-13 21:49:51,574 : INFO : EventManager : Event: ======'timer_attract_carousel_timer_complete'====== Args={'ticks': 1, 'ticks_remaining': 1}
2026-09-13 21:49:51,574 : INFO : EventManager : Event: ======'carousel_item_highlighted'====== Args={'carousel': 'attract', 'direction': 'forwards', 'item': 'title2'}
2026-09-13 21:49:51,574 : INFO : Timer.attract_carousel_timer : Starting Timer.
2026-09-13 21:49:51,575 : INFO : EventManager : Event: ======'timer_attract_carousel_timer_started'====== Args={'ticks': 0, 'ticks_remaining': 1}
2026-09-13 21:49:51,575 : INFO : EventManager : Event: ======'timer_attract_carousel_timer_tick'====== Args={'ticks': 0, 'ticks_remaining': 1}
2026-09-13 21:49:56,561 : INFO : Timer.attract_carousel_timer : Timer Complete
2026-09-13 21:49:56,561 : INFO : Timer.attract_carousel_timer : Stopping Timer
2026-09-13 21:49:56,561 : INFO : EventManager : Event: ======'timer_attract_carousel_timer_stopped'====== Args={'ticks': 1, 'ticks_remaining': 1}
2026-09-13 21:49:56,561 : INFO : EventManager : Event: ======'timer_attract_carousel_timer_complete'====== Args={'ticks': 1, 'ticks_remaining': 1}
2026-09-13 21:49:56,561 : INFO : EventManager : Event: ======'carousel_item_highlighted'====== Args={'carousel': 'attract', 'direction': 'forwards', 'item': 'title'}
2026-09-13 21:49:56,561 : INFO : Timer.attract_carousel_timer : Starting Timer.
2026-09-13 21:49:56,562 : INFO : EventManager : Event: ======'timer_attract_carousel_timer_started'====== Args={'ticks': 0, 'ticks_remaining': 1}
2026-09-13 21:49:56,562 : INFO : EventManager : Event: ======'timer_attract_carousel_timer_tick'====== Args={'ticks': 0, 'ticks_remaining': 1}
2026-09-13 21:50:01,565 : INFO : Timer.attract_carousel_timer : Timer Complete
2026-09-13 21:50:01,565 : INFO : Timer.attract_carousel_timer : Stopping Timer
2026-09-13 21:50:01,565 : INFO : EventManager : Event: ======'timer_attract_carousel_timer_stopped'====== Args={'ticks': 1, 'ticks_remaining': 1}
2026-09-13 21:50:01,565 : INFO : EventManager : Event: ======'timer_attract_carousel_timer_complete'====== Args={'ticks': 1, 'ticks_remaining': 1}
2026-09-13 21:50:01,565 : INFO : EventManager : Event: ======'carousel_item_highlighted'====== Args={'carousel': 'attract', 'direction': 'forwards', 'item': 'title2'}
2026-09-13 21:50:01,565 : INFO : Timer.attract_carousel_timer : Starting Timer.
2026-09-13 21:50:01,565 : INFO : EventManager : Event: ======'timer_attract_carousel_timer_started'====== Args={'ticks': 0, 'ticks_remaining': 1}
2026-09-13 21:50:01,566 : INFO : EventManager : Event: ======'timer_attract_carousel_timer_tick'====== Args={'ticks': 0, 'ticks_remaining': 1}
2026-09-13 21:50:06,564 : INFO : Timer.attract_carousel_timer : Timer Complete
2026-09-13 21:50:06,564 : INFO : Timer.attract_carousel_timer : Stopping Timer
2026-09-13 21:50:06,564 : INFO : EventManager : Event: ======'timer_attract_carousel_timer_stopped'====== Args={'ticks': 1, 'ticks_remaining': 1}
2026-09-13 21:50:06,564 : INFO : EventManager : Event: ======'timer_attract_carousel_timer_complete'====== Args={'ticks': 1, 'ticks_remaining': 1}
2026-09-13 21:50:06,564 : INFO : EventManager : Event: ======'carousel_item_highlighted'====== Args={'carousel': 'attract', 'direction': 'forwards', 'item': 'title'}
2026-09-13 21:50:06,564 : INFO : Timer.attract_carousel_timer : Starting Timer.
2026-09-13 21:50:06,565 : INFO : EventManager : Event: ======'timer_attract_carousel_timer_started'====== Args={'ticks': 0, 'ticks_remaining': 1}
2026-09-13 21:50:06,565 : INFO : EventManager : Event: ======'timer_attract_carousel_timer_tick'====== Args={'ticks': 0, 'ticks_remaining': 1}
2026-09-13 21:50:11,571 : INFO : Timer.attract_carousel_timer : Timer Complete
2026-09-13 21:50:11,571 : INFO : Timer.attract_carousel_timer : Stopping Timer
2026-09-13 21:50:11,571 : INFO : EventManager : Event: ======'timer_attract_carousel_timer_stopped'====== Args={'ticks': 1, 'ticks_remaining': 1}
2026-09-13 21:50:11,571 : INFO : EventManager : Event: ======'timer_attract_carousel_timer_complete'====== Args={'ticks': 1, 'ticks_remaining': 1}
2026-09-13 21:50:11,571 : INFO : EventManager : Event: ======'carousel_item_highlighted'====== Args={'carousel': 'attract', 'direction': 'forwards', 'item': 'title2'}
2026-09-13 21:50:11,571 : INFO : Timer.attract_carousel_timer : Starting Timer.
2026-09-13 21:50:11,571 : INFO : EventManager : Event: ======'timer_attract_carousel_timer_started'====== Args={'ticks': 0, 'ticks_remaining': 1}
2026-09-13 21:50:11,571 : INFO : EventManager : Event: ======'timer_attract_carousel_timer_tick'====== Args={'ticks': 0, 'ticks_remaining': 1}
2026-09-13 21:50:16,568 : INFO : Timer.attract_carousel_timer : Timer Complete
2026-09-13 21:50:16,568 : INFO : Timer.attract_carousel_timer : Stopping Timer
2026-09-13 21:50:16,568 : INFO : EventManager : Event: ======'timer_attract_carousel_timer_stopped'====== Args={'ticks': 1, 'ticks_remaining': 1}
2026-09-13 21:50:16,568 : INFO : EventManager : Event: ======'timer_attract_carousel_timer_complete'====== Args={'ticks': 1, 'ticks_remaining': 1}
2026-09-13 21:50:16,569 : INFO : EventManager : Event: ======'carousel_item_highlighted'====== Args={'carousel': 'attract', 'direction': 'forwards', 'item': 'title'}
2026-09-13 21:50:16,569 : INFO : Timer.attract_carousel_timer : Starting Timer.
2026-09-13 21:50:16,569 : INFO : EventManager : Event: ======'timer_attract_carousel_timer_started'====== Args={'ticks': 0, 'ticks_remaining': 1}
2026-09-13 21:50:16,569 : INFO : EventManager : Event: ======'timer_attract_carousel_timer_tick'====== Args={'ticks': 0, 'ticks_remaining': 1}
2026-09-13 21:50:21,560 : INFO : Timer.attract_carousel_timer : Timer Complete
2026-09-13 21:50:21,560 : INFO : Timer.attract_carousel_timer : Stopping Timer
2026-09-13 21:50:21,560 : INFO : EventManager : Event: ======'timer_attract_carousel_timer_stopped'====== Args={'ticks': 1, 'ticks_remaining': 1}
2026-09-13 21:50:21,561 : INFO : EventManager : Event: ======'timer_attract_carousel_timer_complete'====== Args={'ticks': 1, 'ticks_remaining': 1}
2026-09-13 21:50:21,561 : INFO : EventManager : Event: ======'carousel_item_highlighted'====== Args={'carousel': 'attract', 'direction': 'forwards', 'item': 'title2'}
2026-09-13 21:50:21,562 : INFO : Timer.attract_carousel_timer : Starting Timer.
2026-09-13 21:50:21,562 : INFO : EventManager : Event: ======'timer_attract_carousel_timer_started'====== Args={'ticks': 0, 'ticks_remaining': 1}
2026-09-13 21:50:21,562 : INFO : EventManager : Event: ======'timer_attract_carousel_timer_tick'====== Args={'ticks': 0, 'ticks_remaining': 1}
2026-09-13 21:50:26,563 : INFO : Timer.attract_carousel_timer : Timer Complete
2026-09-13 21:50:26,563 : INFO : Timer.attract_carousel_timer : Stopping Timer
2026-09-13 21:50:26,563 : INFO : EventManager : Event: ======'timer_attract_carousel_timer_stopped'====== Args={'ticks': 1, 'ticks_remaining': 1}
2026-09-13 21:50:26,563 : INFO : EventManager : Event: ======'timer_attract_carousel_timer_complete'====== Args={'ticks': 1, 'ticks_remaining': 1}
2026-09-13 21:50:26,563 : INFO : EventManager : Event: ======'carousel_item_highlighted'====== Args={'carousel': 'attract', 'direction': 'forwards', 'item': 'title'}
2026-09-13 21:50:26,563 : INFO : Timer.attract_carousel_timer : Starting Timer.
2026-09-13 21:50:26,564 : INFO : EventManager : Event: ======'timer_attract_carousel_timer_started'====== Args={'ticks': 0, 'ticks_remaining': 1}
2026-09-13 21:50:26,564 : INFO : EventManager : Event: ======'timer_attract_carousel_timer_tick'====== Args={'ticks': 0, 'ticks_remaining': 1}
2026-09-13 21:50:31,560 : INFO : Timer.attract_carousel_timer : Timer Complete
2026-09-13 21:50:31,560 : INFO : Timer.attract_carousel_timer : Stopping Timer
2026-09-13 21:50:31,560 : INFO : EventManager : Event: ======'timer_attract_carousel_timer_stopped'====== Args={'ticks': 1, 'ticks_remaining': 1}
2026-09-13 21:50:31,561 : INFO : EventManager : Event: ======'timer_attract_carousel_timer_complete'====== Args={'ticks': 1, 'ticks_remaining': 1}
2026-09-13 21:50:31,561 : INFO : EventManager : Event: ======'carousel_item_highlighted'====== Args={'carousel': 'attract', 'direction': 'forwards', 'item': 'title2'}
2026-09-13 21:50:31,562 : INFO : Timer.attract_carousel_timer : Starting Timer.
2026-09-13 21:50:31,562 : INFO : EventManager : Event: ======'timer_attract_carousel_timer_started'====== Args={'ticks': 0, 'ticks_remaining': 1}
2026-09-13 21:50:31,562 : INFO : EventManager : Event: ======'timer_attract_carousel_timer_tick'====== Args={'ticks': 0, 'ticks_remaining': 1}
2026-09-13 21:50:36,573 : INFO : Timer.attract_carousel_timer : Timer Complete
2026-09-13 21:50:36,573 : INFO : Timer.attract_carousel_timer : Stopping Timer
2026-09-13 21:50:36,573 : INFO : EventManager : Event: ======'timer_attract_carousel_timer_stopped'====== Args={'ticks': 1, 'ticks_remaining': 1}
2026-09-13 21:50:36,573 : INFO : EventManager : Event: ======'timer_attract_carousel_timer_complete'====== Args={'ticks': 1, 'ticks_remaining': 1}
2026-09-13 21:50:36,574 : INFO : EventManager : Event: ======'carousel_item_highlighted'====== Args={'carousel': 'attract', 'direction': 'forwards', 'item': 'title'}
2026-09-13 21:50:36,574 : INFO : Timer.attract_carousel_timer : Starting Timer.
2026-09-13 21:50:36,574 : INFO : EventManager : Event: ======'timer_attract_carousel_timer_started'====== Args={'ticks': 0, 'ticks_remaining': 1}
2026-09-13 21:50:36,574 : INFO : EventManager : Event: ======'timer_attract_carousel_timer_tick'====== Args={'ticks': 0, 'ticks_remaining': 1}
2026-09-13 21:50:41,574 : INFO : Timer.attract_carousel_timer : Timer Complete
2026-09-13 21:50:41,574 : INFO : Timer.attract_carousel_timer : Stopping Timer
2026-09-13 21:50:41,574 : INFO : EventManager : Event: ======'timer_attract_carousel_timer_stopped'====== Args={'ticks': 1, 'ticks_remaining': 1}
2026-09-13 21:50:41,574 : INFO : EventManager : Event: ======'timer_attract_carousel_timer_complete'====== Args={'ticks': 1, 'ticks_remaining': 1}
2026-09-13 21:50:41,575 : INFO : EventManager : Event: ======'carousel_item_highlighted'====== Args={'carousel': 'attract', 'direction': 'forwards', 'item': 'title2'}
2026-09-13 21:50:41,575 : INFO : Timer.attract_carousel_timer : Starting Timer.
2026-09-13 21:50:41,575 : INFO : EventManager : Event: ======'timer_attract_carousel_timer_started'====== Args={'ticks': 0, 'ticks_remaining': 1}
2026-09-13 21:50:41,575 : INFO : EventManager : Event: ======'timer_attract_carousel_timer_tick'====== Args={'ticks': 0, 'ticks_remaining': 1}
2026-09-13 21:50:46,575 : INFO : Timer.attract_carousel_timer : Timer Complete
2026-09-13 21:50:46,575 : INFO : Timer.attract_carousel_timer : Stopping Timer
2026-09-13 21:50:46,575 : INFO : EventManager : Event: ======'timer_attract_carousel_timer_stopped'====== Args={'ticks': 1, 'ticks_remaining': 1}
2026-09-13 21:50:46,575 : INFO : EventManager : Event: ======'timer_attract_carousel_timer_complete'====== Args={'ticks': 1, 'ticks_remaining': 1}
2026-09-13 21:50:46,575 : INFO : EventManager : Event: ======'carousel_item_highlighted'====== Args={'carousel': 'attract', 'direction': 'forwards', 'item': 'title'}
2026-09-13 21:50:46,575 : INFO : Timer.attract_carousel_timer : Starting Timer.
2026-09-13 21:50:46,575 : INFO : EventManager : Event: ======'timer_attract_carousel_timer_started'====== Args={'ticks': 0, 'ticks_remaining': 1}
2026-09-13 21:50:46,575 : INFO : EventManager : Event: ======'timer_attract_carousel_timer_tick'====== Args={'ticks': 0, 'ticks_remaining': 1}
2026-09-13 21:50:50,974 : INFO : Machine : Shutting down...
2026-09-13 21:50:50,974 : INFO : EventManager : Event: ======'shutdown'====== Args={}
2026-09-13 21:50:51,078 : INFO : root : MPF run loop ended.
