2026-09-09 17:30:11,475 : INFO : root : Loading config.
2026-09-09 17:30:11,480 : INFO : YamlMultifileConfigLoader : Machine config file #1: config.yaml
2026-09-09 17:30:11,481 : INFO : ConfigProcessor : Loading config from cache: C:\Users\tl\AppData\Local\Temp\86f932e179f318f5dae29f066573dee9.mpf_cache
2026-09-09 17:30:11,584 : INFO : ConfigProcessor : Loading config from cache: C:\Users\tl\AppData\Local\Temp\5e7e3dd8e04e0aa46ea76018297218da.mpf_cache
2026-09-09 17:30:11,586 : INFO : ConfigProcessor : Loading config from cache: C:\Users\tl\AppData\Local\Temp\af6ad0dab2f43bd9cbdac83e0b2786ac.mpf_cache
2026-09-09 17:30:11,586 : INFO : ConfigProcessor : Loading config from cache: C:\Users\tl\AppData\Local\Temp\5e7e3dd8e04e0aa46ea76018297218da.mpf_cache
2026-09-09 17:30:11,587 : INFO : ConfigProcessor : Loading config from cache: C:\Users\tl\AppData\Local\Temp\078e3f4c59f1cd1bf0ff8685cc9e7ff5.mpf_cache
2026-09-09 17:30:11,588 : INFO : ConfigProcessor : Loading config from cache: C:\Users\tl\AppData\Local\Temp\279434e09bc5e8b073f441f36778b3c5.mpf_cache
2026-09-09 17:30:11,589 : INFO : ConfigProcessor : Loading config from cache: C:\Users\tl\AppData\Local\Temp\0f8a6fed03551fa5e1f599b5c511b7ce.mpf_cache
2026-09-09 17:30:11,589 : INFO : ConfigProcessor : Loading config from cache: C:\Users\tl\AppData\Local\Temp\f7ef3217062c4a128670875e2cb05ce9.mpf_cache
2026-09-09 17:30:11,591 : INFO : ConfigProcessor : Loading config from cache: C:\Users\tl\AppData\Local\Temp\af5889bf1d8b1305d084c7abbaed88de.mpf_cache
2026-09-09 17:30:11,591 : WARNING : ConfigProcessor : Config file in cache changed: C:\Users\tl\Documents\tl-pinball\modes\brain_rot\config\brain_rot.yaml
2026-09-09 17:30:11,591 : INFO : ConfigProcessor : Loading config from file C:\Users\tl\Documents\tl-pinball\modes\brain_rot\config\brain_rot.yaml.
2026-09-09 17:30:11,604 : INFO : ConfigProcessor : Loading config: C:\Users\tl\Documents\tl-pinball\modes\brain_rot\config\brain_rot.yaml
2026-09-09 17:30:11,605 : INFO : ConfigProcessor : Config file cache created: C:\Users\tl\AppData\Local\Temp\3e0da43cdf74c6e3f9d34deafe6b0c00.mpf_cache
2026-09-09 17:30:11,605 : INFO : ConfigProcessor : Loading config from cache: C:\Users\tl\AppData\Local\Temp\3f4b5828320b2882d8f6d86277da0e3c.mpf_cache
2026-09-09 17:30:11,606 : INFO : ConfigProcessor : Loading config from cache: C:\Users\tl\AppData\Local\Temp\e0885cd80287b6cf2bdb3b3b7e551419.mpf_cache
2026-09-09 17:30:11,607 : INFO : ConfigProcessor : Loading config from cache: C:\Users\tl\AppData\Local\Temp\21a3b6af72788c31c1bb21496f7d3280.mpf_cache
2026-09-09 17:30:11,608 : INFO : ConfigProcessor : Loading config from cache: C:\Users\tl\AppData\Local\Temp\5ad868424699ac3c9402d8d89c5742fa.mpf_cache
2026-09-09 17:30:11,610 : INFO : ConfigProcessor : Loading config from cache: C:\Users\tl\AppData\Local\Temp\b41aec6702196d0bd650320fa331266f.mpf_cache
2026-09-09 17:30:11,610 : INFO : ConfigProcessor : Loading config from cache: C:\Users\tl\AppData\Local\Temp\a951eeea2c167365e5a009cce33f51d8.mpf_cache
2026-09-09 17:30:11,611 : INFO : ConfigProcessor : Loading config from cache: C:\Users\tl\AppData\Local\Temp\f020dca9eec5e09763b9289397e6c32f.mpf_cache
2026-09-09 17:30:11,612 : INFO : ConfigProcessor : Loading config from cache: C:\Users\tl\AppData\Local\Temp\edce5a74ebf86ee6330810859c361ede.mpf_cache
2026-09-09 17:30:11,614 : INFO : ConfigProcessor : Loading config from cache: C:\Users\tl\AppData\Local\Temp\7c825e76f3d981841c3099d018a06a8f.mpf_cache
2026-09-09 17:30:11,615 : INFO : ConfigProcessor : Loading config from cache: C:\Users\tl\AppData\Local\Temp\4c1252d1f04cb61ecc91110937cfd225.mpf_cache
2026-09-09 17:30:11,615 : INFO : ConfigProcessor : Loading config from cache: C:\Users\tl\AppData\Local\Temp\8d6d681afe5a7b6e9186321cd98f18ca.mpf_cache
2026-09-09 17:30:11,618 : INFO : ConfigProcessor : Loading config from cache: C:\Users\tl\AppData\Local\Temp\6ca6a8b9cb340c3b8d36233eeb0719a5.mpf_cache
2026-09-09 17:30:11,618 : INFO : ConfigProcessor : Loading config from cache: C:\Users\tl\AppData\Local\Temp\d7f9969d1a13fb8a4ff98949110a3363.mpf_cache
2026-09-09 17:30:11,619 : INFO : ConfigProcessor : Loading config from cache: C:\Users\tl\AppData\Local\Temp\ea483b3190585f1b6f58e5d4b3be4053.mpf_cache
2026-09-09 17:30:11,619 : INFO : ConfigProcessor : Loading config from cache: C:\Users\tl\AppData\Local\Temp\29a24a1f58555604e17f1620fab88485.mpf_cache
2026-09-09 17:30:11,620 : INFO : ConfigProcessor : Loading config from cache: C:\Users\tl\AppData\Local\Temp\9e4f4ac993fe3c13c573513cb70c74c1.mpf_cache
2026-09-09 17:30:11,621 : INFO : ConfigProcessor : Loading config from cache: C:\Users\tl\AppData\Local\Temp\271b31ea91f7fc416a689202738fcb25.mpf_cache
2026-09-09 17:30:11,622 : INFO : ConfigProcessor : Loading config from cache: C:\Users\tl\AppData\Local\Temp\d5113bae71fe9b2600b29bf116525aac.mpf_cache
2026-09-09 17:30:11,623 : INFO : ConfigProcessor : Loading config from cache: C:\Users\tl\AppData\Local\Temp\ae5d383473e063efe671bf30ab478239.mpf_cache
2026-09-09 17:30:11,624 : INFO : ConfigProcessor : Loading config from cache: C:\Users\tl\AppData\Local\Temp\46870b44a1c011c86a746a823adf6b5a.mpf_cache
2026-09-09 17:30:11,626 : INFO : ConfigProcessor : Loading config from cache: C:\Users\tl\AppData\Local\Temp\0cf169c51710e2e034dc49f1aab9dfdd.mpf_cache
2026-09-09 17:30:11,632 : INFO : ConfigProcessor : Loading config from cache: C:\Users\tl\AppData\Local\Temp\7f1f48089af53c0812f6ef7352fae9fc.mpf_cache
2026-09-09 17:30:11,632 : INFO : ConfigProcessor : Loading config from cache: C:\Users\tl\AppData\Local\Temp\2cc33be7b212147eeee1bdfcda64fa9a.mpf_cache
2026-09-09 17:30:11,633 : INFO : ConfigProcessor : Loading config from cache: C:\Users\tl\AppData\Local\Temp\a16abf331f3e7de6af87e663850f3d9e.mpf_cache
2026-09-09 17:30:11,633 : INFO : ConfigProcessor : Loading config from cache: C:\Users\tl\AppData\Local\Temp\38e2b0a0c5cbde9df196d324be754e6f.mpf_cache
2026-09-09 17:30:11,634 : INFO : ConfigProcessor : Loading config from cache: C:\Users\tl\AppData\Local\Temp\e80dee9eca7c5982ccbcb422c91db859.mpf_cache
2026-09-09 17:30:11,635 : INFO : ConfigProcessor : Loading config from cache: C:\Users\tl\AppData\Local\Temp\0109be63d67329a8885529bd2a71548c.mpf_cache
2026-09-09 17:30:11,635 : INFO : ConfigProcessor : Loading config from cache: C:\Users\tl\AppData\Local\Temp\61bab561dcce3f0c07355166d6e0f761.mpf_cache
2026-09-09 17:30:11,636 : INFO : ConfigProcessor : Loading config from cache: C:\Users\tl\AppData\Local\Temp\25d2f8081a4f10d84b73dba07eba574c.mpf_cache
2026-09-09 17:30:11,636 : INFO : ConfigProcessor : Loading config from cache: C:\Users\tl\AppData\Local\Temp\5dff49294fdc1400ecd20df1617a2b2f.mpf_cache
2026-09-09 17:30:11,637 : INFO : ConfigProcessor : Loading config from cache: C:\Users\tl\AppData\Local\Temp\eb82598b1fb2ee02b221679b664276f0.mpf_cache
2026-09-09 17:30:11,638 : INFO : ConfigProcessor : Loading config from cache: C:\Users\tl\AppData\Local\Temp\ee5817e1bc6c76799d194e89aa39905b.mpf_cache
2026-09-09 17:30:11,638 : INFO : ConfigProcessor : Loading config from cache: C:\Users\tl\AppData\Local\Temp\b4fb504f89ca2ed519ed0a0e98e46a04.mpf_cache
2026-09-09 17:30:11,639 : INFO : ConfigProcessor : Loading config from cache: C:\Users\tl\AppData\Local\Temp\a6a2066a35a93afd7c5e023580b97319.mpf_cache
2026-09-09 17:30:11,640 : INFO : ConfigProcessor : Loading config from cache: C:\Users\tl\AppData\Local\Temp\b8c836a76b8f12a6f53828e327bc835b.mpf_cache
2026-09-09 17:30:11,641 : INFO : ConfigProcessor : Loading config from cache: C:\Users\tl\AppData\Local\Temp\a42c9a1e5925ead55e30ef9c3174b8d6.mpf_cache
2026-09-09 17:30:11,641 : INFO : ConfigProcessor : Loading config from cache: C:\Users\tl\AppData\Local\Temp\232eb4bb290f7b6232b4d79d1c841dd5.mpf_cache
2026-09-09 17:30:11,642 : INFO : ConfigProcessor : Loading config from cache: C:\Users\tl\AppData\Local\Temp\a2de7c1b2b3faf18b0affdedaa38907f.mpf_cache
2026-09-09 17:30:11,642 : INFO : ConfigProcessor : Loading config from cache: C:\Users\tl\AppData\Local\Temp\e26965993a19a15abbd54118f3bb1f6b.mpf_cache
2026-09-09 17:30:11,643 : INFO : ConfigProcessor : Loading config from cache: C:\Users\tl\AppData\Local\Temp\1a8067b3018dc540f40ee09fbd30147e.mpf_cache
2026-09-09 17:30:11,644 : INFO : ConfigProcessor : Loading config from cache: C:\Users\tl\AppData\Local\Temp\34d2c1cbec8fdaa1db7761a61cc7c1b6.mpf_cache
2026-09-09 17:30:11,644 : INFO : ConfigProcessor : Loading config from cache: C:\Users\tl\AppData\Local\Temp\4065fa59aedcbd523b942a40672a4db1.mpf_cache
2026-09-09 17:30:11,649 : INFO : ConfigProcessor : Loading config from cache: C:\Users\tl\AppData\Local\Temp\911efd7252939128e304c2322100ac37.mpf_cache
2026-09-09 17:30:11,650 : INFO : ConfigProcessor : Loading config from cache: C:\Users\tl\AppData\Local\Temp\95a50568c399a025ef217996526f3494.mpf_cache
2026-09-09 17:30:11,652 : WARNING : ConfigProcessor : Config file in cache changed: C:\Users\tl\Documents\tl-pinball\shows\.\show_consume_active.yaml
2026-09-09 17:30:11,652 : INFO : ConfigProcessor : Loading config from file C:\Users\tl\Documents\tl-pinball\shows\.\show_consume_active.yaml.
2026-09-09 17:30:11,653 : INFO : ConfigProcessor : Loading config: C:\Users\tl\Documents\tl-pinball\shows\.\show_consume_active.yaml
2026-09-09 17:30:11,654 : INFO : ConfigProcessor : Config file cache created: C:\Users\tl\AppData\Local\Temp\1c5eb8218503e51cf536cafa8bd397ee.mpf_cache
2026-09-09 17:30:11,654 : INFO : ConfigProcessor : Loading config from cache: C:\Users\tl\AppData\Local\Temp\5f6f068da8bf69eef400625ea0f44976.mpf_cache
2026-09-09 17:30:11,655 : INFO : ConfigProcessor : Loading config from cache: C:\Users\tl\AppData\Local\Temp\6d756c7e3c24aa2efe72cdb3224f8ea6.mpf_cache
2026-09-09 17:30:11,656 : INFO : ConfigProcessor : Loading config from cache: C:\Users\tl\AppData\Local\Temp\a376fdb2b6d4bb622bb4acdba901a310.mpf_cache
2026-09-09 17:30:11,657 : INFO : ConfigProcessor : Loading config from cache: C:\Users\tl\AppData\Local\Temp\4fa9cf92dccc774be532e383b837572e.mpf_cache
2026-09-09 17:30:11,658 : INFO : ConfigProcessor : Loading config from cache: C:\Users\tl\AppData\Local\Temp\7d6afe43d2cd59003bd26d29f6951346.mpf_cache
2026-09-09 17:30:11,659 : INFO : ConfigProcessor : Loading config from cache: C:\Users\tl\AppData\Local\Temp\3ec53097f46dd8f92da5caf7a9362729.mpf_cache
2026-09-09 17:30:11,665 : INFO : ConfigProcessor : Loading config from cache: C:\Users\tl\AppData\Local\Temp\c36da47bad15180a41187d147cb7917e.mpf_cache
2026-09-09 17:30:11,666 : INFO : ConfigProcessor : Loading config from cache: C:\Users\tl\AppData\Local\Temp\ca9866041621d35ab6358609b63e90d5.mpf_cache
2026-09-09 17:30:11,666 : INFO : ConfigProcessor : Loading config from cache: C:\Users\tl\AppData\Local\Temp\d3b229dc9cb99a8202099f03c2a43090.mpf_cache
2026-09-09 17:30:11,667 : INFO : ConfigProcessor : Loading config from cache: C:\Users\tl\AppData\Local\Temp\81582981e74d3995e366d06d8338d799.mpf_cache
2026-09-09 17:30:11,672 : INFO : ConfigProcessor : Loading config from cache: C:\Users\tl\AppData\Local\Temp\5b34afe52ee194dd00e9309f3b7b7351.mpf_cache
2026-09-09 17:30:11,681 : INFO : ConfigProcessor : Loading config from cache: C:\Users\tl\AppData\Local\Temp\879969db85bf719d2fcb9e04ce9b1f2c.mpf_cache
2026-09-09 17:30:11,689 : INFO : ConfigProcessor : Loading config from cache: C:\Users\tl\AppData\Local\Temp\b4093eb1dd81447678927dbfa4b9c600.mpf_cache
2026-09-09 17:30:11,695 : INFO : ConfigProcessor : Loading config from cache: C:\Users\tl\AppData\Local\Temp\e35a82f552c222d594bf16e07246473c.mpf_cache
2026-09-09 17:30:11,696 : INFO : ConfigProcessor : Loading config from cache: C:\Users\tl\AppData\Local\Temp\a4723462ff8ee54e9440eae8a1a4781c.mpf_cache
2026-09-09 17:30:11,701 : INFO : ConfigProcessor : Loading config from cache: C:\Users\tl\AppData\Local\Temp\33800f163ed2f7721971ef060d638387.mpf_cache
2026-09-09 17:30:11,714 : INFO : ConfigProcessor : Loading config from cache: C:\Users\tl\AppData\Local\Temp\cfac8a12b8c870509d27980bb08852ae.mpf_cache
2026-09-09 17:30:11,720 : INFO : ConfigProcessor : Loading config from cache: C:\Users\tl\AppData\Local\Temp\83c76c71cb0df61411f4c0eb7dea7353.mpf_cache
2026-09-09 17:30:11,723 : INFO : ConfigProcessor : Loading config from cache: C:\Users\tl\AppData\Local\Temp\7db44b334d172168fab831ef3c57ff8b.mpf_cache
2026-09-09 17:30:11,775 : INFO : ConfigProcessor : Loading config from cache: C:\Users\tl\AppData\Local\Temp\0209fa69c7ceb7b65d8e49418413a2d4.mpf_cache
2026-09-09 17:30:11,873 : INFO : ConfigProcessor : Loading config from cache: C:\Users\tl\AppData\Local\Temp\9eec954e3a0a7462dea03c8c17cb64d9.mpf_cache
2026-09-09 17:30:12,000 : INFO : ConfigProcessor : Loading config from cache: C:\Users\tl\AppData\Local\Temp\456118bf1ce6b85e98a4b068670426da.mpf_cache
2026-09-09 17:30:12,075 : INFO : ConfigProcessor : Loading config from cache: C:\Users\tl\AppData\Local\Temp\5d7ea21ac1dbbe8d902c44335cb580f3.mpf_cache
2026-09-09 17:30:12,281 : INFO : ConfigProcessor : Loading config from cache: C:\Users\tl\AppData\Local\Temp\3c338cf0a5e3d861413d7d2f266c3053.mpf_cache
2026-09-09 17:30:12,318 : INFO : ConfigProcessor : Loading config from cache: C:\Users\tl\AppData\Local\Temp\7da579784f035f2b4609b04d18d514d9.mpf_cache
2026-09-09 17:30:12,332 : INFO : ConfigProcessor : Loading config from cache: C:\Users\tl\AppData\Local\Temp\ffa5a16e3925fe77c4aff5ce9d0caddb.mpf_cache
2026-09-09 17:30:12,370 : INFO : ConfigProcessor : Loading config from cache: C:\Users\tl\AppData\Local\Temp\61c3a064e90ef7e33c913189cd37d961.mpf_cache
2026-09-09 17:30:12,371 : INFO : ConfigProcessor : Loading config from cache: C:\Users\tl\AppData\Local\Temp\25a686ef15fa403c62c3e04d82a02e30.mpf_cache
2026-09-09 17:30:12,373 : INFO : ConfigProcessor : Loading config from cache: C:\Users\tl\AppData\Local\Temp\08e4cfee44032ad50b613fdfc1c76afd.mpf_cache
2026-09-09 17:30:12,373 : INFO : ConfigProcessor : Loading config from cache: C:\Users\tl\AppData\Local\Temp\c7ff492dd95ca61c8ae2ca071fa902b1.mpf_cache
2026-09-09 17:30:12,374 : INFO : ConfigProcessor : Loading config from cache: C:\Users\tl\AppData\Local\Temp\8f542fdb27a9c7af6359517ab8d171a1.mpf_cache
2026-09-09 17:30:12,375 : INFO : ConfigProcessor : Loading config from cache: C:\Users\tl\AppData\Local\Temp\c899bce83960d7b8a909fd30af5ba34c.mpf_cache
2026-09-09 17:30:12,375 : INFO : ConfigProcessor : Loading config from cache: C:\Users\tl\AppData\Local\Temp\e3f8c10279e680757f03e6b0889aa739.mpf_cache
2026-09-09 17:30:12,376 : INFO : ConfigProcessor : Loading config from cache: C:\Users\tl\AppData\Local\Temp\ff087817282734556151e8020b1fd49c.mpf_cache
2026-09-09 17:30:12,377 : INFO : ConfigProcessor : Loading config from cache: C:\Users\tl\AppData\Local\Temp\17b17d6e70b510a409968e15bd8ba63c.mpf_cache
2026-09-09 17:30:12,471 : INFO : ConfigProcessor : Loading config from cache: C:\Users\tl\AppData\Local\Temp\7597473749050946854e5e52d7c2d79a.mpf_cache
2026-09-09 17:30:12,487 : INFO : ConfigProcessor : Loading config from cache: C:\Users\tl\AppData\Local\Temp\31f3b89ebad27aaf6ad1cb7b6e8c1ae3.mpf_cache
2026-09-09 17:30:12,488 : INFO : ConfigProcessor : Loading config from cache: C:\Users\tl\AppData\Local\Temp\5bdc262ac811f8916946a10b325faaed.mpf_cache
2026-09-09 17:30:12,591 : INFO : ConfigProcessor : Loading config from cache: C:\Users\tl\AppData\Local\Temp\103bfb4fbd71af36419ab3f548a18d71.mpf_cache
2026-09-09 17:30:12,592 : INFO : ConfigProcessor : Loading config from cache: C:\Users\tl\AppData\Local\Temp\4262986a441bb7754780f112bb0e0c56.mpf_cache
2026-09-09 17:30:12,593 : INFO : ConfigProcessor : Loading config from cache: C:\Users\tl\AppData\Local\Temp\d572a2de143bf480090a737668938cb0.mpf_cache
2026-09-09 17:30:12,594 : INFO : ConfigProcessor : Loading config from cache: C:\Users\tl\AppData\Local\Temp\2e7beac76d3bca457a3a521575ba4ead.mpf_cache
2026-09-09 17:30:12,595 : INFO : ConfigProcessor : Loading config from cache: C:\Users\tl\AppData\Local\Temp\7c0931ffc6b13496fd8fae8b9d1b7a08.mpf_cache
2026-09-09 17:30:12,596 : INFO : ConfigProcessor : Loading config from cache: C:\Users\tl\AppData\Local\Temp\62404ae2e9ee2b95d65f52fccac154f0.mpf_cache
2026-09-09 17:30:12,596 : INFO : ConfigProcessor : Loading config from cache: C:\Users\tl\AppData\Local\Temp\d8c27512a4074d58955a247342afc0f0.mpf_cache
2026-09-09 17:30:12,599 : INFO : ConfigProcessor : Loading config from cache: C:\Users\tl\AppData\Local\Temp\537cd9276618929e3a64b374ceb3437f.mpf_cache
2026-09-09 17:30:12,599 : INFO : ConfigProcessor : Loading config from cache: C:\Users\tl\AppData\Local\Temp\cf29873bc64cfbd46b5a5b4c47c95532.mpf_cache
2026-09-09 17:30:12,600 : INFO : ConfigProcessor : Loading config from cache: C:\Users\tl\AppData\Local\Temp\16182b247314d06896cbae33110acd4c.mpf_cache
2026-09-09 17:30:12,602 : INFO : ConfigProcessor : Loading config from cache: C:\Users\tl\AppData\Local\Temp\13826b94a4b36b65ca4171a1d326006f.mpf_cache
2026-09-09 17:30:12,602 : INFO : ConfigProcessor : Loading config from cache: C:\Users\tl\AppData\Local\Temp\34a4b7622c4ff26b43be2fcb96c6a855.mpf_cache
2026-09-09 17:30:12,603 : INFO : ConfigProcessor : Loading config from cache: C:\Users\tl\AppData\Local\Temp\182821bccfa4b63efd74352fab235702.mpf_cache
2026-09-09 17:30:12,604 : INFO : ConfigProcessor : Loading config from cache: C:\Users\tl\AppData\Local\Temp\2f43cefe34d7c6a44d3f6c5311f84fe9.mpf_cache
2026-09-09 17:30:12,604 : INFO : ConfigProcessor : Loading config from cache: C:\Users\tl\AppData\Local\Temp\dd8dd9f13d87b252e0a8f76fecdc5dbb.mpf_cache
2026-09-09 17:30:12,605 : INFO : ConfigProcessor : Loading config from cache: C:\Users\tl\AppData\Local\Temp\276c1f70d31e70894e5ad36255656804.mpf_cache
2026-09-09 17:30:12,606 : INFO : ConfigProcessor : Loading config from cache: C:\Users\tl\AppData\Local\Temp\0560061596499ba9c1490154fdcef2ca.mpf_cache
2026-09-09 17:30:12,606 : INFO : ConfigProcessor : Loading config from cache: C:\Users\tl\AppData\Local\Temp\c1896ec26ad05d4cb3e6ad50fd8dc123.mpf_cache
2026-09-09 17:30:12,607 : INFO : ConfigProcessor : Loading config from cache: C:\Users\tl\AppData\Local\Temp\9894a77e77ebcad772e6ab40ada6f893.mpf_cache
2026-09-09 17:30:12,607 : INFO : ConfigProcessor : Loading config from cache: C:\Users\tl\AppData\Local\Temp\33a0313dc768edabc6062a57466c6435.mpf_cache
2026-09-09 17:30:12,608 : INFO : ConfigProcessor : Loading config from cache: C:\Users\tl\AppData\Local\Temp\51d1034df3c2d8154cfea3abae2369be.mpf_cache
2026-09-09 17:30:12,608 : INFO : ConfigProcessor : Loading config from cache: C:\Users\tl\AppData\Local\Temp\2904ce8d8b78981642dc8b63141b390e.mpf_cache
2026-09-09 17:30:12,609 : INFO : ConfigProcessor : Loading config from cache: C:\Users\tl\AppData\Local\Temp\de3c199f73b407edda0c6227f08684dc.mpf_cache
2026-09-09 17:30:12,609 : INFO : ConfigProcessor : Loading config from cache: C:\Users\tl\AppData\Local\Temp\5951b01dcffceee156e3aba13b4691bc.mpf_cache
2026-09-09 17:30:12,610 : INFO : ConfigProcessor : Loading config from cache: C:\Users\tl\AppData\Local\Temp\3ef5173c7a910a36727c66b6285f9c3e.mpf_cache
2026-09-09 17:30:12,610 : INFO : ConfigProcessor : Loading config from cache: C:\Users\tl\AppData\Local\Temp\d5aeeb96f0e3024d102ed6eef227158e.mpf_cache
2026-09-09 17:30:12,611 : INFO : ConfigProcessor : Loading config from cache: C:\Users\tl\AppData\Local\Temp\abac16fdcd8444e81c5d354009d45cba.mpf_cache
2026-09-09 17:30:12,612 : INFO : ConfigProcessor : Loading config from cache: C:\Users\tl\AppData\Local\Temp\1671f2a7e01818367d14934820caa625.mpf_cache
2026-09-09 17:30:12,613 : INFO : ConfigProcessor : Loading config from cache: C:\Users\tl\AppData\Local\Temp\f222a647edf3886b9afe02940fb5218b.mpf_cache
2026-09-09 17:30:12,613 : INFO : ConfigProcessor : Loading config from cache: C:\Users\tl\AppData\Local\Temp\413a5c2ee3ba22f15e31e85070bcc3a0.mpf_cache
2026-09-09 17:30:12,615 : INFO : ConfigProcessor : Loading config from cache: C:\Users\tl\AppData\Local\Temp\8441689a8d32c41acf7df12596aea2a1.mpf_cache
2026-09-09 17:30:12,615 : INFO : ConfigProcessor : Loading config from cache: C:\Users\tl\AppData\Local\Temp\5942006365c0ff9dd8daa9b6cf54f7e5.mpf_cache
2026-09-09 17:30:12,616 : INFO : ConfigProcessor : Loading config from cache: C:\Users\tl\AppData\Local\Temp\2856cb3dd9823be7f227bcd3e9e74d9c.mpf_cache
2026-09-09 17:30:12,617 : INFO : ConfigProcessor : Loading config from cache: C:\Users\tl\AppData\Local\Temp\7bc597beac49bd83589c0f432d6df3a7.mpf_cache
2026-09-09 17:30:12,617 : INFO : ConfigProcessor : Loading config from cache: C:\Users\tl\AppData\Local\Temp\68aef743ce387ca4b0917854000ab96f.mpf_cache
2026-09-09 17:30:12,619 : INFO : ConfigProcessor : Loading config from cache: C:\Users\tl\AppData\Local\Temp\d8eab45dc417e5712e341a87d617345c.mpf_cache
2026-09-09 17:30:12,619 : INFO : ConfigProcessor : Loading config from cache: C:\Users\tl\AppData\Local\Temp\469f885a0d482cac3db6f093008cfd24.mpf_cache
2026-09-09 17:30:12,620 : INFO : ConfigProcessor : Loading config from cache: C:\Users\tl\AppData\Local\Temp\a268d193aab3d6536668c32d6da9263e.mpf_cache
2026-09-09 17:30:12,620 : INFO : ConfigProcessor : Loading config from cache: C:\Users\tl\AppData\Local\Temp\0ddc24559d577387e7f3127610d528ac.mpf_cache
2026-09-09 17:30:12,621 : INFO : ConfigProcessor : Loading config from cache: C:\Users\tl\AppData\Local\Temp\a63ea6967061a0c2197fb0bb68311879.mpf_cache
2026-09-09 17:30:12,621 : INFO : ConfigProcessor : Loading config from cache: C:\Users\tl\AppData\Local\Temp\43577826f0443b71968b5102aaf30af3.mpf_cache
2026-09-09 17:30:12,622 : INFO : ConfigProcessor : Loading config from cache: C:\Users\tl\AppData\Local\Temp\9c5a8c407413e80747afdb721a5b060d.mpf_cache
2026-09-09 17:30:12,623 : INFO : ConfigProcessor : Loading config from cache: C:\Users\tl\AppData\Local\Temp\af0cbbf8538bda34a0e26f98cdd5aca7.mpf_cache
2026-09-09 17:30:12,623 : INFO : ConfigProcessor : Loading config from cache: C:\Users\tl\AppData\Local\Temp\ce8d78fec460068c5bebc943ce9b6f30.mpf_cache
2026-09-09 17:30:12,624 : INFO : ConfigProcessor : Loading config from cache: C:\Users\tl\AppData\Local\Temp\31f829499efdcff804ebe1944d19d329.mpf_cache
2026-09-09 17:30:12,625 : INFO : ConfigProcessor : Loading config from cache: C:\Users\tl\AppData\Local\Temp\79045076bfba23d531ff144ac6757de4.mpf_cache
2026-09-09 17:30:12,625 : INFO : ConfigProcessor : Loading config from cache: C:\Users\tl\AppData\Local\Temp\b26d36d0781b7ac0f26418f65421592c.mpf_cache
2026-09-09 17:30:12,626 : INFO : ConfigProcessor : Loading config from cache: C:\Users\tl\AppData\Local\Temp\8b6f457abf3cfdd87417ebce16fa6732.mpf_cache
2026-09-09 17:30:12,626 : INFO : ConfigProcessor : Loading config from cache: C:\Users\tl\AppData\Local\Temp\c59e3da9fa5362a5c24ac789898ceb13.mpf_cache
2026-09-09 17:30:12,627 : INFO : ConfigProcessor : Loading config from cache: C:\Users\tl\AppData\Local\Temp\701f2c032cd9e807d4fb3fa2828f9b37.mpf_cache
2026-09-09 17:30:12,628 : INFO : ConfigProcessor : Loading config from cache: C:\Users\tl\AppData\Local\Temp\c801690053c2da5c09f6d10b42ee9917.mpf_cache
2026-09-09 17:30:12,629 : INFO : ConfigProcessor : Loading config from cache: C:\Users\tl\AppData\Local\Temp\2e335ca9623f971cc8240d357e9bde21.mpf_cache
2026-09-09 17:30:12,629 : INFO : ConfigProcessor : Loading config from cache: C:\Users\tl\AppData\Local\Temp\291432155100441a6a6d1cc35a9827e6.mpf_cache
2026-09-09 17:30:12,630 : INFO : ConfigProcessor : Loading config from cache: C:\Users\tl\AppData\Local\Temp\3a13ce866f38c1bdfd88cdf5d8a37b57.mpf_cache
2026-09-09 17:30:12,631 : INFO : ConfigProcessor : Loading config from cache: C:\Users\tl\AppData\Local\Temp\67766e06be15afe44bf4653d2e0643ac.mpf_cache
2026-09-09 17:30:12,631 : INFO : ConfigProcessor : Loading config from cache: C:\Users\tl\AppData\Local\Temp\4d0875bd28a5b9899fb2c6e9ca5fbaa0.mpf_cache
2026-09-09 17:30:12,632 : INFO : ConfigProcessor : Loading config from cache: C:\Users\tl\AppData\Local\Temp\013b41c20fe074e5f42d4da80ff7d4bd.mpf_cache
2026-09-09 17:30:12,633 : INFO : ConfigProcessor : Loading config from cache: C:\Users\tl\AppData\Local\Temp\c0155b29343fe146f8483b349919ea50.mpf_cache
2026-09-09 17:30:12,634 : INFO : Machine : Mission Pinball Framework Core Engine v0.80.0.dev12
2026-09-09 17:30:12,634 : INFO : Machine : Command line arguments: {'no_load_cache': False, 'create_config_cache': True, 'bcp': True, 'configfile': ['config.yaml'], 'force_assets_load': False, 'platform_integration_test': False, 'jsonlogging': False, 'logfile': 'logs\\2026-09-09-17-30-11-mpf-DESKTOP-HV85DRD.log', 'pause': False, 'production': False, 'text_ui': False, 'loglevel': 15, 'consoleloglevel': 20, 'force_platform': None, 'syslog_address': None, 'full_logfile_path': 'C:\\Users\\tl\\Documents\\tl-pinball\\logs\\2026-09-09-17-30-11-mpf-DESKTOP-HV85DRD.log'}
2026-09-09 17:30:12,634 : INFO : Machine : MPF path: C:\mpf\Lib\site-packages\mpf
2026-09-09 17:30:12,634 : INFO : Machine : Machine path: C:\Users\tl\Documents\tl-pinball
2026-09-09 17:30:12,634 : INFO : Machine : Platform: win32
2026-09-09 17:30:12,634 : INFO : Machine : Python executable location: C:\mpf\Scripts\python.exe
2026-09-09 17:30:12,634 : INFO : Machine : Python version: 3.12.7 (64-bit)
2026-09-09 17:30:12,636 : INFO : Machine : Initializing MPF...
2026-09-09 17:30:12,826 : INFO : FAST [NET] : Trying to connect to COM4 at 921600bps
2026-09-09 17:30:12,832 : INFO : FAST [NET] : Connected to COM4 at 921600bps
2026-09-09 17:30:12,939 : INFO : FAST [NET] : Connected to FP-CPU-2000 with firmware v02.26
2026-09-09 17:30:12,970 : INFO : FAST [NET] : Registered I/O Board 0: Model: FP-I/O-0024, Firmware: 01.10, Switches: 24, Drivers: 8
2026-09-09 17:30:12,986 : INFO : FAST [NET] : Registered I/O Board 1: Model: FP-I/O-1616, Firmware: 01.10, Switches: 16, Drivers: 16
2026-09-09 17:30:13,002 : INFO : FAST [NET] : Registered I/O Board 2: Model: FP-I/O-3208, Firmware: 01.10, Switches: 32, Drivers: 8
2026-09-09 17:30:13,018 : INFO : FAST [NET] : Registered I/O Board 3: Model: FP-I/O-1616, Firmware: 01.10, Switches: 16, Drivers: 16
2026-09-09 17:30:13,020 : INFO : FAST [EXP] : Trying to connect to COM5 at 921600bps
2026-09-09 17:30:13,025 : INFO : FAST [EXP] : Connected to COM5 at 921600bps
2026-09-09 17:30:13,129 : INFO : FAST [EXP] : Verifying hardware for EXP "ledcab" (FP-EXP-2000, @48) with ID string "EXP FP-EXP-2000  0.42", board address 48
2026-09-09 17:30:13,144 : INFO : FAST [EXP] : Verifying hardware for EXP "ledcab" (FP-EXP-2000, @48) with ID string "BRK FP-EXP-2000  0.42", board address 480
2026-09-09 17:30:13,430 : ERROR : asyncio : Exception in callback Util.raise_exceptions(<Task finishe... Interface]')>) at C:\mpf\Lib\site-packages\mpf\core\utility_functions.py:789
handle: <Handle Util.raise_exceptions(<Task finishe... Interface]')>) at C:\mpf\Lib\site-packages\mpf\core\utility_functions.py:789>
Traceback (most recent call last):
  File "C:\Users\tl\AppData\Local\Programs\Python\Python312\Lib\asyncio\events.py", line 88, in _run
    self._context.run(self._callback, *self._args)
  File "C:\mpf\Lib\site-packages\mpf\core\utility_functions.py", line 797, in raise_exceptions
    future.result()
  File "C:\mpf\Lib\site-packages\mpf\platforms\fast\communicators\base.py", line 500, in _socket_reader
    self.parse_incoming_raw_bytes(resp)
  File "C:\mpf\Lib\site-packages\mpf\platforms\fast\communicators\base.py", line 436, in parse_incoming_raw_bytes
    self._dispatch_incoming_msg(msg)
  File "C:\mpf\Lib\site-packages\mpf\platforms\fast\communicators\base.py", line 469, in _dispatch_incoming_msg
    self.message_processors[msg_header](msg[3:])
  File "C:\mpf\Lib\site-packages\mpf\platforms\fast\communicators\net_neuron.py", line 320, in _process_switch_open
    self.machine.switch_controller.process_switch_by_num(state=0,
  File "C:\mpf\Lib\site-packages\mpf\core\switch_controller.py", line 251, in process_switch_by_num
    raise AssertionError("Got early switch change for switch {} to state {}. platform: {}".format(
AssertionError: Got early switch change for switch 32 to state 0. platform: [FAST Platform Interface]
2026-09-09 17:30:13,485 : INFO : Machine : Starting the main run loop with active modes: []
2026-09-09 17:30:13,486 : ERROR : root : 'attract'
Traceback (most recent call last):
  File "C:\mpf\Lib\site-packages\mpf\commands\game.py", line 229, in __init__
    self.machine.run()
  File "C:\mpf\Lib\site-packages\mpf\core\machine.py", line 703, in run
    if not self.modes['attract'] in self.mode_controller.active_modes:
           ~~~~~~~~~~^^^^^^^^^^^
KeyError: 'attract'
